[0.035s] Invoking command in '/home/neorobot/ros2_ws/build/laser_geometry': CMAKE_PREFIX_PATH=${CMAKE_PREFIX_PATH}:/opt/ros/jazzy /usr/bin/cmake --build /home/neorobot/ros2_ws/build/laser_geometry -- -j4 -l4
[0.246s] [ 25%] Built target gtest_main
[0.249s] [ 50%] Built target gtest
[0.250s] [ 50%] Built target ament_cmake_python_copy_laser_geometry
[0.262s] [ 75%] Built target laser_geometry
[0.403s] [100%] Built target projection_test
[0.970s] running egg_info
[1.014s] writing laser_geometry.egg-info/PKG-INFO
[1.015s] writing dependency_links to laser_geometry.egg-info/dependency_links.txt
[1.017s] writing top-level names to laser_geometry.egg-info/top_level.txt
[1.151s] reading manifest file 'laser_geometry.egg-info/SOURCES.txt'
[1.152s] writing manifest file 'laser_geometry.egg-info/SOURCES.txt'
[1.304s] [100%] Built target ament_cmake_python_build_laser_geometry_egg
[1.360s] Invoked command in '/home/neorobot/ros2_ws/build/laser_geometry' returned '0': CMAKE_PREFIX_PATH=${CMAKE_PREFIX_PATH}:/opt/ros/jazzy /usr/bin/cmake --build /home/neorobot/ros2_ws/build/laser_geometry -- -j4 -l4
[1.365s] Invoking command in '/home/neorobot/ros2_ws/build/laser_geometry': CMAKE_PREFIX_PATH=${CMAKE_PREFIX_PATH}:/opt/ros/jazzy /usr/bin/cmake --install /home/neorobot/ros2_ws/build/laser_geometry
[1.409s] -- Install configuration: ""
[1.409s] -- Up-to-date: /home/neorobot/ros2_ws/install/laser_geometry/share/laser_geometry/environment/pythonpath.sh
[1.410s] -- Up-to-date: /home/neorobot/ros2_ws/install/laser_geometry/share/laser_geometry/environment/pythonpath.dsv
[1.411s] -- Up-to-date: /home/neorobot/ros2_ws/install/laser_geometry/lib/python3.12/site-packages/laser_geometry-2.11.2-py3.12.egg-info
[1.411s] -- Installing: /home/neorobot/ros2_ws/install/laser_geometry/lib/python3.12/site-packages/laser_geometry-2.11.2-py3.12.egg-info/SOURCES.txt
[1.411s] -- Installing: /home/neorobot/ros2_ws/install/laser_geometry/lib/python3.12/site-packages/laser_geometry-2.11.2-py3.12.egg-info/PKG-INFO
[1.411s] -- Installing: /home/neorobot/ros2_ws/install/laser_geometry/lib/python3.12/site-packages/laser_geometry-2.11.2-py3.12.egg-info/dependency_links.txt
[1.411s] -- Installing: /home/neorobot/ros2_ws/install/laser_geometry/lib/python3.12/site-packages/laser_geometry-2.11.2-py3.12.egg-info/top_level.txt
[1.411s] -- Up-to-date: /home/neorobot/ros2_ws/install/laser_geometry/lib/python3.12/site-packages/laser_geometry
[1.411s] -- Up-to-date: /home/neorobot/ros2_ws/install/laser_geometry/lib/python3.12/site-packages/laser_geometry/laser_geometry.py
[1.411s] -- Up-to-date: /home/neorobot/ros2_ws/install/laser_geometry/lib/python3.12/site-packages/laser_geometry/__init__.py
[1.511s] Listing '/home/neorobot/ros2_ws/install/laser_geometry/lib/python3.12/site-packages/laser_geometry'...
[1.533s] -- Up-to-date: /home/neorobot/ros2_ws/install/laser_geometry/share/laser_geometry/environment/library_path.sh
[1.534s] -- Up-to-date: /home/neorobot/ros2_ws/install/laser_geometry/share/laser_geometry/environment/library_path.dsv
[1.534s] -- Up-to-date: /home/neorobot/ros2_ws/install/laser_geometry/lib/liblaser_geometry.so
[1.537s] -- Up-to-date: /home/neorobot/ros2_ws/install/laser_geometry/include/laser_geometry
[1.537s] -- Up-to-date: /home/neorobot/ros2_ws/install/laser_geometry/include/laser_geometry/laser_geometry
[1.537s] -- Up-to-date: /home/neorobot/ros2_ws/install/laser_geometry/include/laser_geometry/laser_geometry/laser_geometry.hpp
[1.538s] -- Up-to-date: /home/neorobot/ros2_ws/install/laser_geometry/include/laser_geometry/laser_geometry/visibility_control.hpp
[1.538s] -- Up-to-date: /home/neorobot/ros2_ws/install/laser_geometry/share/ament_index/resource_index/package_run_dependencies/laser_geometry
[1.538s] -- Up-to-date: /home/neorobot/ros2_ws/install/laser_geometry/share/ament_index/resource_index/parent_prefix_path/laser_geometry
[1.538s] -- Up-to-date: /home/neorobot/ros2_ws/install/laser_geometry/share/laser_geometry/environment/ament_prefix_path.sh
[1.538s] -- Up-to-date: /home/neorobot/ros2_ws/install/laser_geometry/share/laser_geometry/environment/ament_prefix_path.dsv
[1.539s] -- Up-to-date: /home/neorobot/ros2_ws/install/laser_geometry/share/laser_geometry/environment/path.sh
[1.539s] -- Up-to-date: /home/neorobot/ros2_ws/install/laser_geometry/share/laser_geometry/environment/path.dsv
[1.539s] -- Up-to-date: /home/neorobot/ros2_ws/install/laser_geometry/share/laser_geometry/local_setup.bash
[1.539s] -- Up-to-date: /home/neorobot/ros2_ws/install/laser_geometry/share/laser_geometry/local_setup.sh
[1.539s] -- Up-to-date: /home/neorobot/ros2_ws/install/laser_geometry/share/laser_geometry/local_setup.zsh
[1.549s] -- Up-to-date: /home/neorobot/ros2_ws/install/laser_geometry/share/laser_geometry/local_setup.dsv
[1.550s] -- Installing: /home/neorobot/ros2_ws/install/laser_geometry/share/laser_geometry/package.dsv
[1.550s] -- Up-to-date: /home/neorobot/ros2_ws/install/laser_geometry/share/ament_index/resource_index/packages/laser_geometry
[1.550s] -- Up-to-date: /home/neorobot/ros2_ws/install/laser_geometry/share/laser_geometry/cmake/laser_geometryExport.cmake
[1.550s] -- Up-to-date: /home/neorobot/ros2_ws/install/laser_geometry/share/laser_geometry/cmake/laser_geometryExport-noconfig.cmake
[1.550s] -- Up-to-date: /home/neorobot/ros2_ws/install/laser_geometry/share/laser_geometry/cmake/ament_cmake_export_include_directories-extras.cmake
[1.551s] -- Up-to-date: /home/neorobot/ros2_ws/install/laser_geometry/share/laser_geometry/cmake/ament_cmake_export_libraries-extras.cmake
[1.551s] -- Up-to-date: /home/neorobot/ros2_ws/install/laser_geometry/share/laser_geometry/cmake/ament_cmake_export_targets-extras.cmake
[1.551s] -- Up-to-date: /home/neorobot/ros2_ws/install/laser_geometry/share/laser_geometry/cmake/ament_cmake_export_dependencies-extras.cmake
[1.551s] -- Up-to-date: /home/neorobot/ros2_ws/install/laser_geometry/share/laser_geometry/cmake/laser_geometryConfig.cmake
[1.551s] -- Up-to-date: /home/neorobot/ros2_ws/install/laser_geometry/share/laser_geometry/cmake/laser_geometryConfig-version.cmake
[1.552s] -- Up-to-date: /home/neorobot/ros2_ws/install/laser_geometry/share/laser_geometry/package.xml
[1.552s] Invoked command in '/home/neorobot/ros2_ws/build/laser_geometry' returned '0': CMAKE_PREFIX_PATH=${CMAKE_PREFIX_PATH}:/opt/ros/jazzy /usr/bin/cmake --install /home/neorobot/ros2_ws/build/laser_geometry
