[0.035s] Invoking command in '/home/neorobot/ros2_ws/build/laser_geometry': CMAKE_PREFIX_PATH=${CMAKE_PREFIX_PATH}:/opt/ros/jazzy /usr/bin/cmake --build /home/neorobot/ros2_ws/build/laser_geometry -- -j4 -l4
[0.218s] [ 25%] Built target gtest
[0.218s] [ 50%] Built target gtest_main
[0.221s] [ 75%] Built target laser_geometry
[0.247s] [ 75%] Built target ament_cmake_python_copy_laser_geometry
[0.365s] [100%] Built target projection_test
[0.814s] running egg_info
[0.846s] writing laser_geometry.egg-info/PKG-INFO
[0.846s] writing dependency_links to laser_geometry.egg-info/dependency_links.txt
[0.846s] writing top-level names to laser_geometry.egg-info/top_level.txt
[0.930s] reading manifest file 'laser_geometry.egg-info/SOURCES.txt'
[0.931s] writing manifest file 'laser_geometry.egg-info/SOURCES.txt'
[1.000s] [100%] Built target ament_cmake_python_build_laser_geometry_egg
[1.022s] Invoked command in '/home/neorobot/ros2_ws/build/laser_geometry' returned '0': CMAKE_PREFIX_PATH=${CMAKE_PREFIX_PATH}:/opt/ros/jazzy /usr/bin/cmake --build /home/neorobot/ros2_ws/build/laser_geometry -- -j4 -l4
[1.024s] Invoking command in '/home/neorobot/ros2_ws/build/laser_geometry': CMAKE_PREFIX_PATH=${CMAKE_PREFIX_PATH}:/opt/ros/jazzy /usr/bin/cmake --install /home/neorobot/ros2_ws/build/laser_geometry
[1.042s] -- Install configuration: ""
[1.042s] -- Up-to-date: /home/neorobot/ros2_ws/install/laser_geometry/share/laser_geometry/environment/pythonpath.sh
[1.042s] -- Up-to-date: /home/neorobot/ros2_ws/install/laser_geometry/share/laser_geometry/environment/pythonpath.dsv
[1.042s] -- Up-to-date: /home/neorobot/ros2_ws/install/laser_geometry/lib/python3.12/site-packages/laser_geometry-2.11.2-py3.12.egg-info
[1.042s] -- Installing: /home/neorobot/ros2_ws/install/laser_geometry/lib/python3.12/site-packages/laser_geometry-2.11.2-py3.12.egg-info/SOURCES.txt
[1.042s] -- Installing: /home/neorobot/ros2_ws/install/laser_geometry/lib/python3.12/site-packages/laser_geometry-2.11.2-py3.12.egg-info/PKG-INFO
[1.042s] -- Installing: /home/neorobot/ros2_ws/install/laser_geometry/lib/python3.12/site-packages/laser_geometry-2.11.2-py3.12.egg-info/dependency_links.txt
[1.043s] -- Installing: /home/neorobot/ros2_ws/install/laser_geometry/lib/python3.12/site-packages/laser_geometry-2.11.2-py3.12.egg-info/top_level.txt
[1.043s] -- Up-to-date: /home/neorobot/ros2_ws/install/laser_geometry/lib/python3.12/site-packages/laser_geometry
[1.043s] -- Up-to-date: /home/neorobot/ros2_ws/install/laser_geometry/lib/python3.12/site-packages/laser_geometry/laser_geometry.py
[1.043s] -- Up-to-date: /home/neorobot/ros2_ws/install/laser_geometry/lib/python3.12/site-packages/laser_geometry/__init__.py
[1.094s] Listing '/home/neorobot/ros2_ws/install/laser_geometry/lib/python3.12/site-packages/laser_geometry'...
[1.106s] -- Up-to-date: /home/neorobot/ros2_ws/install/laser_geometry/share/laser_geometry/environment/library_path.sh
[1.107s] -- Up-to-date: /home/neorobot/ros2_ws/install/laser_geometry/share/laser_geometry/environment/library_path.dsv
[1.107s] -- Up-to-date: /home/neorobot/ros2_ws/install/laser_geometry/lib/liblaser_geometry.so
[1.107s] -- Up-to-date: /home/neorobot/ros2_ws/install/laser_geometry/include/laser_geometry
[1.107s] -- Up-to-date: /home/neorobot/ros2_ws/install/laser_geometry/include/laser_geometry/laser_geometry
[1.107s] -- Up-to-date: /home/neorobot/ros2_ws/install/laser_geometry/include/laser_geometry/laser_geometry/laser_geometry.hpp
[1.107s] -- Up-to-date: /home/neorobot/ros2_ws/install/laser_geometry/include/laser_geometry/laser_geometry/visibility_control.hpp
[1.107s] -- Up-to-date: /home/neorobot/ros2_ws/install/laser_geometry/share/ament_index/resource_index/package_run_dependencies/laser_geometry
[1.108s] -- Up-to-date: /home/neorobot/ros2_ws/install/laser_geometry/share/ament_index/resource_index/parent_prefix_path/laser_geometry
[1.108s] -- Up-to-date: /home/neorobot/ros2_ws/install/laser_geometry/share/laser_geometry/environment/ament_prefix_path.sh
[1.108s] -- Up-to-date: /home/neorobot/ros2_ws/install/laser_geometry/share/laser_geometry/environment/ament_prefix_path.dsv
[1.108s] -- Up-to-date: /home/neorobot/ros2_ws/install/laser_geometry/share/laser_geometry/environment/path.sh
[1.108s] -- Up-to-date: /home/neorobot/ros2_ws/install/laser_geometry/share/laser_geometry/environment/path.dsv
[1.108s] -- Up-to-date: /home/neorobot/ros2_ws/install/laser_geometry/share/laser_geometry/local_setup.bash
[1.108s] -- Up-to-date: /home/neorobot/ros2_ws/install/laser_geometry/share/laser_geometry/local_setup.sh
[1.108s] -- Up-to-date: /home/neorobot/ros2_ws/install/laser_geometry/share/laser_geometry/local_setup.zsh
[1.109s] -- Up-to-date: /home/neorobot/ros2_ws/install/laser_geometry/share/laser_geometry/local_setup.dsv
[1.109s] -- Installing: /home/neorobot/ros2_ws/install/laser_geometry/share/laser_geometry/package.dsv
[1.109s] -- Up-to-date: /home/neorobot/ros2_ws/install/laser_geometry/share/ament_index/resource_index/packages/laser_geometry
[1.109s] -- Up-to-date: /home/neorobot/ros2_ws/install/laser_geometry/share/laser_geometry/cmake/laser_geometryExport.cmake
[1.109s] -- Up-to-date: /home/neorobot/ros2_ws/install/laser_geometry/share/laser_geometry/cmake/laser_geometryExport-noconfig.cmake
[1.109s] -- Up-to-date: /home/neorobot/ros2_ws/install/laser_geometry/share/laser_geometry/cmake/ament_cmake_export_include_directories-extras.cmake
[1.109s] -- Up-to-date: /home/neorobot/ros2_ws/install/laser_geometry/share/laser_geometry/cmake/ament_cmake_export_libraries-extras.cmake
[1.109s] -- Up-to-date: /home/neorobot/ros2_ws/install/laser_geometry/share/laser_geometry/cmake/ament_cmake_export_targets-extras.cmake
[1.109s] -- Up-to-date: /home/neorobot/ros2_ws/install/laser_geometry/share/laser_geometry/cmake/ament_cmake_export_dependencies-extras.cmake
[1.109s] -- Up-to-date: /home/neorobot/ros2_ws/install/laser_geometry/share/laser_geometry/cmake/laser_geometryConfig.cmake
[1.109s] -- Up-to-date: /home/neorobot/ros2_ws/install/laser_geometry/share/laser_geometry/cmake/laser_geometryConfig-version.cmake
[1.110s] -- Up-to-date: /home/neorobot/ros2_ws/install/laser_geometry/share/laser_geometry/package.xml
[1.112s] Invoked command in '/home/neorobot/ros2_ws/build/laser_geometry' returned '0': CMAKE_PREFIX_PATH=${CMAKE_PREFIX_PATH}:/opt/ros/jazzy /usr/bin/cmake --install /home/neorobot/ros2_ws/build/laser_geometry
