[ 50%] [32mBuilding CXX object CMakeFiles/lookahead_controller.dir/src/lookahead_controller.cpp.o[0m
[100%] [32m[1mLinking CXX executable lookahead_controller[0m
[100%] Built target lookahead_controller
-- Install configuration: ""
-- Installing: /home/neorobot/ros2_ws/install/neo_robot_controller/lib/neo_robot_controller/lookahead_controller
-- Set non-toolchain portion of runtime path of "/home/neorobot/ros2_ws/install/neo_robot_controller/lib/neo_robot_controller/lookahead_controller" to ""
-- Up-to-date: /home/neorobot/ros2_ws/install/neo_robot_controller/share/ament_index/resource_index/package_run_dependencies/neo_robot_controller
-- Up-to-date: /home/neorobot/ros2_ws/install/neo_robot_controller/share/ament_index/resource_index/parent_prefix_path/neo_robot_controller
-- Up-to-date: /home/neorobot/ros2_ws/install/neo_robot_controller/share/neo_robot_controller/environment/ament_prefix_path.sh
-- Up-to-date: /home/neorobot/ros2_ws/install/neo_robot_controller/share/neo_robot_controller/environment/ament_prefix_path.dsv
-- Up-to-date: /home/neorobot/ros2_ws/install/neo_robot_controller/share/neo_robot_controller/environment/path.sh
-- Up-to-date: /home/neorobot/ros2_ws/install/neo_robot_controller/share/neo_robot_controller/environment/path.dsv
-- Up-to-date: /home/neorobot/ros2_ws/install/neo_robot_controller/share/neo_robot_controller/local_setup.bash
-- Up-to-date: /home/neorobot/ros2_ws/install/neo_robot_controller/share/neo_robot_controller/local_setup.sh
-- Up-to-date: /home/neorobot/ros2_ws/install/neo_robot_controller/share/neo_robot_controller/local_setup.zsh
-- Up-to-date: /home/neorobot/ros2_ws/install/neo_robot_controller/share/neo_robot_controller/local_setup.dsv
-- Installing: /home/neorobot/ros2_ws/install/neo_robot_controller/share/neo_robot_controller/package.dsv
-- Up-to-date: /home/neorobot/ros2_ws/install/neo_robot_controller/share/ament_index/resource_index/packages/neo_robot_controller
-- Up-to-date: /home/neorobot/ros2_ws/install/neo_robot_controller/share/neo_robot_controller/cmake/neo_robot_controllerConfig.cmake
-- Up-to-date: /home/neorobot/ros2_ws/install/neo_robot_controller/share/neo_robot_controller/cmake/neo_robot_controllerConfig-version.cmake
-- Up-to-date: /home/neorobot/ros2_ws/install/neo_robot_controller/share/neo_robot_controller/package.xml
