[0.112s] Invoking command in '/home/neorobot/ros2_ws/build/neo_robot_safety': CMAKE_PREFIX_PATH=${CMAKE_PREFIX_PATH}:/opt/ros/jazzy /usr/bin/cmake --build /home/neorobot/ros2_ws/build/neo_robot_safety -- -j4 -l4
[0.572s] [ 25%] Built target human_n_obstacle_layer
[0.574s] [ 50%] Built target lidar_human_detect
[0.618s] [ 62%] [32mBuilding CXX object CMakeFiles/lidar_human_leg_detect.dir/src/lidar_human_leg_detect.cpp.o[0m
[0.625s] [ 87%] Built target motion_arbiter
[7.235s] [01m[K/home/neorobot/ros2_ws/src/neo_robot_safety/src/lidar_human_leg_detect.cpp:[m[K In member function ‘[01m[Kstd::pair<float, float> LidarHumanDetect::[01;32m[KgetCenter[m[K(const Cluster&)[m[K’:
[7.235s] [01m[K/home/neorobot/ros2_ws/src/neo_robot_safety/src/lidar_human_leg_detect.cpp:38:5:[m[K [01;36m[Knote: [m[Kparameter passing for argument of type ‘[01m[Kstd::pair<float, float>[m[K’ when C++17 is enabled changed to match C++14 ]8;;https://gcc.gnu.org/gcc-10/changes.html#empty_basein GCC 10.1]8;;
[7.235s]    38 |     [01;36m[K{[m[K
[7.235s]       |     [01;36m[K^[m[K
[12.220s] [01m[K/home/neorobot/ros2_ws/src/neo_robot_safety/src/lidar_human_leg_detect.cpp:[m[K In member function ‘[01m[Kvoid LidarHumanDetect::[01;32m[KpublishMarker[m[K(float, float, float)[m[K’:
[12.220s] [01m[K/home/neorobot/ros2_ws/src/neo_robot_safety/src/lidar_human_leg_detect.cpp:207:10:[m[K [01;35m[Kwarning: [m[Kinfinite recursion detected [[01;35m[K]8;;https://gcc.gnu.org/onlinedocs/gcc/Warning-Options.html#index-Winfinite-recursion-Winfinite-recursion]8;;[m[K]
[12.220s]   207 |     void [01;35m[KpublishMarker[m[K(float x, float y, float confidence)
[12.220s]       |          [01;35m[K^~~~~~~~~~~~~[m[K
[12.220s] [01m[K/home/neorobot/ros2_ws/src/neo_robot_safety/src/lidar_human_leg_detect.cpp:243:22:[m[K [01;36m[Knote: [m[Krecursive call
[12.221s]   243 |         [01;36m[KpublishMarker(0.5, 0.0, 1.0)[m[K;
[12.221s]       |         [01;36m[K~~~~~~~~~~~~~^~~~~~~~~~~~~~~[m[K
[18.844s] [100%] [32m[1mLinking CXX executable lidar_human_leg_detect[0m
[20.464s] [100%] Built target lidar_human_leg_detect
[20.490s] Invoked command in '/home/neorobot/ros2_ws/build/neo_robot_safety' returned '0': CMAKE_PREFIX_PATH=${CMAKE_PREFIX_PATH}:/opt/ros/jazzy /usr/bin/cmake --build /home/neorobot/ros2_ws/build/neo_robot_safety -- -j4 -l4
[20.492s] Invoking command in '/home/neorobot/ros2_ws/build/neo_robot_safety': CMAKE_PREFIX_PATH=${CMAKE_PREFIX_PATH}:/opt/ros/jazzy /usr/bin/cmake --install /home/neorobot/ros2_ws/build/neo_robot_safety
[20.510s] -- Install configuration: ""
[20.510s] -- Up-to-date: /home/neorobot/ros2_ws/install/neo_robot_safety/share/neo_robot_safety/plugin.xml
[20.510s] -- Up-to-date: /home/neorobot/ros2_ws/install/neo_robot_safety/lib/neo_robot_safety/motion_arbiter
[20.511s] -- Installing: /home/neorobot/ros2_ws/install/neo_robot_safety/lib/neo_robot_safety/lidar_human_leg_detect
[20.525s] -- Set non-toolchain portion of runtime path of "/home/neorobot/ros2_ws/install/neo_robot_safety/lib/neo_robot_safety/lidar_human_leg_detect" to ""
[20.525s] -- Up-to-date: /home/neorobot/ros2_ws/install/neo_robot_safety/lib/libhuman_n_obstacle_layer.so
[20.525s] -- Up-to-date: /home/neorobot/ros2_ws/install/neo_robot_safety/share/ament_index/resource_index/package_run_dependencies/neo_robot_safety
[20.525s] -- Up-to-date: /home/neorobot/ros2_ws/install/neo_robot_safety/share/ament_index/resource_index/parent_prefix_path/neo_robot_safety
[20.525s] -- Up-to-date: /home/neorobot/ros2_ws/install/neo_robot_safety/share/neo_robot_safety/environment/ament_prefix_path.sh
[20.526s] -- Up-to-date: /home/neorobot/ros2_ws/install/neo_robot_safety/share/neo_robot_safety/environment/ament_prefix_path.dsv
[20.526s] -- Up-to-date: /home/neorobot/ros2_ws/install/neo_robot_safety/share/neo_robot_safety/environment/path.sh
[20.526s] -- Up-to-date: /home/neorobot/ros2_ws/install/neo_robot_safety/share/neo_robot_safety/environment/path.dsv
[20.526s] -- Up-to-date: /home/neorobot/ros2_ws/install/neo_robot_safety/share/neo_robot_safety/local_setup.bash
[20.528s] -- Up-to-date: /home/neorobot/ros2_ws/install/neo_robot_safety/share/neo_robot_safety/local_setup.sh
[20.528s] -- Up-to-date: /home/neorobot/ros2_ws/install/neo_robot_safety/share/neo_robot_safety/local_setup.zsh
[20.528s] -- Up-to-date: /home/neorobot/ros2_ws/install/neo_robot_safety/share/neo_robot_safety/local_setup.dsv
[20.528s] -- Installing: /home/neorobot/ros2_ws/install/neo_robot_safety/share/neo_robot_safety/package.dsv
[20.528s] -- Up-to-date: /home/neorobot/ros2_ws/install/neo_robot_safety/share/ament_index/resource_index/packages/neo_robot_safety
[20.528s] -- Up-to-date: /home/neorobot/ros2_ws/install/neo_robot_safety/share/ament_index/resource_index/nav2_costmap_2d__pluginlib__plugin/neo_robot_safety
[20.528s] -- Up-to-date: /home/neorobot/ros2_ws/install/neo_robot_safety/share/neo_robot_safety/cmake/neo_robot_safetyConfig.cmake
[20.529s] -- Up-to-date: /home/neorobot/ros2_ws/install/neo_robot_safety/share/neo_robot_safety/cmake/neo_robot_safetyConfig-version.cmake
[20.529s] -- Up-to-date: /home/neorobot/ros2_ws/install/neo_robot_safety/share/neo_robot_safety/package.xml
[20.531s] Invoked command in '/home/neorobot/ros2_ws/build/neo_robot_safety' returned '0': CMAKE_PREFIX_PATH=${CMAKE_PREFIX_PATH}:/opt/ros/jazzy /usr/bin/cmake --install /home/neorobot/ros2_ws/build/neo_robot_safety
