[0.056s] Invoking command in '/home/neorobot/ros2_ws/build/neorobot_bringup': CMAKE_PREFIX_PATH=${CMAKE_PREFIX_PATH}:/opt/ros/jazzy /usr/bin/cmake --build /home/neorobot/ros2_ws/build/neorobot_bringup -- -j4 -l4
[0.205s] Invoked command in '/home/neorobot/ros2_ws/build/neorobot_bringup' returned '0': CMAKE_PREFIX_PATH=${CMAKE_PREFIX_PATH}:/opt/ros/jazzy /usr/bin/cmake --build /home/neorobot/ros2_ws/build/neorobot_bringup -- -j4 -l4
[0.206s] Invoking command in '/home/neorobot/ros2_ws/build/neorobot_bringup': CMAKE_PREFIX_PATH=${CMAKE_PREFIX_PATH}:/opt/ros/jazzy /usr/bin/cmake --install /home/neorobot/ros2_ws/build/neorobot_bringup
[0.228s] -- Install configuration: ""
[0.229s] -- Up-to-date: /home/neorobot/ros2_ws/install/neorobot_bringup/share/ament_index/resource_index/package_run_dependencies/neorobot_bringup
[0.229s] -- Up-to-date: /home/neorobot/ros2_ws/install/neorobot_bringup/share/ament_index/resource_index/parent_prefix_path/neorobot_bringup
[0.229s] -- Up-to-date: /home/neorobot/ros2_ws/install/neorobot_bringup/share/neorobot_bringup/environment/ament_prefix_path.sh
[0.234s] -- Up-to-date: /home/neorobot/ros2_ws/install/neorobot_bringup/share/neorobot_bringup/environment/ament_prefix_path.dsv
[0.234s] -- Up-to-date: /home/neorobot/ros2_ws/install/neorobot_bringup/share/neorobot_bringup/environment/path.sh
[0.234s] -- Up-to-date: /home/neorobot/ros2_ws/install/neorobot_bringup/share/neorobot_bringup/environment/path.dsv
[0.235s] -- Up-to-date: /home/neorobot/ros2_ws/install/neorobot_bringup/share/neorobot_bringup/local_setup.bash
[0.235s] -- Up-to-date: /home/neorobot/ros2_ws/install/neorobot_bringup/share/neorobot_bringup/local_setup.sh
[0.235s] -- Up-to-date: /home/neorobot/ros2_ws/install/neorobot_bringup/share/neorobot_bringup/local_setup.zsh
[0.238s] -- Up-to-date: /home/neorobot/ros2_ws/install/neorobot_bringup/share/neorobot_bringup/local_setup.dsv
[0.238s] -- Installing: /home/neorobot/ros2_ws/install/neorobot_bringup/share/neorobot_bringup/package.dsv
[0.238s] -- Up-to-date: /home/neorobot/ros2_ws/install/neorobot_bringup/share/ament_index/resource_index/packages/neorobot_bringup
[0.238s] -- Up-to-date: /home/neorobot/ros2_ws/install/neorobot_bringup/share/neorobot_bringup/cmake/neorobot_bringupConfig.cmake
[0.238s] -- Up-to-date: /home/neorobot/ros2_ws/install/neorobot_bringup/share/neorobot_bringup/cmake/neorobot_bringupConfig-version.cmake
[0.239s] -- Up-to-date: /home/neorobot/ros2_ws/install/neorobot_bringup/share/neorobot_bringup/package.xml
[0.241s] -- Up-to-date: /home/neorobot/ros2_ws/install/neorobot_bringup/share/neorobot_bringup/launch
[0.241s] -- Up-to-date: /home/neorobot/ros2_ws/install/neorobot_bringup/share/neorobot_bringup/launch/old_lookahead_nav2.launch.py
[0.241s] -- Up-to-date: /home/neorobot/ros2_ws/install/neorobot_bringup/share/neorobot_bringup/launch/lookahead_nav2.launch.py
[0.241s] -- Up-to-date: /home/neorobot/ros2_ws/install/neorobot_bringup/share/neorobot_bringup/launch/nav2_neo_launch.py
[0.241s] -- Installing: /home/neorobot/ros2_ws/install/neorobot_bringup/share/neorobot_bringup/launch/bringup.launch.py
[0.241s] -- Up-to-date: /home/neorobot/ros2_ws/install/neorobot_bringup/share/neorobot_bringup/config
[0.242s] -- Up-to-date: /home/neorobot/ros2_ws/install/neorobot_bringup/share/neorobot_bringup/config/nav2.yaml
[0.242s] -- Up-to-date: /home/neorobot/ros2_ws/install/neorobot_bringup/share/neorobot_bringup/maps
[0.242s] -- Up-to-date: /home/neorobot/ros2_ws/install/neorobot_bringup/share/neorobot_bringup/maps/my_map_new.yaml
[0.242s] -- Up-to-date: /home/neorobot/ros2_ws/install/neorobot_bringup/share/neorobot_bringup/maps/my_map_new.pgm
[0.242s] -- Up-to-date: /home/neorobot/ros2_ws/install/neorobot_bringup/share/neorobot_bringup/maps/my_map_gimp.yaml
[0.242s] -- Up-to-date: /home/neorobot/ros2_ws/install/neorobot_bringup/share/neorobot_bringup/maps/empty_map.yaml
[0.242s] -- Up-to-date: /home/neorobot/ros2_ws/install/neorobot_bringup/share/neorobot_bringup/maps/empty_map.pgm
[0.242s] -- Up-to-date: /home/neorobot/ros2_ws/install/neorobot_bringup/share/neorobot_bringup/maps/my_map_gimp.pgm
[0.249s] Invoked command in '/home/neorobot/ros2_ws/build/neorobot_bringup' returned '0': CMAKE_PREFIX_PATH=${CMAKE_PREFIX_PATH}:/opt/ros/jazzy /usr/bin/cmake --install /home/neorobot/ros2_ws/build/neorobot_bringup
