[0.029s] Invoking command in '/home/neorobot/ros2_ws/build/ydlidar_ros2_driver': CMAKE_PREFIX_PATH=${CMAKE_PREFIX_PATH}:/opt/ros/jazzy /usr/bin/cmake --build /home/neorobot/ros2_ws/build/ydlidar_ros2_driver -- -j4 -l4
[0.262s] [ 50%] Built target ydlidar_ros2_driver_client
[0.288s] [100%] Built target ydlidar_ros2_driver_node
[0.336s] Invoked command in '/home/neorobot/ros2_ws/build/ydlidar_ros2_driver' returned '0': CMAKE_PREFIX_PATH=${CMAKE_PREFIX_PATH}:/opt/ros/jazzy /usr/bin/cmake --build /home/neorobot/ros2_ws/build/ydlidar_ros2_driver -- -j4 -l4
[0.337s] Invoking command in '/home/neorobot/ros2_ws/build/ydlidar_ros2_driver': CMAKE_PREFIX_PATH=${CMAKE_PREFIX_PATH}:/opt/ros/jazzy /usr/bin/cmake --install /home/neorobot/ros2_ws/build/ydlidar_ros2_driver
[0.361s] -- Install configuration: ""
[0.361s] -- Up-to-date: /home/neorobot/ros2_ws/install/ydlidar_ros2_driver/lib/ydlidar_ros2_driver/ydlidar_ros2_driver_node
[0.362s] -- Up-to-date: /home/neorobot/ros2_ws/install/ydlidar_ros2_driver/lib/ydlidar_ros2_driver/ydlidar_ros2_driver_client
[0.362s] -- Up-to-date: /home/neorobot/ros2_ws/install/ydlidar_ros2_driver/share/ydlidar_ros2_driver/launch
[0.366s] -- Up-to-date: /home/neorobot/ros2_ws/install/ydlidar_ros2_driver/share/ydlidar_ros2_driver/launch/ydlidar_launch_view.py
[0.366s] -- Up-to-date: /home/neorobot/ros2_ws/install/ydlidar_ros2_driver/share/ydlidar_ros2_driver/launch/ydlidar.py
[0.366s] -- Up-to-date: /home/neorobot/ros2_ws/install/ydlidar_ros2_driver/share/ydlidar_ros2_driver/launch/ydlidar_launch.py
[0.366s] -- Up-to-date: /home/neorobot/ros2_ws/install/ydlidar_ros2_driver/share/ydlidar_ros2_driver/launch/ydlidar_launch_org.py
[0.366s] -- Up-to-date: /home/neorobot/ros2_ws/install/ydlidar_ros2_driver/share/ydlidar_ros2_driver/params
[0.367s] -- Up-to-date: /home/neorobot/ros2_ws/install/ydlidar_ros2_driver/share/ydlidar_ros2_driver/params/ydlidar.yaml
[0.367s] -- Up-to-date: /home/neorobot/ros2_ws/install/ydlidar_ros2_driver/share/ydlidar_ros2_driver/startup
[0.367s] -- Up-to-date: /home/neorobot/ros2_ws/install/ydlidar_ros2_driver/share/ydlidar_ros2_driver/startup/initenv.sh
[0.367s] -- Up-to-date: /home/neorobot/ros2_ws/install/ydlidar_ros2_driver/share/ydlidar_ros2_driver/config
[0.367s] -- Up-to-date: /home/neorobot/ros2_ws/install/ydlidar_ros2_driver/share/ydlidar_ros2_driver/config/ydlidar.rviz
[0.367s] -- Up-to-date: /home/neorobot/ros2_ws/install/ydlidar_ros2_driver/share/ament_index/resource_index/package_run_dependencies/ydlidar_ros2_driver
[0.367s] -- Up-to-date: /home/neorobot/ros2_ws/install/ydlidar_ros2_driver/share/ament_index/resource_index/parent_prefix_path/ydlidar_ros2_driver
[0.367s] -- Up-to-date: /home/neorobot/ros2_ws/install/ydlidar_ros2_driver/share/ydlidar_ros2_driver/environment/ament_prefix_path.sh
[0.371s] -- Up-to-date: /home/neorobot/ros2_ws/install/ydlidar_ros2_driver/share/ydlidar_ros2_driver/environment/ament_prefix_path.dsv
[0.371s] -- Up-to-date: /home/neorobot/ros2_ws/install/ydlidar_ros2_driver/share/ydlidar_ros2_driver/environment/path.sh
[0.371s] -- Up-to-date: /home/neorobot/ros2_ws/install/ydlidar_ros2_driver/share/ydlidar_ros2_driver/environment/path.dsv
[0.383s] -- Up-to-date: /home/neorobot/ros2_ws/install/ydlidar_ros2_driver/share/ydlidar_ros2_driver/local_setup.bash
[0.383s] -- Up-to-date: /home/neorobot/ros2_ws/install/ydlidar_ros2_driver/share/ydlidar_ros2_driver/local_setup.sh
[0.383s] -- Up-to-date: /home/neorobot/ros2_ws/install/ydlidar_ros2_driver/share/ydlidar_ros2_driver/local_setup.zsh
[0.383s] -- Up-to-date: /home/neorobot/ros2_ws/install/ydlidar_ros2_driver/share/ydlidar_ros2_driver/local_setup.dsv
[0.383s] -- Installing: /home/neorobot/ros2_ws/install/ydlidar_ros2_driver/share/ydlidar_ros2_driver/package.dsv
[0.384s] -- Up-to-date: /home/neorobot/ros2_ws/install/ydlidar_ros2_driver/share/ament_index/resource_index/packages/ydlidar_ros2_driver
[0.384s] -- Up-to-date: /home/neorobot/ros2_ws/install/ydlidar_ros2_driver/share/ydlidar_ros2_driver/cmake/ydlidar_ros2_driverConfig.cmake
[0.384s] -- Up-to-date: /home/neorobot/ros2_ws/install/ydlidar_ros2_driver/share/ydlidar_ros2_driver/cmake/ydlidar_ros2_driverConfig-version.cmake
[0.384s] -- Up-to-date: /home/neorobot/ros2_ws/install/ydlidar_ros2_driver/share/ydlidar_ros2_driver/package.xml
[0.384s] Invoked command in '/home/neorobot/ros2_ws/build/ydlidar_ros2_driver' returned '0': CMAKE_PREFIX_PATH=${CMAKE_PREFIX_PATH}:/opt/ros/jazzy /usr/bin/cmake --install /home/neorobot/ros2_ws/build/ydlidar_ros2_driver
