[0.104s] Invoking command in '/home/neorobot/ros2_ws/build/neo_robot_safety': CMAKE_PREFIX_PATH=${CMAKE_PREFIX_PATH}:/opt/ros/jazzy /usr/bin/cmake --build /home/neorobot/ros2_ws/build/neo_robot_safety -- -j4 -l4
[0.376s] [ 25%] Built target motion_arbiter
[0.401s] [ 50%] Built target lidar_human_detect
[0.411s] [ 75%] Built target human_n_obstacle_layer
[0.422s] [ 87%] [32mBuilding CXX object CMakeFiles/lidar_human_leg_detect.dir/src/lidar_human_leg_detect.cpp.o[0m
[4.757s] [01m[K/home/neorobot/ros2_ws/src/neo_robot_safety/src/lidar_human_leg_detect.cpp:[m[K In member function ‘[01m[Kstd::pair<float, float> LidarHumanDetect::[01;32m[KgetCenter[m[K(const Cluster&)[m[K’:
[4.757s] [01m[K/home/neorobot/ros2_ws/src/neo_robot_safety/src/lidar_human_leg_detect.cpp:38:5:[m[K [01;36m[Knote: [m[Kparameter passing for argument of type ‘[01m[Kstd::pair<float, float>[m[K’ when C++17 is enabled changed to match C++14 ]8;;https://gcc.gnu.org/gcc-10/changes.html#empty_basein GCC 10.1]8;;
[4.757s]    38 |     [01;36m[K{[m[K
[4.757s]       |     [01;36m[K^[m[K
[4.771s] [01m[K/home/neorobot/ros2_ws/src/neo_robot_safety/src/lidar_human_leg_detect.cpp:[m[K In member function ‘[01m[Kvoid LidarHumanDetect::[01;32m[KpublishMarker[m[K(float, float, float)[m[K’:
[4.771s] [01m[K/home/neorobot/ros2_ws/src/neo_robot_safety/src/lidar_human_leg_detect.cpp:223:48:[m[K [01;35m[Kwarning: [m[Kunused parameter ‘[01m[Kconfidence[m[K’ [[01;35m[K]8;;https://gcc.gnu.org/onlinedocs/gcc/Warning-Options.html#index-Wunused-parameter-Wunused-parameter]8;;[m[K]
[4.771s]   223 |     void publishMarker(float x, float y, [01;35m[Kfloat confidence[m[K)
[4.771s]       |                                          [01;35m[K~~~~~~^~~~~~~~~~[m[K
[14.413s] [100%] [32m[1mLinking CXX executable lidar_human_leg_detect[0m
[15.697s] [100%] Built target lidar_human_leg_detect
[15.721s] Invoked command in '/home/neorobot/ros2_ws/build/neo_robot_safety' returned '0': CMAKE_PREFIX_PATH=${CMAKE_PREFIX_PATH}:/opt/ros/jazzy /usr/bin/cmake --build /home/neorobot/ros2_ws/build/neo_robot_safety -- -j4 -l4
[15.723s] Invoking command in '/home/neorobot/ros2_ws/build/neo_robot_safety': CMAKE_PREFIX_PATH=${CMAKE_PREFIX_PATH}:/opt/ros/jazzy /usr/bin/cmake --install /home/neorobot/ros2_ws/build/neo_robot_safety
[15.740s] -- Install configuration: ""
[15.740s] -- Up-to-date: /home/neorobot/ros2_ws/install/neo_robot_safety/share/neo_robot_safety/plugin.xml
[15.740s] -- Up-to-date: /home/neorobot/ros2_ws/install/neo_robot_safety/lib/neo_robot_safety/motion_arbiter
[15.741s] -- Installing: /home/neorobot/ros2_ws/install/neo_robot_safety/lib/neo_robot_safety/lidar_human_leg_detect
[15.755s] -- Set non-toolchain portion of runtime path of "/home/neorobot/ros2_ws/install/neo_robot_safety/lib/neo_robot_safety/lidar_human_leg_detect" to ""
[15.755s] -- Up-to-date: /home/neorobot/ros2_ws/install/neo_robot_safety/lib/libhuman_n_obstacle_layer.so
[15.755s] -- Up-to-date: /home/neorobot/ros2_ws/install/neo_robot_safety/share/ament_index/resource_index/package_run_dependencies/neo_robot_safety
[15.755s] -- Up-to-date: /home/neorobot/ros2_ws/install/neo_robot_safety/share/ament_index/resource_index/parent_prefix_path/neo_robot_safety
[15.755s] -- Up-to-date: /home/neorobot/ros2_ws/install/neo_robot_safety/share/neo_robot_safety/environment/ament_prefix_path.sh
[15.756s] -- Up-to-date: /home/neorobot/ros2_ws/install/neo_robot_safety/share/neo_robot_safety/environment/ament_prefix_path.dsv
[15.756s] -- Up-to-date: /home/neorobot/ros2_ws/install/neo_robot_safety/share/neo_robot_safety/environment/path.sh
[15.756s] -- Up-to-date: /home/neorobot/ros2_ws/install/neo_robot_safety/share/neo_robot_safety/environment/path.dsv
[15.756s] -- Up-to-date: /home/neorobot/ros2_ws/install/neo_robot_safety/share/neo_robot_safety/local_setup.bash
[15.756s] -- Up-to-date: /home/neorobot/ros2_ws/install/neo_robot_safety/share/neo_robot_safety/local_setup.sh
[15.756s] -- Up-to-date: /home/neorobot/ros2_ws/install/neo_robot_safety/share/neo_robot_safety/local_setup.zsh
[15.756s] -- Up-to-date: /home/neorobot/ros2_ws/install/neo_robot_safety/share/neo_robot_safety/local_setup.dsv
[15.756s] -- Installing: /home/neorobot/ros2_ws/install/neo_robot_safety/share/neo_robot_safety/package.dsv
[15.756s] -- Up-to-date: /home/neorobot/ros2_ws/install/neo_robot_safety/share/ament_index/resource_index/packages/neo_robot_safety
[15.756s] -- Up-to-date: /home/neorobot/ros2_ws/install/neo_robot_safety/share/ament_index/resource_index/nav2_costmap_2d__pluginlib__plugin/neo_robot_safety
[15.757s] -- Up-to-date: /home/neorobot/ros2_ws/install/neo_robot_safety/share/neo_robot_safety/cmake/neo_robot_safetyConfig.cmake
[15.757s] -- Up-to-date: /home/neorobot/ros2_ws/install/neo_robot_safety/share/neo_robot_safety/cmake/neo_robot_safetyConfig-version.cmake
[15.757s] -- Up-to-date: /home/neorobot/ros2_ws/install/neo_robot_safety/share/neo_robot_safety/package.xml
[15.760s] Invoked command in '/home/neorobot/ros2_ws/build/neo_robot_safety' returned '0': CMAKE_PREFIX_PATH=${CMAKE_PREFIX_PATH}:/opt/ros/jazzy /usr/bin/cmake --install /home/neorobot/ros2_ws/build/neo_robot_safety
