[0.034s] Invoking command in '/home/neorobot/ros2_ws/build/cam_vision_control': CMAKE_PREFIX_PATH=${CMAKE_PREFIX_PATH}:/opt/ros/jazzy /usr/bin/cmake /home/neorobot/ros2_ws/src/cam_vision_control -DCMAKE_INSTALL_PREFIX=/home/neorobot/ros2_ws/install/cam_vision_control
[0.243s] -- The C compiler identification is GNU 13.3.0
[0.428s] -- The CXX compiler identification is GNU 13.3.0
[0.480s] -- Detecting C compiler ABI info
[0.783s] -- Detecting C compiler ABI info - done
[0.813s] -- Check for working C compiler: /usr/bin/cc - skipped
[0.815s] -- Detecting C compile features
[0.817s] -- Detecting C compile features - done
[0.885s] -- Detecting CXX compiler ABI info
[1.320s] -- Detecting CXX compiler ABI info - done
[1.358s] -- Check for working CXX compiler: /usr/bin/c++ - skipped
[1.358s] -- Detecting CXX compile features
[1.364s] -- Detecting CXX compile features - done
[1.374s] -- Found ament_cmake: 2.5.5 (/opt/ros/jazzy/share/ament_cmake/cmake)
[1.860s] -- Found Python3: /usr/bin/python3 (found version "3.12.3") found components: Interpreter 
[2.200s] -- Found rclcpp: 28.1.16 (/opt/ros/jazzy/share/rclcpp/cmake)
[2.294s] -- Found rosidl_generator_c: 4.6.7 (/opt/ros/jazzy/share/rosidl_generator_c/cmake)
[2.401s] -- Found rosidl_generator_cpp: 4.6.7 (/opt/ros/jazzy/share/rosidl_generator_cpp/cmake)
[2.456s] -- Using all available rosidl_typesupport_c: rosidl_typesupport_fastrtps_c;rosidl_typesupport_introspection_c
[2.493s] -- Using all available rosidl_typesupport_cpp: rosidl_typesupport_fastrtps_cpp;rosidl_typesupport_introspection_cpp
[2.658s] -- Found rmw_implementation_cmake: 7.3.3 (/opt/ros/jazzy/share/rmw_implementation_cmake/cmake)
[2.666s] -- Found rmw_cyclonedds_cpp: 2.2.3 (/opt/ros/jazzy/share/rmw_cyclonedds_cpp/cmake)
[2.746s] -- Using RMW implementation 'rmw_cyclonedds_cpp' as default
[2.877s] -- Found sensor_msgs: 5.3.6 (/opt/ros/jazzy/share/sensor_msgs/cmake)
[2.987s] -- Found cv_bridge: 4.1.0 (/opt/ros/jazzy/share/cv_bridge/cmake)
[3.017s] -- Found OpenCV: /usr (found version "4.6.0") 
[3.023s] -- Found ament_lint_auto: 0.17.4 (/opt/ros/jazzy/share/ament_lint_auto/cmake)
[3.327s] -- Added test 'cppcheck' to perform static code analysis on C / C++ code
[3.328s] -- Configured cppcheck include dirs: 
[3.328s] -- Configured cppcheck exclude dirs and/or files: 
[3.332s] -- Added test 'lint_cmake' to check CMake code style
[3.332s] -- Added test 'uncrustify' to check C / C++ code style
[3.332s] -- Configured uncrustify additional arguments: 
[3.333s] -- Added test 'xmllint' to check XML markup files
[3.342s] -- Configuring done (3.3s)
[3.392s] -- Generating done (0.0s)
[3.408s] -- Build files have been written to: /home/neorobot/ros2_ws/build/cam_vision_control
[3.434s] Invoked command in '/home/neorobot/ros2_ws/build/cam_vision_control' returned '0': CMAKE_PREFIX_PATH=${CMAKE_PREFIX_PATH}:/opt/ros/jazzy /usr/bin/cmake /home/neorobot/ros2_ws/src/cam_vision_control -DCMAKE_INSTALL_PREFIX=/home/neorobot/ros2_ws/install/cam_vision_control
[3.437s] Invoking command in '/home/neorobot/ros2_ws/build/cam_vision_control': CMAKE_PREFIX_PATH=${CMAKE_PREFIX_PATH}:/opt/ros/jazzy /usr/bin/cmake --build /home/neorobot/ros2_ws/build/cam_vision_control -- -j4 -l4
[3.598s] [ 50%] [32mBuilding CXX object CMakeFiles/wall_follow.dir/src/wall_follow.cpp.o[0m
[391.467s] gmake[2]: *** [CMakeFiles/wall_follow.dir/build.make:76: CMakeFiles/wall_follow.dir/src/wall_follow.cpp.o] Interrupt
[391.468s] gmake[1]: *** [CMakeFiles/Makefile2:137: CMakeFiles/wall_follow.dir/all] Interrupt
[391.468s] gmake: *** [Makefile:146: all] Interrupt
