[0.076s] Invoking command in '/home/neorobot/ros2_ws/build/neo_robot_safety': CMAKE_PREFIX_PATH=${CMAKE_PREFIX_PATH}:/opt/ros/jazzy /usr/bin/cmake --build /home/neorobot/ros2_ws/build/neo_robot_safety -- -j4 -l4
[0.153s] -- Found ament_cmake: 2.5.5 (/opt/ros/jazzy/share/ament_cmake/cmake)
[0.760s] -- Found rclcpp: 28.1.16 (/opt/ros/jazzy/share/rclcpp/cmake)
[0.819s] -- Found rosidl_generator_c: 4.6.7 (/opt/ros/jazzy/share/rosidl_generator_c/cmake)
[0.835s] -- Found rosidl_generator_cpp: 4.6.7 (/opt/ros/jazzy/share/rosidl_generator_cpp/cmake)
[0.856s] -- Using all available rosidl_typesupport_c: rosidl_typesupport_fastrtps_c;rosidl_typesupport_introspection_c
[0.882s] -- Using all available rosidl_typesupport_cpp: rosidl_typesupport_fastrtps_cpp;rosidl_typesupport_introspection_cpp
[1.003s] -- Found rmw_implementation_cmake: 7.3.3 (/opt/ros/jazzy/share/rmw_implementation_cmake/cmake)
[1.007s] -- Found rmw_cyclonedds_cpp: 2.2.3 (/opt/ros/jazzy/share/rmw_cyclonedds_cpp/cmake)
[1.048s] -- Using RMW implementation 'rmw_cyclonedds_cpp' as default
[1.131s] -- Found geometry_msgs: 5.3.6 (/opt/ros/jazzy/share/geometry_msgs/cmake)
[1.177s] -- Found sensor_msgs: 5.3.6 (/opt/ros/jazzy/share/sensor_msgs/cmake)
[1.208s] -- Found rclcpp_action: 28.1.16 (/opt/ros/jazzy/share/rclcpp_action/cmake)
[1.260s] -- Found nav2_msgs: 1.3.10 (/opt/ros/jazzy/share/nav2_msgs/cmake)
[1.411s] -- Found pluginlib: 5.4.4 (/opt/ros/jazzy/share/pluginlib/cmake)
[1.417s] -- Found TinyXML2 via Config file: /usr/lib/aarch64-linux-gnu/cmake/tinyxml2
[1.419s] -- Found nav2_costmap_2d: 1.3.10 (/opt/ros/jazzy/share/nav2_costmap_2d/cmake)
[1.578s] -- Found eigen3_cmake_module: 0.3.0 (/opt/ros/jazzy/share/eigen3_cmake_module/cmake)
[1.580s] -- Ensuring Eigen3 include directory is part of orocos-kdl CMake target
[1.925s] -- Configuring done (1.8s)
[1.987s] -- Generating done (0.0s)
[2.007s] -- Build files have been written to: /home/neorobot/ros2_ws/build/neo_robot_safety
[2.117s] [ 12%] [32m[1mLinking CXX executable lidar_human_leg_tracker[0m
[2.121s] [ 37%] Built target motion_arbiter
[2.122s] [ 50%] [32m[1mLinking CXX executable lidar_human_detect[0m
[2.127s] [ 75%] Built target human_n_obstacle_layer
[4.214s] [ 87%] Built target lidar_human_leg_tracker
[4.885s] [100%] Built target lidar_human_detect
[4.910s] Invoked command in '/home/neorobot/ros2_ws/build/neo_robot_safety' returned '0': CMAKE_PREFIX_PATH=${CMAKE_PREFIX_PATH}:/opt/ros/jazzy /usr/bin/cmake --build /home/neorobot/ros2_ws/build/neo_robot_safety -- -j4 -l4
[4.913s] Invoking command in '/home/neorobot/ros2_ws/build/neo_robot_safety': CMAKE_PREFIX_PATH=${CMAKE_PREFIX_PATH}:/opt/ros/jazzy /usr/bin/cmake --install /home/neorobot/ros2_ws/build/neo_robot_safety
[4.930s] -- Install configuration: ""
[4.930s] -- Up-to-date: /home/neorobot/ros2_ws/install/neo_robot_safety/share/neo_robot_safety/plugin.xml
[4.931s] -- Up-to-date: /home/neorobot/ros2_ws/install/neo_robot_safety/lib/neo_robot_safety/motion_arbiter
[4.931s] -- Installing: /home/neorobot/ros2_ws/install/neo_robot_safety/lib/neo_robot_safety/lidar_human_leg_tracker
[4.944s] -- Set non-toolchain portion of runtime path of "/home/neorobot/ros2_ws/install/neo_robot_safety/lib/neo_robot_safety/lidar_human_leg_tracker" to ""
[4.944s] -- Up-to-date: /home/neorobot/ros2_ws/install/neo_robot_safety/lib/libhuman_n_obstacle_layer.so
[4.944s] -- Up-to-date: /home/neorobot/ros2_ws/install/neo_robot_safety/share/ament_index/resource_index/package_run_dependencies/neo_robot_safety
[4.945s] -- Up-to-date: /home/neorobot/ros2_ws/install/neo_robot_safety/share/ament_index/resource_index/parent_prefix_path/neo_robot_safety
[4.945s] -- Up-to-date: /home/neorobot/ros2_ws/install/neo_robot_safety/share/neo_robot_safety/environment/ament_prefix_path.sh
[4.945s] -- Up-to-date: /home/neorobot/ros2_ws/install/neo_robot_safety/share/neo_robot_safety/environment/ament_prefix_path.dsv
[4.945s] -- Up-to-date: /home/neorobot/ros2_ws/install/neo_robot_safety/share/neo_robot_safety/environment/path.sh
[4.945s] -- Up-to-date: /home/neorobot/ros2_ws/install/neo_robot_safety/share/neo_robot_safety/environment/path.dsv
[4.945s] -- Up-to-date: /home/neorobot/ros2_ws/install/neo_robot_safety/share/neo_robot_safety/local_setup.bash
[4.945s] -- Up-to-date: /home/neorobot/ros2_ws/install/neo_robot_safety/share/neo_robot_safety/local_setup.sh
[4.946s] -- Up-to-date: /home/neorobot/ros2_ws/install/neo_robot_safety/share/neo_robot_safety/local_setup.zsh
[4.946s] -- Up-to-date: /home/neorobot/ros2_ws/install/neo_robot_safety/share/neo_robot_safety/local_setup.dsv
[4.946s] -- Installing: /home/neorobot/ros2_ws/install/neo_robot_safety/share/neo_robot_safety/package.dsv
[4.946s] -- Up-to-date: /home/neorobot/ros2_ws/install/neo_robot_safety/share/ament_index/resource_index/packages/neo_robot_safety
[4.946s] -- Up-to-date: /home/neorobot/ros2_ws/install/neo_robot_safety/share/ament_index/resource_index/nav2_costmap_2d__pluginlib__plugin/neo_robot_safety
[4.946s] -- Up-to-date: /home/neorobot/ros2_ws/install/neo_robot_safety/share/neo_robot_safety/cmake/neo_robot_safetyConfig.cmake
[4.947s] -- Up-to-date: /home/neorobot/ros2_ws/install/neo_robot_safety/share/neo_robot_safety/cmake/neo_robot_safetyConfig-version.cmake
[4.947s] -- Up-to-date: /home/neorobot/ros2_ws/install/neo_robot_safety/share/neo_robot_safety/package.xml
[4.954s] Invoked command in '/home/neorobot/ros2_ws/build/neo_robot_safety' returned '0': CMAKE_PREFIX_PATH=${CMAKE_PREFIX_PATH}:/opt/ros/jazzy /usr/bin/cmake --install /home/neorobot/ros2_ws/build/neo_robot_safety
