[0.040s] Invoking command in '/home/neorobot/ros2_ws/build/neo_robot_controller': CMAKE_PREFIX_PATH=${CMAKE_PREFIX_PATH}:/opt/ros/jazzy /usr/bin/cmake --build /home/neorobot/ros2_ws/build/neo_robot_controller -- -j4 -l4
[0.471s] [100%] Built target lookahead_controller
[0.521s] Invoked command in '/home/neorobot/ros2_ws/build/neo_robot_controller' returned '0': CMAKE_PREFIX_PATH=${CMAKE_PREFIX_PATH}:/opt/ros/jazzy /usr/bin/cmake --build /home/neorobot/ros2_ws/build/neo_robot_controller -- -j4 -l4
[0.613s] Invoking command in '/home/neorobot/ros2_ws/build/neo_robot_controller': CMAKE_PREFIX_PATH=${CMAKE_PREFIX_PATH}:/opt/ros/jazzy /usr/bin/cmake --install /home/neorobot/ros2_ws/build/neo_robot_controller
[0.773s] -- Install configuration: ""
[0.776s] -- Up-to-date: /home/neorobot/ros2_ws/install/neo_robot_controller/lib/neo_robot_controller/lookahead_controller
[0.777s] -- Up-to-date: /home/neorobot/ros2_ws/install/neo_robot_controller/share/ament_index/resource_index/package_run_dependencies/neo_robot_controller
[0.778s] -- Up-to-date: /home/neorobot/ros2_ws/install/neo_robot_controller/share/ament_index/resource_index/parent_prefix_path/neo_robot_controller
[0.778s] -- Up-to-date: /home/neorobot/ros2_ws/install/neo_robot_controller/share/neo_robot_controller/environment/ament_prefix_path.sh
[0.778s] -- Up-to-date: /home/neorobot/ros2_ws/install/neo_robot_controller/share/neo_robot_controller/environment/ament_prefix_path.dsv
[0.781s] -- Up-to-date: /home/neorobot/ros2_ws/install/neo_robot_controller/share/neo_robot_controller/environment/path.sh
[0.788s] -- Up-to-date: /home/neorobot/ros2_ws/install/neo_robot_controller/share/neo_robot_controller/environment/path.dsv
[0.789s] -- Up-to-date: /home/neorobot/ros2_ws/install/neo_robot_controller/share/neo_robot_controller/local_setup.bash
[0.790s] -- Up-to-date: /home/neorobot/ros2_ws/install/neo_robot_controller/share/neo_robot_controller/local_setup.sh
[0.790s] -- Up-to-date: /home/neorobot/ros2_ws/install/neo_robot_controller/share/neo_robot_controller/local_setup.zsh
[0.790s] -- Up-to-date: /home/neorobot/ros2_ws/install/neo_robot_controller/share/neo_robot_controller/local_setup.dsv
[0.790s] -- Installing: /home/neorobot/ros2_ws/install/neo_robot_controller/share/neo_robot_controller/package.dsv
[0.791s] -- Up-to-date: /home/neorobot/ros2_ws/install/neo_robot_controller/share/ament_index/resource_index/packages/neo_robot_controller
[0.795s] -- Up-to-date: /home/neorobot/ros2_ws/install/neo_robot_controller/share/neo_robot_controller/cmake/neo_robot_controllerConfig.cmake
[0.795s] -- Up-to-date: /home/neorobot/ros2_ws/install/neo_robot_controller/share/neo_robot_controller/cmake/neo_robot_controllerConfig-version.cmake
[0.795s] -- Up-to-date: /home/neorobot/ros2_ws/install/neo_robot_controller/share/neo_robot_controller/package.xml
[1.013s] Invoked command in '/home/neorobot/ros2_ws/build/neo_robot_controller' returned '0': CMAKE_PREFIX_PATH=${CMAKE_PREFIX_PATH}:/opt/ros/jazzy /usr/bin/cmake --install /home/neorobot/ros2_ws/build/neo_robot_controller
