[  0%] Built target ament_cmake_python_copy_laser_geometry
[ 25%] Built target gtest
running egg_info
writing laser_geometry.egg-info/PKG-INFO
writing dependency_links to laser_geometry.egg-info/dependency_links.txt
writing top-level names to laser_geometry.egg-info/top_level.txt
reading manifest file 'laser_geometry.egg-info/SOURCES.txt'
writing manifest file 'laser_geometry.egg-info/SOURCES.txt'
[ 25%] Built target ament_cmake_python_build_laser_geometry_egg
[ 50%] Built target gtest_main
[ 75%] Built target laser_geometry
[ 87%] [32mBuilding CXX object CMakeFiles/projection_test.dir/test/projection_test.cpp.o[0m
[100%] [32m[1mLinking CXX executable projection_test[0m
[100%] Built target projection_test
-- Install configuration: ""
-- Installing: /home/neorobot/ros2_ws/install/laser_geometry/share/laser_geometry/environment/pythonpath.sh
-- Installing: /home/neorobot/ros2_ws/install/laser_geometry/share/laser_geometry/environment/pythonpath.dsv
-- Installing: /home/neorobot/ros2_ws/install/laser_geometry/lib/python3.12/site-packages/laser_geometry-2.11.2-py3.12.egg-info
-- Installing: /home/neorobot/ros2_ws/install/laser_geometry/lib/python3.12/site-packages/laser_geometry-2.11.2-py3.12.egg-info/SOURCES.txt
-- Installing: /home/neorobot/ros2_ws/install/laser_geometry/lib/python3.12/site-packages/laser_geometry-2.11.2-py3.12.egg-info/PKG-INFO
-- Installing: /home/neorobot/ros2_ws/install/laser_geometry/lib/python3.12/site-packages/laser_geometry-2.11.2-py3.12.egg-info/dependency_links.txt
-- Installing: /home/neorobot/ros2_ws/install/laser_geometry/lib/python3.12/site-packages/laser_geometry-2.11.2-py3.12.egg-info/top_level.txt
-- Installing: /home/neorobot/ros2_ws/install/laser_geometry/lib/python3.12/site-packages/laser_geometry
-- Installing: /home/neorobot/ros2_ws/install/laser_geometry/lib/python3.12/site-packages/laser_geometry/laser_geometry.py
-- Installing: /home/neorobot/ros2_ws/install/laser_geometry/lib/python3.12/site-packages/laser_geometry/__init__.py
Listing '/home/neorobot/ros2_ws/install/laser_geometry/lib/python3.12/site-packages/laser_geometry'...
Compiling '/home/neorobot/ros2_ws/install/laser_geometry/lib/python3.12/site-packages/laser_geometry/__init__.py'...
Compiling '/home/neorobot/ros2_ws/install/laser_geometry/lib/python3.12/site-packages/laser_geometry/laser_geometry.py'...
-- Installing: /home/neorobot/ros2_ws/install/laser_geometry/share/laser_geometry/environment/library_path.sh
-- Installing: /home/neorobot/ros2_ws/install/laser_geometry/share/laser_geometry/environment/library_path.dsv
-- Installing: /home/neorobot/ros2_ws/install/laser_geometry/lib/liblaser_geometry.so
-- Set non-toolchain portion of runtime path of "/home/neorobot/ros2_ws/install/laser_geometry/lib/liblaser_geometry.so" to ""
-- Installing: /home/neorobot/ros2_ws/install/laser_geometry/include/laser_geometry
-- Installing: /home/neorobot/ros2_ws/install/laser_geometry/include/laser_geometry/laser_geometry
-- Installing: /home/neorobot/ros2_ws/install/laser_geometry/include/laser_geometry/laser_geometry/laser_geometry.hpp
-- Installing: /home/neorobot/ros2_ws/install/laser_geometry/include/laser_geometry/laser_geometry/visibility_control.hpp
-- Installing: /home/neorobot/ros2_ws/install/laser_geometry/share/ament_index/resource_index/package_run_dependencies/laser_geometry
-- Installing: /home/neorobot/ros2_ws/install/laser_geometry/share/ament_index/resource_index/parent_prefix_path/laser_geometry
-- Installing: /home/neorobot/ros2_ws/install/laser_geometry/share/laser_geometry/environment/ament_prefix_path.sh
-- Installing: /home/neorobot/ros2_ws/install/laser_geometry/share/laser_geometry/environment/ament_prefix_path.dsv
-- Installing: /home/neorobot/ros2_ws/install/laser_geometry/share/laser_geometry/environment/path.sh
-- Installing: /home/neorobot/ros2_ws/install/laser_geometry/share/laser_geometry/environment/path.dsv
-- Installing: /home/neorobot/ros2_ws/install/laser_geometry/share/laser_geometry/local_setup.bash
-- Installing: /home/neorobot/ros2_ws/install/laser_geometry/share/laser_geometry/local_setup.sh
-- Installing: /home/neorobot/ros2_ws/install/laser_geometry/share/laser_geometry/local_setup.zsh
-- Installing: /home/neorobot/ros2_ws/install/laser_geometry/share/laser_geometry/local_setup.dsv
-- Installing: /home/neorobot/ros2_ws/install/laser_geometry/share/laser_geometry/package.dsv
-- Installing: /home/neorobot/ros2_ws/install/laser_geometry/share/ament_index/resource_index/packages/laser_geometry
-- Installing: /home/neorobot/ros2_ws/install/laser_geometry/share/laser_geometry/cmake/laser_geometryExport.cmake
-- Installing: /home/neorobot/ros2_ws/install/laser_geometry/share/laser_geometry/cmake/laser_geometryExport-noconfig.cmake
-- Installing: /home/neorobot/ros2_ws/install/laser_geometry/share/laser_geometry/cmake/ament_cmake_export_include_directories-extras.cmake
-- Installing: /home/neorobot/ros2_ws/install/laser_geometry/share/laser_geometry/cmake/ament_cmake_export_libraries-extras.cmake
-- Installing: /home/neorobot/ros2_ws/install/laser_geometry/share/laser_geometry/cmake/ament_cmake_export_targets-extras.cmake
-- Installing: /home/neorobot/ros2_ws/install/laser_geometry/share/laser_geometry/cmake/ament_cmake_export_dependencies-extras.cmake
-- Installing: /home/neorobot/ros2_ws/install/laser_geometry/share/laser_geometry/cmake/laser_geometryConfig.cmake
-- Installing: /home/neorobot/ros2_ws/install/laser_geometry/share/laser_geometry/cmake/laser_geometryConfig-version.cmake
-- Installing: /home/neorobot/ros2_ws/install/laser_geometry/share/laser_geometry/package.xml
