[ 25%] Built target gtest_main
[ 50%] Built target laser_geometry
[ 75%] Built target gtest
[ 75%] Built target ament_cmake_python_copy_laser_geometry
[100%] Built target projection_test
running egg_info
writing laser_geometry.egg-info/PKG-INFO
writing dependency_links to laser_geometry.egg-info/dependency_links.txt
writing top-level names to laser_geometry.egg-info/top_level.txt
reading manifest file 'laser_geometry.egg-info/SOURCES.txt'
writing manifest file 'laser_geometry.egg-info/SOURCES.txt'
[100%] Built target ament_cmake_python_build_laser_geometry_egg
-- Install configuration: ""
-- Up-to-date: /home/neorobot/ros2_ws/install/laser_geometry/share/laser_geometry/environment/pythonpath.sh
-- Up-to-date: /home/neorobot/ros2_ws/install/laser_geometry/share/laser_geometry/environment/pythonpath.dsv
-- Up-to-date: /home/neorobot/ros2_ws/install/laser_geometry/lib/python3.12/site-packages/laser_geometry-2.11.2-py3.12.egg-info
-- Installing: /home/neorobot/ros2_ws/install/laser_geometry/lib/python3.12/site-packages/laser_geometry-2.11.2-py3.12.egg-info/SOURCES.txt
-- Installing: /home/neorobot/ros2_ws/install/laser_geometry/lib/python3.12/site-packages/laser_geometry-2.11.2-py3.12.egg-info/PKG-INFO
-- Installing: /home/neorobot/ros2_ws/install/laser_geometry/lib/python3.12/site-packages/laser_geometry-2.11.2-py3.12.egg-info/dependency_links.txt
-- Installing: /home/neorobot/ros2_ws/install/laser_geometry/lib/python3.12/site-packages/laser_geometry-2.11.2-py3.12.egg-info/top_level.txt
-- Up-to-date: /home/neorobot/ros2_ws/install/laser_geometry/lib/python3.12/site-packages/laser_geometry
-- Up-to-date: /home/neorobot/ros2_ws/install/laser_geometry/lib/python3.12/site-packages/laser_geometry/laser_geometry.py
-- Up-to-date: /home/neorobot/ros2_ws/install/laser_geometry/lib/python3.12/site-packages/laser_geometry/__init__.py
Listing '/home/neorobot/ros2_ws/install/laser_geometry/lib/python3.12/site-packages/laser_geometry'...
-- Up-to-date: /home/neorobot/ros2_ws/install/laser_geometry/share/laser_geometry/environment/library_path.sh
-- Up-to-date: /home/neorobot/ros2_ws/install/laser_geometry/share/laser_geometry/environment/library_path.dsv
-- Up-to-date: /home/neorobot/ros2_ws/install/laser_geometry/lib/liblaser_geometry.so
-- Up-to-date: /home/neorobot/ros2_ws/install/laser_geometry/include/laser_geometry
-- Up-to-date: /home/neorobot/ros2_ws/install/laser_geometry/include/laser_geometry/laser_geometry
-- Up-to-date: /home/neorobot/ros2_ws/install/laser_geometry/include/laser_geometry/laser_geometry/laser_geometry.hpp
-- Up-to-date: /home/neorobot/ros2_ws/install/laser_geometry/include/laser_geometry/laser_geometry/visibility_control.hpp
-- Up-to-date: /home/neorobot/ros2_ws/install/laser_geometry/share/ament_index/resource_index/package_run_dependencies/laser_geometry
-- Up-to-date: /home/neorobot/ros2_ws/install/laser_geometry/share/ament_index/resource_index/parent_prefix_path/laser_geometry
-- Up-to-date: /home/neorobot/ros2_ws/install/laser_geometry/share/laser_geometry/environment/ament_prefix_path.sh
-- Up-to-date: /home/neorobot/ros2_ws/install/laser_geometry/share/laser_geometry/environment/ament_prefix_path.dsv
-- Up-to-date: /home/neorobot/ros2_ws/install/laser_geometry/share/laser_geometry/environment/path.sh
-- Up-to-date: /home/neorobot/ros2_ws/install/laser_geometry/share/laser_geometry/environment/path.dsv
-- Up-to-date: /home/neorobot/ros2_ws/install/laser_geometry/share/laser_geometry/local_setup.bash
-- Up-to-date: /home/neorobot/ros2_ws/install/laser_geometry/share/laser_geometry/local_setup.sh
-- Up-to-date: /home/neorobot/ros2_ws/install/laser_geometry/share/laser_geometry/local_setup.zsh
-- Up-to-date: /home/neorobot/ros2_ws/install/laser_geometry/share/laser_geometry/local_setup.dsv
-- Installing: /home/neorobot/ros2_ws/install/laser_geometry/share/laser_geometry/package.dsv
-- Up-to-date: /home/neorobot/ros2_ws/install/laser_geometry/share/ament_index/resource_index/packages/laser_geometry
-- Up-to-date: /home/neorobot/ros2_ws/install/laser_geometry/share/laser_geometry/cmake/laser_geometryExport.cmake
-- Up-to-date: /home/neorobot/ros2_ws/install/laser_geometry/share/laser_geometry/cmake/laser_geometryExport-noconfig.cmake
-- Up-to-date: /home/neorobot/ros2_ws/install/laser_geometry/share/laser_geometry/cmake/ament_cmake_export_include_directories-extras.cmake
-- Up-to-date: /home/neorobot/ros2_ws/install/laser_geometry/share/laser_geometry/cmake/ament_cmake_export_libraries-extras.cmake
-- Up-to-date: /home/neorobot/ros2_ws/install/laser_geometry/share/laser_geometry/cmake/ament_cmake_export_targets-extras.cmake
-- Up-to-date: /home/neorobot/ros2_ws/install/laser_geometry/share/laser_geometry/cmake/ament_cmake_export_dependencies-extras.cmake
-- Up-to-date: /home/neorobot/ros2_ws/install/laser_geometry/share/laser_geometry/cmake/laser_geometryConfig.cmake
-- Up-to-date: /home/neorobot/ros2_ws/install/laser_geometry/share/laser_geometry/cmake/laser_geometryConfig-version.cmake
-- Up-to-date: /home/neorobot/ros2_ws/install/laser_geometry/share/laser_geometry/package.xml
