[0.046s] Invoking command in '/home/neorobot/ros2_ws/build/ydlidar_ros2_driver': CMAKE_PREFIX_PATH=${CMAKE_PREFIX_PATH}:/opt/ros/jazzy /usr/bin/cmake --build /home/neorobot/ros2_ws/build/ydlidar_ros2_driver -- -j4 -l4
[0.304s] [ 50%] Built target ydlidar_ros2_driver_node
[0.311s] [100%] Built target ydlidar_ros2_driver_client
[0.353s] Invoked command in '/home/neorobot/ros2_ws/build/ydlidar_ros2_driver' returned '0': CMAKE_PREFIX_PATH=${CMAKE_PREFIX_PATH}:/opt/ros/jazzy /usr/bin/cmake --build /home/neorobot/ros2_ws/build/ydlidar_ros2_driver -- -j4 -l4
[0.355s] Invoking command in '/home/neorobot/ros2_ws/build/ydlidar_ros2_driver': CMAKE_PREFIX_PATH=${CMAKE_PREFIX_PATH}:/opt/ros/jazzy /usr/bin/cmake --install /home/neorobot/ros2_ws/build/ydlidar_ros2_driver
[0.412s] -- Install configuration: ""
[0.414s] -- Up-to-date: /home/neorobot/ros2_ws/install/ydlidar_ros2_driver/lib/ydlidar_ros2_driver/ydlidar_ros2_driver_node
[0.417s] -- Up-to-date: /home/neorobot/ros2_ws/install/ydlidar_ros2_driver/lib/ydlidar_ros2_driver/ydlidar_ros2_driver_client
[0.420s] -- Up-to-date: /home/neorobot/ros2_ws/install/ydlidar_ros2_driver/share/ydlidar_ros2_driver/launch
[0.420s] -- Up-to-date: /home/neorobot/ros2_ws/install/ydlidar_ros2_driver/share/ydlidar_ros2_driver/launch/ydlidar_launch_view.py
[0.421s] -- Up-to-date: /home/neorobot/ros2_ws/install/ydlidar_ros2_driver/share/ydlidar_ros2_driver/launch/ydlidar.py
[0.421s] -- Up-to-date: /home/neorobot/ros2_ws/install/ydlidar_ros2_driver/share/ydlidar_ros2_driver/launch/ydlidar_launch.py
[0.423s] -- Up-to-date: /home/neorobot/ros2_ws/install/ydlidar_ros2_driver/share/ydlidar_ros2_driver/launch/ydlidar_launch_org.py
[0.426s] -- Up-to-date: /home/neorobot/ros2_ws/install/ydlidar_ros2_driver/share/ydlidar_ros2_driver/params
[0.428s] -- Up-to-date: /home/neorobot/ros2_ws/install/ydlidar_ros2_driver/share/ydlidar_ros2_driver/params/ydlidar.yaml
[0.428s] -- Up-to-date: /home/neorobot/ros2_ws/install/ydlidar_ros2_driver/share/ydlidar_ros2_driver/startup
[0.429s] -- Up-to-date: /home/neorobot/ros2_ws/install/ydlidar_ros2_driver/share/ydlidar_ros2_driver/startup/initenv.sh
[0.429s] -- Up-to-date: /home/neorobot/ros2_ws/install/ydlidar_ros2_driver/share/ydlidar_ros2_driver/config
[0.429s] -- Up-to-date: /home/neorobot/ros2_ws/install/ydlidar_ros2_driver/share/ydlidar_ros2_driver/config/ydlidar.rviz
[0.429s] -- Up-to-date: /home/neorobot/ros2_ws/install/ydlidar_ros2_driver/share/ament_index/resource_index/package_run_dependencies/ydlidar_ros2_driver
[0.429s] -- Up-to-date: /home/neorobot/ros2_ws/install/ydlidar_ros2_driver/share/ament_index/resource_index/parent_prefix_path/ydlidar_ros2_driver
[0.429s] -- Up-to-date: /home/neorobot/ros2_ws/install/ydlidar_ros2_driver/share/ydlidar_ros2_driver/environment/ament_prefix_path.sh
[0.430s] -- Up-to-date: /home/neorobot/ros2_ws/install/ydlidar_ros2_driver/share/ydlidar_ros2_driver/environment/ament_prefix_path.dsv
[0.430s] -- Up-to-date: /home/neorobot/ros2_ws/install/ydlidar_ros2_driver/share/ydlidar_ros2_driver/environment/path.sh
[0.430s] -- Up-to-date: /home/neorobot/ros2_ws/install/ydlidar_ros2_driver/share/ydlidar_ros2_driver/environment/path.dsv
[0.430s] -- Up-to-date: /home/neorobot/ros2_ws/install/ydlidar_ros2_driver/share/ydlidar_ros2_driver/local_setup.bash
[0.430s] -- Up-to-date: /home/neorobot/ros2_ws/install/ydlidar_ros2_driver/share/ydlidar_ros2_driver/local_setup.sh
[0.433s] -- Up-to-date: /home/neorobot/ros2_ws/install/ydlidar_ros2_driver/share/ydlidar_ros2_driver/local_setup.zsh
[0.435s] -- Up-to-date: /home/neorobot/ros2_ws/install/ydlidar_ros2_driver/share/ydlidar_ros2_driver/local_setup.dsv
[0.435s] -- Installing: /home/neorobot/ros2_ws/install/ydlidar_ros2_driver/share/ydlidar_ros2_driver/package.dsv
[0.435s] -- Up-to-date: /home/neorobot/ros2_ws/install/ydlidar_ros2_driver/share/ament_index/resource_index/packages/ydlidar_ros2_driver
[0.435s] -- Up-to-date: /home/neorobot/ros2_ws/install/ydlidar_ros2_driver/share/ydlidar_ros2_driver/cmake/ydlidar_ros2_driverConfig.cmake
[0.435s] -- Up-to-date: /home/neorobot/ros2_ws/install/ydlidar_ros2_driver/share/ydlidar_ros2_driver/cmake/ydlidar_ros2_driverConfig-version.cmake
[0.436s] -- Up-to-date: /home/neorobot/ros2_ws/install/ydlidar_ros2_driver/share/ydlidar_ros2_driver/package.xml
[0.436s] Invoked command in '/home/neorobot/ros2_ws/build/ydlidar_ros2_driver' returned '0': CMAKE_PREFIX_PATH=${CMAKE_PREFIX_PATH}:/opt/ros/jazzy /usr/bin/cmake --install /home/neorobot/ros2_ws/build/ydlidar_ros2_driver
