[ 33%] Built target lidar_human_detect
[ 66%] Built target motion_arbiter
[ 83%] [32mBuilding CXX object CMakeFiles/human_n_obstacle_layer.dir/src/human_n_obstacle_layer.cpp.o[0m
[100%] [32m[1mLinking CXX shared library libhuman_n_obstacle_layer.so[0m
[100%] Built target human_n_obstacle_layer
-- Install configuration: ""
-- Up-to-date: /home/neorobot/ros2_ws/install/neo_robot_safety/share/neo_robot_safety/plugin.xml
-- Up-to-date: /home/neorobot/ros2_ws/install/neo_robot_safety/lib/neo_robot_safety/motion_arbiter
-- Up-to-date: /home/neorobot/ros2_ws/install/neo_robot_safety/lib/neo_robot_safety/lidar_human_detect
-- Installing: /home/neorobot/ros2_ws/install/neo_robot_safety/lib/libhuman_n_obstacle_layer.so
-- Set non-toolchain portion of runtime path of "/home/neorobot/ros2_ws/install/neo_robot_safety/lib/libhuman_n_obstacle_layer.so" to ""
-- Up-to-date: /home/neorobot/ros2_ws/install/neo_robot_safety/share/ament_index/resource_index/package_run_dependencies/neo_robot_safety
-- Up-to-date: /home/neorobot/ros2_ws/install/neo_robot_safety/share/ament_index/resource_index/parent_prefix_path/neo_robot_safety
-- Up-to-date: /home/neorobot/ros2_ws/install/neo_robot_safety/share/neo_robot_safety/environment/ament_prefix_path.sh
-- Up-to-date: /home/neorobot/ros2_ws/install/neo_robot_safety/share/neo_robot_safety/environment/ament_prefix_path.dsv
-- Up-to-date: /home/neorobot/ros2_ws/install/neo_robot_safety/share/neo_robot_safety/environment/path.sh
-- Up-to-date: /home/neorobot/ros2_ws/install/neo_robot_safety/share/neo_robot_safety/environment/path.dsv
-- Up-to-date: /home/neorobot/ros2_ws/install/neo_robot_safety/share/neo_robot_safety/local_setup.bash
-- Up-to-date: /home/neorobot/ros2_ws/install/neo_robot_safety/share/neo_robot_safety/local_setup.sh
-- Up-to-date: /home/neorobot/ros2_ws/install/neo_robot_safety/share/neo_robot_safety/local_setup.zsh
-- Up-to-date: /home/neorobot/ros2_ws/install/neo_robot_safety/share/neo_robot_safety/local_setup.dsv
-- Installing: /home/neorobot/ros2_ws/install/neo_robot_safety/share/neo_robot_safety/package.dsv
-- Up-to-date: /home/neorobot/ros2_ws/install/neo_robot_safety/share/ament_index/resource_index/packages/neo_robot_safety
-- Up-to-date: /home/neorobot/ros2_ws/install/neo_robot_safety/share/ament_index/resource_index/nav2_costmap_2d__pluginlib__plugin/neo_robot_safety
-- Up-to-date: /home/neorobot/ros2_ws/install/neo_robot_safety/share/neo_robot_safety/cmake/neo_robot_safetyConfig.cmake
-- Up-to-date: /home/neorobot/ros2_ws/install/neo_robot_safety/share/neo_robot_safety/cmake/neo_robot_safetyConfig-version.cmake
-- Up-to-date: /home/neorobot/ros2_ws/install/neo_robot_safety/share/neo_robot_safety/package.xml
