[0.050s] Invoking command in '/home/neorobot/ros2_ws/build/neorobot_bringup': CMAKE_PREFIX_PATH=${CMAKE_PREFIX_PATH}:/opt/ros/jazzy /usr/bin/cmake --build /home/neorobot/ros2_ws/build/neorobot_bringup -- -j4 -l4
[0.184s] -- Found ament_cmake: 2.5.5 (/opt/ros/jazzy/share/ament_cmake/cmake)
[0.976s] -- Found ament_lint_auto: 0.17.4 (/opt/ros/jazzy/share/ament_lint_auto/cmake)
[1.331s] -- Added test 'flake8' to check Python code syntax and style conventions
[1.332s] -- Configured 'flake8' exclude dirs and/or files: 
[1.335s] -- Added test 'lint_cmake' to check CMake code style
[1.336s] -- Added test 'pep257' to check Python code against some of the docstring style conventions in PEP 257
[1.340s] -- Added test 'xmllint' to check XML markup files
[1.345s] -- Configuring done (1.2s)
[1.381s] -- Generating done (0.0s)
[1.389s] -- Build files have been written to: /home/neorobot/ros2_ws/build/neorobot_bringup
[1.447s] Invoked command in '/home/neorobot/ros2_ws/build/neorobot_bringup' returned '0': CMAKE_PREFIX_PATH=${CMAKE_PREFIX_PATH}:/opt/ros/jazzy /usr/bin/cmake --build /home/neorobot/ros2_ws/build/neorobot_bringup -- -j4 -l4
[1.450s] Invoking command in '/home/neorobot/ros2_ws/build/neorobot_bringup': CMAKE_PREFIX_PATH=${CMAKE_PREFIX_PATH}:/opt/ros/jazzy /usr/bin/cmake --install /home/neorobot/ros2_ws/build/neorobot_bringup
[1.466s] -- Install configuration: ""
[1.467s] -- Up-to-date: /home/neorobot/ros2_ws/install/neorobot_bringup/share/ament_index/resource_index/package_run_dependencies/neorobot_bringup
[1.467s] -- Installing: /home/neorobot/ros2_ws/install/neorobot_bringup/share/ament_index/resource_index/parent_prefix_path/neorobot_bringup
[1.471s] -- Up-to-date: /home/neorobot/ros2_ws/install/neorobot_bringup/share/neorobot_bringup/environment/ament_prefix_path.sh
[1.471s] -- Up-to-date: /home/neorobot/ros2_ws/install/neorobot_bringup/share/neorobot_bringup/environment/ament_prefix_path.dsv
[1.471s] -- Up-to-date: /home/neorobot/ros2_ws/install/neorobot_bringup/share/neorobot_bringup/environment/path.sh
[1.472s] -- Up-to-date: /home/neorobot/ros2_ws/install/neorobot_bringup/share/neorobot_bringup/environment/path.dsv
[1.472s] -- Up-to-date: /home/neorobot/ros2_ws/install/neorobot_bringup/share/neorobot_bringup/local_setup.bash
[1.472s] -- Up-to-date: /home/neorobot/ros2_ws/install/neorobot_bringup/share/neorobot_bringup/local_setup.sh
[1.472s] -- Up-to-date: /home/neorobot/ros2_ws/install/neorobot_bringup/share/neorobot_bringup/local_setup.zsh
[1.472s] -- Up-to-date: /home/neorobot/ros2_ws/install/neorobot_bringup/share/neorobot_bringup/local_setup.dsv
[1.472s] -- Installing: /home/neorobot/ros2_ws/install/neorobot_bringup/share/neorobot_bringup/package.dsv
[1.472s] -- Up-to-date: /home/neorobot/ros2_ws/install/neorobot_bringup/share/ament_index/resource_index/packages/neorobot_bringup
[1.472s] -- Up-to-date: /home/neorobot/ros2_ws/install/neorobot_bringup/share/neorobot_bringup/cmake/neorobot_bringupConfig.cmake
[1.472s] -- Up-to-date: /home/neorobot/ros2_ws/install/neorobot_bringup/share/neorobot_bringup/cmake/neorobot_bringupConfig-version.cmake
[1.473s] -- Up-to-date: /home/neorobot/ros2_ws/install/neorobot_bringup/share/neorobot_bringup/package.xml
[1.473s] -- Up-to-date: /home/neorobot/ros2_ws/install/neorobot_bringup/share/neorobot_bringup/launch
[1.473s] -- Up-to-date: /home/neorobot/ros2_ws/install/neorobot_bringup/share/neorobot_bringup/launch/old_lookahead_nav2.launch.py
[1.473s] -- Installing: /home/neorobot/ros2_ws/install/neorobot_bringup/share/neorobot_bringup/launch/lookahead_nav2.launch.py
[1.473s] -- Up-to-date: /home/neorobot/ros2_ws/install/neorobot_bringup/share/neorobot_bringup/launch/nav2_neo_launch.py
[1.474s] -- Up-to-date: /home/neorobot/ros2_ws/install/neorobot_bringup/share/neorobot_bringup/launch/bringup.launch.py
[1.474s] -- Up-to-date: /home/neorobot/ros2_ws/install/neorobot_bringup/share/neorobot_bringup/config
[1.474s] -- Up-to-date: /home/neorobot/ros2_ws/install/neorobot_bringup/share/neorobot_bringup/config/nav2.yaml
[1.474s] -- Installing: /home/neorobot/ros2_ws/install/neorobot_bringup/share/neorobot_bringup/maps
[1.474s] -- Installing: /home/neorobot/ros2_ws/install/neorobot_bringup/share/neorobot_bringup/maps/my_map_new.yaml
[1.474s] -- Installing: /home/neorobot/ros2_ws/install/neorobot_bringup/share/neorobot_bringup/maps/my_map_new.pgm
[1.474s] -- Installing: /home/neorobot/ros2_ws/install/neorobot_bringup/share/neorobot_bringup/maps/my_map_gimp.yaml
[1.474s] -- Installing: /home/neorobot/ros2_ws/install/neorobot_bringup/share/neorobot_bringup/maps/empty_map.yaml
[1.474s] -- Installing: /home/neorobot/ros2_ws/install/neorobot_bringup/share/neorobot_bringup/maps/empty_map.pgm
[1.474s] -- Installing: /home/neorobot/ros2_ws/install/neorobot_bringup/share/neorobot_bringup/maps/my_map_gimp.pgm
[1.483s] Invoked command in '/home/neorobot/ros2_ws/build/neorobot_bringup' returned '0': CMAKE_PREFIX_PATH=${CMAKE_PREFIX_PATH}:/opt/ros/jazzy /usr/bin/cmake --install /home/neorobot/ros2_ws/build/neorobot_bringup
