[0.031s] Invoking command in '/home/neorobot/ros2_ws/build/uart_driver': CMAKE_PREFIX_PATH=${CMAKE_PREFIX_PATH}:/opt/ros/jazzy /usr/bin/cmake --build /home/neorobot/ros2_ws/build/uart_driver -- -j4 -l4
[0.333s] [100%] Built target uart_node
[0.377s] Invoked command in '/home/neorobot/ros2_ws/build/uart_driver' returned '0': CMAKE_PREFIX_PATH=${CMAKE_PREFIX_PATH}:/opt/ros/jazzy /usr/bin/cmake --build /home/neorobot/ros2_ws/build/uart_driver -- -j4 -l4
[0.381s] Invoking command in '/home/neorobot/ros2_ws/build/uart_driver': CMAKE_PREFIX_PATH=${CMAKE_PREFIX_PATH}:/opt/ros/jazzy /usr/bin/cmake --install /home/neorobot/ros2_ws/build/uart_driver
[0.446s] -- Install configuration: ""
[0.446s] -- Up-to-date: /home/neorobot/ros2_ws/install/uart_driver/lib/uart_driver/uart_node
[0.448s] -- Up-to-date: /home/neorobot/ros2_ws/install/uart_driver/share/ament_index/resource_index/package_run_dependencies/uart_driver
[0.448s] -- Up-to-date: /home/neorobot/ros2_ws/install/uart_driver/share/ament_index/resource_index/parent_prefix_path/uart_driver
[0.448s] -- Up-to-date: /home/neorobot/ros2_ws/install/uart_driver/share/uart_driver/environment/ament_prefix_path.sh
[0.453s] -- Up-to-date: /home/neorobot/ros2_ws/install/uart_driver/share/uart_driver/environment/ament_prefix_path.dsv
[0.454s] -- Up-to-date: /home/neorobot/ros2_ws/install/uart_driver/share/uart_driver/environment/path.sh
[0.454s] -- Up-to-date: /home/neorobot/ros2_ws/install/uart_driver/share/uart_driver/environment/path.dsv
[0.454s] -- Up-to-date: /home/neorobot/ros2_ws/install/uart_driver/share/uart_driver/local_setup.bash
[0.454s] -- Up-to-date: /home/neorobot/ros2_ws/install/uart_driver/share/uart_driver/local_setup.sh
[0.454s] -- Up-to-date: /home/neorobot/ros2_ws/install/uart_driver/share/uart_driver/local_setup.zsh
[0.455s] -- Up-to-date: /home/neorobot/ros2_ws/install/uart_driver/share/uart_driver/local_setup.dsv
[0.455s] -- Installing: /home/neorobot/ros2_ws/install/uart_driver/share/uart_driver/package.dsv
[0.455s] -- Up-to-date: /home/neorobot/ros2_ws/install/uart_driver/share/ament_index/resource_index/packages/uart_driver
[0.455s] -- Up-to-date: /home/neorobot/ros2_ws/install/uart_driver/share/uart_driver/cmake/uart_driverConfig.cmake
[0.458s] -- Up-to-date: /home/neorobot/ros2_ws/install/uart_driver/share/uart_driver/cmake/uart_driverConfig-version.cmake
[0.458s] -- Up-to-date: /home/neorobot/ros2_ws/install/uart_driver/share/uart_driver/package.xml
[0.475s] Invoked command in '/home/neorobot/ros2_ws/build/uart_driver' returned '0': CMAKE_PREFIX_PATH=${CMAKE_PREFIX_PATH}:/opt/ros/jazzy /usr/bin/cmake --install /home/neorobot/ros2_ws/build/uart_driver
