[ 50%] [32mBuilding CXX object CMakeFiles/wall_follow.dir/src/wall_follow.cpp.o[0m
[100%] [32m[1mLinking CXX executable wall_follow[0m
[100%] Built target wall_follow
-- Install configuration: ""
-- Installing: /home/neorobot/ros2_ws/install/cam_vision_control/lib/cam_vision_control/wall_follow
-- Set non-toolchain portion of runtime path of "/home/neorobot/ros2_ws/install/cam_vision_control/lib/cam_vision_control/wall_follow" to ""
-- Installing: /home/neorobot/ros2_ws/install/cam_vision_control/share/ament_index/resource_index/package_run_dependencies/cam_vision_control
-- Installing: /home/neorobot/ros2_ws/install/cam_vision_control/share/ament_index/resource_index/parent_prefix_path/cam_vision_control
-- Installing: /home/neorobot/ros2_ws/install/cam_vision_control/share/cam_vision_control/environment/ament_prefix_path.sh
-- Installing: /home/neorobot/ros2_ws/install/cam_vision_control/share/cam_vision_control/environment/ament_prefix_path.dsv
-- Installing: /home/neorobot/ros2_ws/install/cam_vision_control/share/cam_vision_control/environment/path.sh
-- Installing: /home/neorobot/ros2_ws/install/cam_vision_control/share/cam_vision_control/environment/path.dsv
-- Installing: /home/neorobot/ros2_ws/install/cam_vision_control/share/cam_vision_control/local_setup.bash
-- Installing: /home/neorobot/ros2_ws/install/cam_vision_control/share/cam_vision_control/local_setup.sh
-- Installing: /home/neorobot/ros2_ws/install/cam_vision_control/share/cam_vision_control/local_setup.zsh
-- Installing: /home/neorobot/ros2_ws/install/cam_vision_control/share/cam_vision_control/local_setup.dsv
-- Installing: /home/neorobot/ros2_ws/install/cam_vision_control/share/cam_vision_control/package.dsv
-- Installing: /home/neorobot/ros2_ws/install/cam_vision_control/share/ament_index/resource_index/packages/cam_vision_control
-- Installing: /home/neorobot/ros2_ws/install/cam_vision_control/share/cam_vision_control/cmake/cam_vision_controlConfig.cmake
-- Installing: /home/neorobot/ros2_ws/install/cam_vision_control/share/cam_vision_control/cmake/cam_vision_controlConfig-version.cmake
-- Installing: /home/neorobot/ros2_ws/install/cam_vision_control/share/cam_vision_control/package.xml
