[0.081s] Invoking command in '/home/neorobot/ros2_ws/build/neo_robot_safety': CMAKE_PREFIX_PATH=${CMAKE_PREFIX_PATH}:/opt/ros/jazzy /usr/bin/cmake --build /home/neorobot/ros2_ws/build/neo_robot_safety -- -j4 -l4
[0.183s] -- Found ament_cmake: 2.5.5 (/opt/ros/jazzy/share/ament_cmake/cmake)
[0.856s] -- Found rclcpp: 28.1.16 (/opt/ros/jazzy/share/rclcpp/cmake)
[0.908s] -- Found rosidl_generator_c: 4.6.7 (/opt/ros/jazzy/share/rosidl_generator_c/cmake)
[0.926s] -- Found rosidl_generator_cpp: 4.6.7 (/opt/ros/jazzy/share/rosidl_generator_cpp/cmake)
[0.949s] -- Using all available rosidl_typesupport_c: rosidl_typesupport_fastrtps_c;rosidl_typesupport_introspection_c
[0.980s] -- Using all available rosidl_typesupport_cpp: rosidl_typesupport_fastrtps_cpp;rosidl_typesupport_introspection_cpp
[1.076s] -- Found rmw_implementation_cmake: 7.3.3 (/opt/ros/jazzy/share/rmw_implementation_cmake/cmake)
[1.078s] -- Found rmw_cyclonedds_cpp: 2.2.3 (/opt/ros/jazzy/share/rmw_cyclonedds_cpp/cmake)
[1.117s] -- Using RMW implementation 'rmw_cyclonedds_cpp' as default
[1.211s] -- Found geometry_msgs: 5.3.6 (/opt/ros/jazzy/share/geometry_msgs/cmake)
[1.254s] -- Found sensor_msgs: 5.3.6 (/opt/ros/jazzy/share/sensor_msgs/cmake)
[1.285s] -- Found rclcpp_action: 28.1.16 (/opt/ros/jazzy/share/rclcpp_action/cmake)
[1.338s] -- Found nav2_msgs: 1.3.10 (/opt/ros/jazzy/share/nav2_msgs/cmake)
[1.487s] -- Found pluginlib: 5.4.4 (/opt/ros/jazzy/share/pluginlib/cmake)
[1.493s] -- Found TinyXML2 via Config file: /usr/lib/aarch64-linux-gnu/cmake/tinyxml2
[1.495s] -- Found nav2_costmap_2d: 1.3.10 (/opt/ros/jazzy/share/nav2_costmap_2d/cmake)
[1.653s] -- Found eigen3_cmake_module: 0.3.0 (/opt/ros/jazzy/share/eigen3_cmake_module/cmake)
[1.655s] -- Ensuring Eigen3 include directory is part of orocos-kdl CMake target
[1.996s] -- Configuring done (1.8s)
[2.058s] -- Generating done (0.0s)
[2.075s] -- Build files have been written to: /home/neorobot/ros2_ws/build/neo_robot_safety
[2.175s] [ 25%] Built target lidar_human_leg_detect
[2.185s] [ 50%] Built target motion_arbiter
[2.185s] [ 75%] Built target human_n_obstacle_layer
[2.190s] [100%] Built target lidar_human_detect
[2.213s] Invoked command in '/home/neorobot/ros2_ws/build/neo_robot_safety' returned '0': CMAKE_PREFIX_PATH=${CMAKE_PREFIX_PATH}:/opt/ros/jazzy /usr/bin/cmake --build /home/neorobot/ros2_ws/build/neo_robot_safety -- -j4 -l4
[2.215s] Invoking command in '/home/neorobot/ros2_ws/build/neo_robot_safety': CMAKE_PREFIX_PATH=${CMAKE_PREFIX_PATH}:/opt/ros/jazzy /usr/bin/cmake --install /home/neorobot/ros2_ws/build/neo_robot_safety
[2.232s] -- Install configuration: ""
[2.232s] -- Up-to-date: /home/neorobot/ros2_ws/install/neo_robot_safety/share/neo_robot_safety/plugin.xml
[2.232s] -- Up-to-date: /home/neorobot/ros2_ws/install/neo_robot_safety/lib/neo_robot_safety/motion_arbiter
[2.232s] -- Up-to-date: /home/neorobot/ros2_ws/install/neo_robot_safety/lib/neo_robot_safety/lidar_human_leg_detect
[2.233s] -- Up-to-date: /home/neorobot/ros2_ws/install/neo_robot_safety/lib/libhuman_n_obstacle_layer.so
[2.233s] -- Up-to-date: /home/neorobot/ros2_ws/install/neo_robot_safety/share/ament_index/resource_index/package_run_dependencies/neo_robot_safety
[2.234s] -- Up-to-date: /home/neorobot/ros2_ws/install/neo_robot_safety/share/ament_index/resource_index/parent_prefix_path/neo_robot_safety
[2.234s] -- Up-to-date: /home/neorobot/ros2_ws/install/neo_robot_safety/share/neo_robot_safety/environment/ament_prefix_path.sh
[2.234s] -- Up-to-date: /home/neorobot/ros2_ws/install/neo_robot_safety/share/neo_robot_safety/environment/ament_prefix_path.dsv
[2.234s] -- Up-to-date: /home/neorobot/ros2_ws/install/neo_robot_safety/share/neo_robot_safety/environment/path.sh
[2.234s] -- Up-to-date: /home/neorobot/ros2_ws/install/neo_robot_safety/share/neo_robot_safety/environment/path.dsv
[2.234s] -- Up-to-date: /home/neorobot/ros2_ws/install/neo_robot_safety/share/neo_robot_safety/local_setup.bash
[2.234s] -- Up-to-date: /home/neorobot/ros2_ws/install/neo_robot_safety/share/neo_robot_safety/local_setup.sh
[2.235s] -- Up-to-date: /home/neorobot/ros2_ws/install/neo_robot_safety/share/neo_robot_safety/local_setup.zsh
[2.235s] -- Up-to-date: /home/neorobot/ros2_ws/install/neo_robot_safety/share/neo_robot_safety/local_setup.dsv
[2.235s] -- Installing: /home/neorobot/ros2_ws/install/neo_robot_safety/share/neo_robot_safety/package.dsv
[2.235s] -- Up-to-date: /home/neorobot/ros2_ws/install/neo_robot_safety/share/ament_index/resource_index/packages/neo_robot_safety
[2.235s] -- Up-to-date: /home/neorobot/ros2_ws/install/neo_robot_safety/share/ament_index/resource_index/nav2_costmap_2d__pluginlib__plugin/neo_robot_safety
[2.235s] -- Up-to-date: /home/neorobot/ros2_ws/install/neo_robot_safety/share/neo_robot_safety/cmake/neo_robot_safetyConfig.cmake
[2.235s] -- Up-to-date: /home/neorobot/ros2_ws/install/neo_robot_safety/share/neo_robot_safety/cmake/neo_robot_safetyConfig-version.cmake
[2.235s] -- Up-to-date: /home/neorobot/ros2_ws/install/neo_robot_safety/share/neo_robot_safety/package.xml
[2.239s] Invoked command in '/home/neorobot/ros2_ws/build/neo_robot_safety' returned '0': CMAKE_PREFIX_PATH=${CMAKE_PREFIX_PATH}:/opt/ros/jazzy /usr/bin/cmake --install /home/neorobot/ros2_ws/build/neo_robot_safety
