[0.364s] DEBUG:colcon:Command line arguments: ['/usr/bin/colcon', 'build']
[0.364s] DEBUG:colcon:Parsed command line arguments: Namespace(log_base=None, log_level=None, verb_name='build', build_base='build', install_base='install', merge_install=False, symlink_install=False, test_result_base=None, continue_on_error=False, executor='parallel', parallel_workers=4, event_handlers=None, ignore_user_meta=False, metas=['./colcon.meta'], base_paths=['.'], packages_ignore=None, packages_ignore_regex=None, paths=None, packages_up_to=None, packages_up_to_regex=None, packages_above=None, packages_above_and_dependencies=None, packages_above_depth=None, packages_select_by_dep=None, packages_skip_by_dep=None, packages_skip_up_to=None, packages_select_build_failed=False, packages_skip_build_finished=False, packages_select_test_failures=False, packages_skip_test_passed=False, packages_select=None, packages_skip=None, packages_select_regex=None, packages_skip_regex=None, packages_start=None, packages_end=None, allow_overriding=[], cmake_args=None, cmake_target=None, cmake_target_skip_unavailable=False, cmake_clean_cache=False, cmake_clean_first=False, cmake_force_configure=False, ament_cmake_args=None, catkin_cmake_args=None, catkin_skip_building_tests=False, verb_parser=<colcon_defaults.argument_parser.defaults.DefaultArgumentsDecorator object at 0xffffa7686ae0>, verb_extension=<colcon_core.verb.build.BuildVerb object at 0xffffa7686960>, main=<bound method BuildVerb.main of <colcon_core.verb.build.BuildVerb object at 0xffffa7686960>>)
[0.506s] Level 1:colcon.colcon_core.package_discovery:discover_packages(colcon_meta) check parameters
[0.506s] Level 1:colcon.colcon_core.package_discovery:discover_packages(recursive) check parameters
[0.506s] Level 1:colcon.colcon_core.package_discovery:discover_packages(ignore) check parameters
[0.507s] Level 1:colcon.colcon_core.package_discovery:discover_packages(path) check parameters
[0.507s] Level 1:colcon.colcon_core.package_discovery:discover_packages(colcon_meta) discover
[0.507s] Level 1:colcon.colcon_core.package_discovery:discover_packages(recursive) discover
[0.507s] INFO:colcon.colcon_core.package_discovery:Crawling recursively for packages in '/home/neorobot/ros2_ws'
[0.507s] Level 1:colcon.colcon_core.package_identification:_identify(.) by extensions ['ignore', 'ignore_ament_install']
[0.507s] Level 1:colcon.colcon_core.package_identification:_identify(.) by extension 'ignore'
[0.508s] Level 1:colcon.colcon_core.package_identification:_identify(.) by extension 'ignore_ament_install'
[0.508s] Level 1:colcon.colcon_core.package_identification:_identify(.) by extensions ['colcon_pkg']
[0.508s] Level 1:colcon.colcon_core.package_identification:_identify(.) by extension 'colcon_pkg'
[0.508s] Level 1:colcon.colcon_core.package_identification:_identify(.) by extensions ['colcon_meta']
[0.508s] Level 1:colcon.colcon_core.package_identification:_identify(.) by extension 'colcon_meta'
[0.508s] Level 1:colcon.colcon_core.package_identification:_identify(.) by extensions ['ros']
[0.508s] Level 1:colcon.colcon_core.package_identification:_identify(.) by extension 'ros'
[0.661s] Level 1:colcon.colcon_core.package_identification:_identify(.) by extensions ['cmake', 'python']
[0.661s] Level 1:colcon.colcon_core.package_identification:_identify(.) by extension 'cmake'
[0.661s] Level 1:colcon.colcon_core.package_identification:_identify(.) by extension 'python'
[0.661s] Level 1:colcon.colcon_core.package_identification:_identify(.) by extensions ['python_setup_py']
[0.661s] Level 1:colcon.colcon_core.package_identification:_identify(.) by extension 'python_setup_py'
[0.661s] Level 1:colcon.colcon_core.package_identification:_identify(build) by extensions ['ignore', 'ignore_ament_install']
[0.662s] Level 1:colcon.colcon_core.package_identification:_identify(build) by extension 'ignore'
[0.662s] Level 1:colcon.colcon_core.package_identification:_identify(build) ignored
[0.662s] Level 1:colcon.colcon_core.package_identification:_identify(install) by extensions ['ignore', 'ignore_ament_install']
[0.662s] Level 1:colcon.colcon_core.package_identification:_identify(install) by extension 'ignore'
[0.662s] Level 1:colcon.colcon_core.package_identification:_identify(install) ignored
[0.662s] Level 1:colcon.colcon_core.package_identification:_identify(log) by extensions ['ignore', 'ignore_ament_install']
[0.662s] Level 1:colcon.colcon_core.package_identification:_identify(log) by extension 'ignore'
[0.662s] Level 1:colcon.colcon_core.package_identification:_identify(log) ignored
[0.662s] Level 1:colcon.colcon_core.package_identification:_identify(src) by extensions ['ignore', 'ignore_ament_install']
[0.663s] Level 1:colcon.colcon_core.package_identification:_identify(src) by extension 'ignore'
[0.663s] Level 1:colcon.colcon_core.package_identification:_identify(src) by extension 'ignore_ament_install'
[0.663s] Level 1:colcon.colcon_core.package_identification:_identify(src) by extensions ['colcon_pkg']
[0.663s] Level 1:colcon.colcon_core.package_identification:_identify(src) by extension 'colcon_pkg'
[0.663s] Level 1:colcon.colcon_core.package_identification:_identify(src) by extensions ['colcon_meta']
[0.663s] Level 1:colcon.colcon_core.package_identification:_identify(src) by extension 'colcon_meta'
[0.663s] Level 1:colcon.colcon_core.package_identification:_identify(src) by extensions ['ros']
[0.663s] Level 1:colcon.colcon_core.package_identification:_identify(src) by extension 'ros'
[0.663s] Level 1:colcon.colcon_core.package_identification:_identify(src) by extensions ['cmake', 'python']
[0.663s] Level 1:colcon.colcon_core.package_identification:_identify(src) by extension 'cmake'
[0.663s] Level 1:colcon.colcon_core.package_identification:_identify(src) by extension 'python'
[0.663s] Level 1:colcon.colcon_core.package_identification:_identify(src) by extensions ['python_setup_py']
[0.663s] Level 1:colcon.colcon_core.package_identification:_identify(src) by extension 'python_setup_py'
[0.663s] Level 1:colcon.colcon_core.package_identification:_identify(src/cam_vision_control) by extensions ['ignore', 'ignore_ament_install']
[0.663s] Level 1:colcon.colcon_core.package_identification:_identify(src/cam_vision_control) by extension 'ignore'
[0.663s] Level 1:colcon.colcon_core.package_identification:_identify(src/cam_vision_control) by extension 'ignore_ament_install'
[0.664s] Level 1:colcon.colcon_core.package_identification:_identify(src/cam_vision_control) by extensions ['colcon_pkg']
[0.664s] Level 1:colcon.colcon_core.package_identification:_identify(src/cam_vision_control) by extension 'colcon_pkg'
[0.664s] Level 1:colcon.colcon_core.package_identification:_identify(src/cam_vision_control) by extensions ['colcon_meta']
[0.664s] Level 1:colcon.colcon_core.package_identification:_identify(src/cam_vision_control) by extension 'colcon_meta'
[0.664s] Level 1:colcon.colcon_core.package_identification:_identify(src/cam_vision_control) by extensions ['ros']
[0.664s] Level 1:colcon.colcon_core.package_identification:_identify(src/cam_vision_control) by extension 'ros'
[0.668s] DEBUG:colcon.colcon_core.package_identification:Package 'src/cam_vision_control' with type 'ros.ament_cmake' and name 'cam_vision_control'
[0.668s] Level 1:colcon.colcon_core.package_identification:_identify(src/camera) by extensions ['ignore', 'ignore_ament_install']
[0.668s] Level 1:colcon.colcon_core.package_identification:_identify(src/camera) by extension 'ignore'
[0.668s] Level 1:colcon.colcon_core.package_identification:_identify(src/camera) by extension 'ignore_ament_install'
[0.668s] Level 1:colcon.colcon_core.package_identification:_identify(src/camera) by extensions ['colcon_pkg']
[0.668s] Level 1:colcon.colcon_core.package_identification:_identify(src/camera) by extension 'colcon_pkg'
[0.669s] Level 1:colcon.colcon_core.package_identification:_identify(src/camera) by extensions ['colcon_meta']
[0.669s] Level 1:colcon.colcon_core.package_identification:_identify(src/camera) by extension 'colcon_meta'
[0.669s] Level 1:colcon.colcon_core.package_identification:_identify(src/camera) by extensions ['ros']
[0.669s] Level 1:colcon.colcon_core.package_identification:_identify(src/camera) by extension 'ros'
[0.669s] Level 1:colcon.colcon_core.package_identification:_identify(src/camera) by extensions ['cmake', 'python']
[0.669s] Level 1:colcon.colcon_core.package_identification:_identify(src/camera) by extension 'cmake'
[0.669s] Level 1:colcon.colcon_core.package_identification:_identify(src/camera) by extension 'python'
[0.669s] Level 1:colcon.colcon_core.package_identification:_identify(src/camera) by extensions ['python_setup_py']
[0.669s] Level 1:colcon.colcon_core.package_identification:_identify(src/camera) by extension 'python_setup_py'
[0.669s] Level 1:colcon.colcon_core.package_identification:_identify(src/camera/config) by extensions ['ignore', 'ignore_ament_install']
[0.669s] Level 1:colcon.colcon_core.package_identification:_identify(src/camera/config) by extension 'ignore'
[0.669s] Level 1:colcon.colcon_core.package_identification:_identify(src/camera/config) by extension 'ignore_ament_install'
[0.669s] Level 1:colcon.colcon_core.package_identification:_identify(src/camera/config) by extensions ['colcon_pkg']
[0.669s] Level 1:colcon.colcon_core.package_identification:_identify(src/camera/config) by extension 'colcon_pkg'
[0.669s] Level 1:colcon.colcon_core.package_identification:_identify(src/camera/config) by extensions ['colcon_meta']
[0.669s] Level 1:colcon.colcon_core.package_identification:_identify(src/camera/config) by extension 'colcon_meta'
[0.669s] Level 1:colcon.colcon_core.package_identification:_identify(src/camera/config) by extensions ['ros']
[0.669s] Level 1:colcon.colcon_core.package_identification:_identify(src/camera/config) by extension 'ros'
[0.670s] Level 1:colcon.colcon_core.package_identification:_identify(src/camera/config) by extensions ['cmake', 'python']
[0.670s] Level 1:colcon.colcon_core.package_identification:_identify(src/camera/config) by extension 'cmake'
[0.670s] Level 1:colcon.colcon_core.package_identification:_identify(src/camera/config) by extension 'python'
[0.670s] Level 1:colcon.colcon_core.package_identification:_identify(src/camera/config) by extensions ['python_setup_py']
[0.670s] Level 1:colcon.colcon_core.package_identification:_identify(src/camera/config) by extension 'python_setup_py'
[0.670s] Level 1:colcon.colcon_core.package_identification:_identify(src/laser_geometry) by extensions ['ignore', 'ignore_ament_install']
[0.670s] Level 1:colcon.colcon_core.package_identification:_identify(src/laser_geometry) by extension 'ignore'
[0.670s] Level 1:colcon.colcon_core.package_identification:_identify(src/laser_geometry) by extension 'ignore_ament_install'
[0.670s] Level 1:colcon.colcon_core.package_identification:_identify(src/laser_geometry) by extensions ['colcon_pkg']
[0.670s] Level 1:colcon.colcon_core.package_identification:_identify(src/laser_geometry) by extension 'colcon_pkg'
[0.670s] Level 1:colcon.colcon_core.package_identification:_identify(src/laser_geometry) by extensions ['colcon_meta']
[0.670s] Level 1:colcon.colcon_core.package_identification:_identify(src/laser_geometry) by extension 'colcon_meta'
[0.670s] Level 1:colcon.colcon_core.package_identification:_identify(src/laser_geometry) by extensions ['ros']
[0.670s] Level 1:colcon.colcon_core.package_identification:_identify(src/laser_geometry) by extension 'ros'
[0.671s] DEBUG:colcon.colcon_core.package_identification:Package 'src/laser_geometry' with type 'ros.ament_cmake' and name 'laser_geometry'
[0.672s] Level 1:colcon.colcon_core.package_identification:_identify(src/neo_robot_controller) by extensions ['ignore', 'ignore_ament_install']
[0.672s] Level 1:colcon.colcon_core.package_identification:_identify(src/neo_robot_controller) by extension 'ignore'
[0.672s] Level 1:colcon.colcon_core.package_identification:_identify(src/neo_robot_controller) by extension 'ignore_ament_install'
[0.672s] Level 1:colcon.colcon_core.package_identification:_identify(src/neo_robot_controller) by extensions ['colcon_pkg']
[0.672s] Level 1:colcon.colcon_core.package_identification:_identify(src/neo_robot_controller) by extension 'colcon_pkg'
[0.672s] Level 1:colcon.colcon_core.package_identification:_identify(src/neo_robot_controller) by extensions ['colcon_meta']
[0.672s] Level 1:colcon.colcon_core.package_identification:_identify(src/neo_robot_controller) by extension 'colcon_meta'
[0.672s] Level 1:colcon.colcon_core.package_identification:_identify(src/neo_robot_controller) by extensions ['ros']
[0.672s] Level 1:colcon.colcon_core.package_identification:_identify(src/neo_robot_controller) by extension 'ros'
[0.673s] DEBUG:colcon.colcon_core.package_identification:Package 'src/neo_robot_controller' with type 'ros.ament_cmake' and name 'neo_robot_controller'
[0.673s] Level 1:colcon.colcon_core.package_identification:_identify(src/neo_robot_safety) by extensions ['ignore', 'ignore_ament_install']
[0.673s] Level 1:colcon.colcon_core.package_identification:_identify(src/neo_robot_safety) by extension 'ignore'
[0.674s] Level 1:colcon.colcon_core.package_identification:_identify(src/neo_robot_safety) by extension 'ignore_ament_install'
[0.674s] Level 1:colcon.colcon_core.package_identification:_identify(src/neo_robot_safety) by extensions ['colcon_pkg']
[0.674s] Level 1:colcon.colcon_core.package_identification:_identify(src/neo_robot_safety) by extension 'colcon_pkg'
[0.674s] Level 1:colcon.colcon_core.package_identification:_identify(src/neo_robot_safety) by extensions ['colcon_meta']
[0.674s] Level 1:colcon.colcon_core.package_identification:_identify(src/neo_robot_safety) by extension 'colcon_meta'
[0.674s] Level 1:colcon.colcon_core.package_identification:_identify(src/neo_robot_safety) by extensions ['ros']
[0.674s] Level 1:colcon.colcon_core.package_identification:_identify(src/neo_robot_safety) by extension 'ros'
[0.675s] DEBUG:colcon.colcon_core.package_identification:Package 'src/neo_robot_safety' with type 'ros.ament_cmake' and name 'neo_robot_safety'
[0.675s] Level 1:colcon.colcon_core.package_identification:_identify(src/neorobot_bringup) by extensions ['ignore', 'ignore_ament_install']
[0.675s] Level 1:colcon.colcon_core.package_identification:_identify(src/neorobot_bringup) by extension 'ignore'
[0.675s] Level 1:colcon.colcon_core.package_identification:_identify(src/neorobot_bringup) by extension 'ignore_ament_install'
[0.676s] Level 1:colcon.colcon_core.package_identification:_identify(src/neorobot_bringup) by extensions ['colcon_pkg']
[0.676s] Level 1:colcon.colcon_core.package_identification:_identify(src/neorobot_bringup) by extension 'colcon_pkg'
[0.676s] Level 1:colcon.colcon_core.package_identification:_identify(src/neorobot_bringup) by extensions ['colcon_meta']
[0.676s] Level 1:colcon.colcon_core.package_identification:_identify(src/neorobot_bringup) by extension 'colcon_meta'
[0.676s] Level 1:colcon.colcon_core.package_identification:_identify(src/neorobot_bringup) by extensions ['ros']
[0.676s] Level 1:colcon.colcon_core.package_identification:_identify(src/neorobot_bringup) by extension 'ros'
[0.676s] DEBUG:colcon.colcon_core.package_identification:Package 'src/neorobot_bringup' with type 'ros.ament_cmake' and name 'neorobot_bringup'
[0.676s] Level 1:colcon.colcon_core.package_identification:_identify(src/uart_driver) by extensions ['ignore', 'ignore_ament_install']
[0.677s] Level 1:colcon.colcon_core.package_identification:_identify(src/uart_driver) by extension 'ignore'
[0.677s] Level 1:colcon.colcon_core.package_identification:_identify(src/uart_driver) by extension 'ignore_ament_install'
[0.677s] Level 1:colcon.colcon_core.package_identification:_identify(src/uart_driver) by extensions ['colcon_pkg']
[0.677s] Level 1:colcon.colcon_core.package_identification:_identify(src/uart_driver) by extension 'colcon_pkg'
[0.677s] Level 1:colcon.colcon_core.package_identification:_identify(src/uart_driver) by extensions ['colcon_meta']
[0.677s] Level 1:colcon.colcon_core.package_identification:_identify(src/uart_driver) by extension 'colcon_meta'
[0.677s] Level 1:colcon.colcon_core.package_identification:_identify(src/uart_driver) by extensions ['ros']
[0.677s] Level 1:colcon.colcon_core.package_identification:_identify(src/uart_driver) by extension 'ros'
[0.678s] DEBUG:colcon.colcon_core.package_identification:Package 'src/uart_driver' with type 'ros.ament_cmake' and name 'uart_driver'
[0.678s] Level 1:colcon.colcon_core.package_identification:_identify(src/ydlidar_ros2_driver) by extensions ['ignore', 'ignore_ament_install']
[0.678s] Level 1:colcon.colcon_core.package_identification:_identify(src/ydlidar_ros2_driver) by extension 'ignore'
[0.678s] Level 1:colcon.colcon_core.package_identification:_identify(src/ydlidar_ros2_driver) by extension 'ignore_ament_install'
[0.678s] Level 1:colcon.colcon_core.package_identification:_identify(src/ydlidar_ros2_driver) by extensions ['colcon_pkg']
[0.678s] Level 1:colcon.colcon_core.package_identification:_identify(src/ydlidar_ros2_driver) by extension 'colcon_pkg'
[0.678s] Level 1:colcon.colcon_core.package_identification:_identify(src/ydlidar_ros2_driver) by extensions ['colcon_meta']
[0.678s] Level 1:colcon.colcon_core.package_identification:_identify(src/ydlidar_ros2_driver) by extension 'colcon_meta'
[0.679s] Level 1:colcon.colcon_core.package_identification:_identify(src/ydlidar_ros2_driver) by extensions ['ros']
[0.679s] Level 1:colcon.colcon_core.package_identification:_identify(src/ydlidar_ros2_driver) by extension 'ros'
[0.679s] DEBUG:colcon.colcon_core.package_identification:Package 'src/ydlidar_ros2_driver' with type 'ros.ament_cmake' and name 'ydlidar_ros2_driver'
[0.679s] Level 1:colcon.colcon_core.package_discovery:discover_packages(recursive) using defaults
[0.680s] Level 1:colcon.colcon_core.package_discovery:discover_packages(ignore) discover
[0.680s] Level 1:colcon.colcon_core.package_discovery:discover_packages(ignore) using defaults
[0.680s] Level 1:colcon.colcon_core.package_discovery:discover_packages(path) discover
[0.680s] Level 1:colcon.colcon_core.package_discovery:discover_packages(path) using defaults
[0.711s] Level 1:colcon.colcon_core.package_discovery:discover_packages(prefix_path) check parameters
[0.711s] Level 1:colcon.colcon_core.package_discovery:discover_packages(prefix_path) discover
[0.714s] DEBUG:colcon.colcon_installed_package_information.package_discovery:Found 7 installed packages in /home/neorobot/ros2_ws/install
[0.718s] DEBUG:colcon.colcon_installed_package_information.package_discovery:Found 493 installed packages in /opt/ros/jazzy
[0.721s] Level 1:colcon.colcon_core.package_discovery:discover_packages(prefix_path) using defaults
[0.817s] WARNING:colcon.colcon_core.package_selection:Some selected packages are already built in one or more underlay workspaces:
	'laser_geometry' is in: /home/neorobot/ros2_ws/install/laser_geometry, /opt/ros/jazzy
If a package in a merged underlay workspace is overridden and it installs headers, then all packages in the overlay must sort their include directories by workspace order. Failure to do so may result in build failures or undefined behavior at run time.
If the overridden package is used by another package in any underlay, then the overriding package in the overlay must be API and ABI compatible or undefined behavior at run time may occur.

If you understand the risks and want to override a package anyways, add the following to the command line:
	--allow-overriding laser_geometry

This may be promoted to an error in a future release of colcon-override-check.
[0.820s] Level 5:colcon.colcon_core.verb:set package 'cam_vision_control' build argument 'cmake_args' from command line to 'None'
[0.820s] Level 5:colcon.colcon_core.verb:set package 'cam_vision_control' build argument 'cmake_target' from command line to 'None'
[0.820s] Level 5:colcon.colcon_core.verb:set package 'cam_vision_control' build argument 'cmake_target_skip_unavailable' from command line to 'False'
[0.820s] Level 5:colcon.colcon_core.verb:set package 'cam_vision_control' build argument 'cmake_clean_cache' from command line to 'False'
[0.820s] Level 5:colcon.colcon_core.verb:set package 'cam_vision_control' build argument 'cmake_clean_first' from command line to 'False'
[0.820s] Level 5:colcon.colcon_core.verb:set package 'cam_vision_control' build argument 'cmake_force_configure' from command line to 'False'
[0.820s] Level 5:colcon.colcon_core.verb:set package 'cam_vision_control' build argument 'ament_cmake_args' from command line to 'None'
[0.821s] Level 5:colcon.colcon_core.verb:set package 'cam_vision_control' build argument 'catkin_cmake_args' from command line to 'None'
[0.821s] Level 5:colcon.colcon_core.verb:set package 'cam_vision_control' build argument 'catkin_skip_building_tests' from command line to 'False'
[0.821s] DEBUG:colcon.colcon_core.verb:Building package 'cam_vision_control' with the following arguments: {'ament_cmake_args': None, 'build_base': '/home/neorobot/ros2_ws/build/cam_vision_control', 'catkin_cmake_args': None, 'catkin_skip_building_tests': False, 'cmake_args': None, 'cmake_clean_cache': False, 'cmake_clean_first': False, 'cmake_force_configure': False, 'cmake_target': None, 'cmake_target_skip_unavailable': False, 'install_base': '/home/neorobot/ros2_ws/install/cam_vision_control', 'merge_install': False, 'path': '/home/neorobot/ros2_ws/src/cam_vision_control', 'symlink_install': False, 'test_result_base': None}
[0.821s] Level 5:colcon.colcon_core.verb:set package 'laser_geometry' build argument 'cmake_args' from command line to 'None'
[0.821s] Level 5:colcon.colcon_core.verb:set package 'laser_geometry' build argument 'cmake_target' from command line to 'None'
[0.821s] Level 5:colcon.colcon_core.verb:set package 'laser_geometry' build argument 'cmake_target_skip_unavailable' from command line to 'False'
[0.821s] Level 5:colcon.colcon_core.verb:set package 'laser_geometry' build argument 'cmake_clean_cache' from command line to 'False'
[0.821s] Level 5:colcon.colcon_core.verb:set package 'laser_geometry' build argument 'cmake_clean_first' from command line to 'False'
[0.821s] Level 5:colcon.colcon_core.verb:set package 'laser_geometry' build argument 'cmake_force_configure' from command line to 'False'
[0.821s] Level 5:colcon.colcon_core.verb:set package 'laser_geometry' build argument 'ament_cmake_args' from command line to 'None'
[0.821s] Level 5:colcon.colcon_core.verb:set package 'laser_geometry' build argument 'catkin_cmake_args' from command line to 'None'
[0.821s] Level 5:colcon.colcon_core.verb:set package 'laser_geometry' build argument 'catkin_skip_building_tests' from command line to 'False'
[0.821s] DEBUG:colcon.colcon_core.verb:Building package 'laser_geometry' with the following arguments: {'ament_cmake_args': None, 'build_base': '/home/neorobot/ros2_ws/build/laser_geometry', 'catkin_cmake_args': None, 'catkin_skip_building_tests': False, 'cmake_args': None, 'cmake_clean_cache': False, 'cmake_clean_first': False, 'cmake_force_configure': False, 'cmake_target': None, 'cmake_target_skip_unavailable': False, 'install_base': '/home/neorobot/ros2_ws/install/laser_geometry', 'merge_install': False, 'path': '/home/neorobot/ros2_ws/src/laser_geometry', 'symlink_install': False, 'test_result_base': None}
[0.822s] Level 5:colcon.colcon_core.verb:set package 'neo_robot_controller' build argument 'cmake_args' from command line to 'None'
[0.822s] Level 5:colcon.colcon_core.verb:set package 'neo_robot_controller' build argument 'cmake_target' from command line to 'None'
[0.822s] Level 5:colcon.colcon_core.verb:set package 'neo_robot_controller' build argument 'cmake_target_skip_unavailable' from command line to 'False'
[0.822s] Level 5:colcon.colcon_core.verb:set package 'neo_robot_controller' build argument 'cmake_clean_cache' from command line to 'False'
[0.822s] Level 5:colcon.colcon_core.verb:set package 'neo_robot_controller' build argument 'cmake_clean_first' from command line to 'False'
[0.822s] Level 5:colcon.colcon_core.verb:set package 'neo_robot_controller' build argument 'cmake_force_configure' from command line to 'False'
[0.822s] Level 5:colcon.colcon_core.verb:set package 'neo_robot_controller' build argument 'ament_cmake_args' from command line to 'None'
[0.822s] Level 5:colcon.colcon_core.verb:set package 'neo_robot_controller' build argument 'catkin_cmake_args' from command line to 'None'
[0.822s] Level 5:colcon.colcon_core.verb:set package 'neo_robot_controller' build argument 'catkin_skip_building_tests' from command line to 'False'
[0.822s] DEBUG:colcon.colcon_core.verb:Building package 'neo_robot_controller' with the following arguments: {'ament_cmake_args': None, 'build_base': '/home/neorobot/ros2_ws/build/neo_robot_controller', 'catkin_cmake_args': None, 'catkin_skip_building_tests': False, 'cmake_args': None, 'cmake_clean_cache': False, 'cmake_clean_first': False, 'cmake_force_configure': False, 'cmake_target': None, 'cmake_target_skip_unavailable': False, 'install_base': '/home/neorobot/ros2_ws/install/neo_robot_controller', 'merge_install': False, 'path': '/home/neorobot/ros2_ws/src/neo_robot_controller', 'symlink_install': False, 'test_result_base': None}
[0.822s] Level 5:colcon.colcon_core.verb:set package 'neo_robot_safety' build argument 'cmake_args' from command line to 'None'
[0.822s] Level 5:colcon.colcon_core.verb:set package 'neo_robot_safety' build argument 'cmake_target' from command line to 'None'
[0.822s] Level 5:colcon.colcon_core.verb:set package 'neo_robot_safety' build argument 'cmake_target_skip_unavailable' from command line to 'False'
[0.822s] Level 5:colcon.colcon_core.verb:set package 'neo_robot_safety' build argument 'cmake_clean_cache' from command line to 'False'
[0.823s] Level 5:colcon.colcon_core.verb:set package 'neo_robot_safety' build argument 'cmake_clean_first' from command line to 'False'
[0.823s] Level 5:colcon.colcon_core.verb:set package 'neo_robot_safety' build argument 'cmake_force_configure' from command line to 'False'
[0.823s] Level 5:colcon.colcon_core.verb:set package 'neo_robot_safety' build argument 'ament_cmake_args' from command line to 'None'
[0.823s] Level 5:colcon.colcon_core.verb:set package 'neo_robot_safety' build argument 'catkin_cmake_args' from command line to 'None'
[0.823s] Level 5:colcon.colcon_core.verb:set package 'neo_robot_safety' build argument 'catkin_skip_building_tests' from command line to 'False'
[0.823s] DEBUG:colcon.colcon_core.verb:Building package 'neo_robot_safety' with the following arguments: {'ament_cmake_args': None, 'build_base': '/home/neorobot/ros2_ws/build/neo_robot_safety', 'catkin_cmake_args': None, 'catkin_skip_building_tests': False, 'cmake_args': None, 'cmake_clean_cache': False, 'cmake_clean_first': False, 'cmake_force_configure': False, 'cmake_target': None, 'cmake_target_skip_unavailable': False, 'install_base': '/home/neorobot/ros2_ws/install/neo_robot_safety', 'merge_install': False, 'path': '/home/neorobot/ros2_ws/src/neo_robot_safety', 'symlink_install': False, 'test_result_base': None}
[0.823s] Level 5:colcon.colcon_core.verb:set package 'neorobot_bringup' build argument 'cmake_args' from command line to 'None'
[0.823s] Level 5:colcon.colcon_core.verb:set package 'neorobot_bringup' build argument 'cmake_target' from command line to 'None'
[0.823s] Level 5:colcon.colcon_core.verb:set package 'neorobot_bringup' build argument 'cmake_target_skip_unavailable' from command line to 'False'
[0.823s] Level 5:colcon.colcon_core.verb:set package 'neorobot_bringup' build argument 'cmake_clean_cache' from command line to 'False'
[0.823s] Level 5:colcon.colcon_core.verb:set package 'neorobot_bringup' build argument 'cmake_clean_first' from command line to 'False'
[0.823s] Level 5:colcon.colcon_core.verb:set package 'neorobot_bringup' build argument 'cmake_force_configure' from command line to 'False'
[0.823s] Level 5:colcon.colcon_core.verb:set package 'neorobot_bringup' build argument 'ament_cmake_args' from command line to 'None'
[0.823s] Level 5:colcon.colcon_core.verb:set package 'neorobot_bringup' build argument 'catkin_cmake_args' from command line to 'None'
[0.823s] Level 5:colcon.colcon_core.verb:set package 'neorobot_bringup' build argument 'catkin_skip_building_tests' from command line to 'False'
[0.823s] DEBUG:colcon.colcon_core.verb:Building package 'neorobot_bringup' with the following arguments: {'ament_cmake_args': None, 'build_base': '/home/neorobot/ros2_ws/build/neorobot_bringup', 'catkin_cmake_args': None, 'catkin_skip_building_tests': False, 'cmake_args': None, 'cmake_clean_cache': False, 'cmake_clean_first': False, 'cmake_force_configure': False, 'cmake_target': None, 'cmake_target_skip_unavailable': False, 'install_base': '/home/neorobot/ros2_ws/install/neorobot_bringup', 'merge_install': False, 'path': '/home/neorobot/ros2_ws/src/neorobot_bringup', 'symlink_install': False, 'test_result_base': None}
[0.824s] Level 5:colcon.colcon_core.verb:set package 'uart_driver' build argument 'cmake_args' from command line to 'None'
[0.824s] Level 5:colcon.colcon_core.verb:set package 'uart_driver' build argument 'cmake_target' from command line to 'None'
[0.824s] Level 5:colcon.colcon_core.verb:set package 'uart_driver' build argument 'cmake_target_skip_unavailable' from command line to 'False'
[0.824s] Level 5:colcon.colcon_core.verb:set package 'uart_driver' build argument 'cmake_clean_cache' from command line to 'False'
[0.824s] Level 5:colcon.colcon_core.verb:set package 'uart_driver' build argument 'cmake_clean_first' from command line to 'False'
[0.824s] Level 5:colcon.colcon_core.verb:set package 'uart_driver' build argument 'cmake_force_configure' from command line to 'False'
[0.824s] Level 5:colcon.colcon_core.verb:set package 'uart_driver' build argument 'ament_cmake_args' from command line to 'None'
[0.824s] Level 5:colcon.colcon_core.verb:set package 'uart_driver' build argument 'catkin_cmake_args' from command line to 'None'
[0.824s] Level 5:colcon.colcon_core.verb:set package 'uart_driver' build argument 'catkin_skip_building_tests' from command line to 'False'
[0.824s] DEBUG:colcon.colcon_core.verb:Building package 'uart_driver' with the following arguments: {'ament_cmake_args': None, 'build_base': '/home/neorobot/ros2_ws/build/uart_driver', 'catkin_cmake_args': None, 'catkin_skip_building_tests': False, 'cmake_args': None, 'cmake_clean_cache': False, 'cmake_clean_first': False, 'cmake_force_configure': False, 'cmake_target': None, 'cmake_target_skip_unavailable': False, 'install_base': '/home/neorobot/ros2_ws/install/uart_driver', 'merge_install': False, 'path': '/home/neorobot/ros2_ws/src/uart_driver', 'symlink_install': False, 'test_result_base': None}
[0.824s] Level 5:colcon.colcon_core.verb:set package 'ydlidar_ros2_driver' build argument 'cmake_args' from command line to 'None'
[0.824s] Level 5:colcon.colcon_core.verb:set package 'ydlidar_ros2_driver' build argument 'cmake_target' from command line to 'None'
[0.824s] Level 5:colcon.colcon_core.verb:set package 'ydlidar_ros2_driver' build argument 'cmake_target_skip_unavailable' from command line to 'False'
[0.824s] Level 5:colcon.colcon_core.verb:set package 'ydlidar_ros2_driver' build argument 'cmake_clean_cache' from command line to 'False'
[0.824s] Level 5:colcon.colcon_core.verb:set package 'ydlidar_ros2_driver' build argument 'cmake_clean_first' from command line to 'False'
[0.824s] Level 5:colcon.colcon_core.verb:set package 'ydlidar_ros2_driver' build argument 'cmake_force_configure' from command line to 'False'
[0.824s] Level 5:colcon.colcon_core.verb:set package 'ydlidar_ros2_driver' build argument 'ament_cmake_args' from command line to 'None'
[0.824s] Level 5:colcon.colcon_core.verb:set package 'ydlidar_ros2_driver' build argument 'catkin_cmake_args' from command line to 'None'
[0.824s] Level 5:colcon.colcon_core.verb:set package 'ydlidar_ros2_driver' build argument 'catkin_skip_building_tests' from command line to 'False'
[0.824s] DEBUG:colcon.colcon_core.verb:Building package 'ydlidar_ros2_driver' with the following arguments: {'ament_cmake_args': None, 'build_base': '/home/neorobot/ros2_ws/build/ydlidar_ros2_driver', 'catkin_cmake_args': None, 'catkin_skip_building_tests': False, 'cmake_args': None, 'cmake_clean_cache': False, 'cmake_clean_first': False, 'cmake_force_configure': False, 'cmake_target': None, 'cmake_target_skip_unavailable': False, 'install_base': '/home/neorobot/ros2_ws/install/ydlidar_ros2_driver', 'merge_install': False, 'path': '/home/neorobot/ros2_ws/src/ydlidar_ros2_driver', 'symlink_install': False, 'test_result_base': None}
[0.825s] INFO:colcon.colcon_core.executor:Executing jobs using 'parallel' executor
[0.826s] DEBUG:colcon.colcon_parallel_executor.executor.parallel:run_until_complete
[0.827s] INFO:colcon.colcon_ros.task.ament_cmake.build:Building ROS package in '/home/neorobot/ros2_ws/src/cam_vision_control' with build type 'ament_cmake'
[0.827s] INFO:colcon.colcon_cmake.task.cmake.build:Building CMake package in '/home/neorobot/ros2_ws/src/cam_vision_control'
[0.832s] INFO:colcon.colcon_core.plugin_system:Skipping extension 'colcon_core.shell.bat': Not used on non-Windows systems
[0.832s] INFO:colcon.colcon_core.shell:Skip shell extension 'powershell' for command environment: Not usable outside of PowerShell
[0.832s] DEBUG:colcon.colcon_core.shell:Skip shell extension 'dsv' for command environment
[0.840s] INFO:colcon.colcon_ros.task.ament_cmake.build:Building ROS package in '/home/neorobot/ros2_ws/src/laser_geometry' with build type 'ament_cmake'
[0.840s] INFO:colcon.colcon_cmake.task.cmake.build:Building CMake package in '/home/neorobot/ros2_ws/src/laser_geometry'
[0.840s] INFO:colcon.colcon_core.shell:Skip shell extension 'powershell' for command environment: Not usable outside of PowerShell
[0.841s] DEBUG:colcon.colcon_core.shell:Skip shell extension 'dsv' for command environment
[0.847s] INFO:colcon.colcon_ros.task.ament_cmake.build:Building ROS package in '/home/neorobot/ros2_ws/src/neo_robot_controller' with build type 'ament_cmake'
[0.848s] INFO:colcon.colcon_cmake.task.cmake.build:Building CMake package in '/home/neorobot/ros2_ws/src/neo_robot_controller'
[0.848s] INFO:colcon.colcon_core.shell:Skip shell extension 'powershell' for command environment: Not usable outside of PowerShell
[0.848s] DEBUG:colcon.colcon_core.shell:Skip shell extension 'dsv' for command environment
[0.855s] INFO:colcon.colcon_ros.task.ament_cmake.build:Building ROS package in '/home/neorobot/ros2_ws/src/neo_robot_safety' with build type 'ament_cmake'
[0.855s] INFO:colcon.colcon_cmake.task.cmake.build:Building CMake package in '/home/neorobot/ros2_ws/src/neo_robot_safety'
[0.856s] INFO:colcon.colcon_core.shell:Skip shell extension 'powershell' for command environment: Not usable outside of PowerShell
[0.856s] DEBUG:colcon.colcon_core.shell:Skip shell extension 'dsv' for command environment
[0.872s] DEBUG:colcon.colcon_core.event_handler.log_command:Invoking command in '/home/neorobot/ros2_ws/build/cam_vision_control': CMAKE_PREFIX_PATH=${CMAKE_PREFIX_PATH}:/opt/ros/jazzy /usr/bin/cmake --build /home/neorobot/ros2_ws/build/cam_vision_control -- -j4 -l4
[0.878s] DEBUG:colcon.colcon_core.event_handler.log_command:Invoking command in '/home/neorobot/ros2_ws/build/laser_geometry': CMAKE_PREFIX_PATH=${CMAKE_PREFIX_PATH}:/opt/ros/jazzy /usr/bin/cmake --build /home/neorobot/ros2_ws/build/laser_geometry -- -j4 -l4
[0.883s] DEBUG:colcon.colcon_core.event_handler.log_command:Invoking command in '/home/neorobot/ros2_ws/build/neo_robot_controller': CMAKE_PREFIX_PATH=${CMAKE_PREFIX_PATH}:/opt/ros/jazzy /usr/bin/cmake --build /home/neorobot/ros2_ws/build/neo_robot_controller -- -j4 -l4
[0.946s] DEBUG:colcon.colcon_core.event_handler.log_command:Invoking command in '/home/neorobot/ros2_ws/build/neo_robot_safety': CMAKE_PREFIX_PATH=${CMAKE_PREFIX_PATH}:/opt/ros/jazzy /usr/bin/cmake --build /home/neorobot/ros2_ws/build/neo_robot_safety -- -j4 -l4
[1.209s] DEBUG:colcon.colcon_core.event_handler.log_command:Invoked command in '/home/neorobot/ros2_ws/build/cam_vision_control' returned '0': CMAKE_PREFIX_PATH=${CMAKE_PREFIX_PATH}:/opt/ros/jazzy /usr/bin/cmake --build /home/neorobot/ros2_ws/build/cam_vision_control -- -j4 -l4
[1.251s] DEBUG:colcon.colcon_core.event_handler.log_command:Invoking command in '/home/neorobot/ros2_ws/build/cam_vision_control': CMAKE_PREFIX_PATH=${CMAKE_PREFIX_PATH}:/opt/ros/jazzy /usr/bin/cmake --install /home/neorobot/ros2_ws/build/cam_vision_control
[1.257s] DEBUG:colcon.colcon_core.event_handler.log_command:Invoked command in '/home/neorobot/ros2_ws/build/neo_robot_controller' returned '0': CMAKE_PREFIX_PATH=${CMAKE_PREFIX_PATH}:/opt/ros/jazzy /usr/bin/cmake --build /home/neorobot/ros2_ws/build/neo_robot_controller -- -j4 -l4
[1.258s] DEBUG:colcon.colcon_core.event_handler.log_command:Invoking command in '/home/neorobot/ros2_ws/build/neo_robot_controller': CMAKE_PREFIX_PATH=${CMAKE_PREFIX_PATH}:/opt/ros/jazzy /usr/bin/cmake --install /home/neorobot/ros2_ws/build/neo_robot_controller
[1.309s] DEBUG:colcon.colcon_core.event_handler.log_command:Invoked command in '/home/neorobot/ros2_ws/build/neo_robot_safety' returned '0': CMAKE_PREFIX_PATH=${CMAKE_PREFIX_PATH}:/opt/ros/jazzy /usr/bin/cmake --build /home/neorobot/ros2_ws/build/neo_robot_safety -- -j4 -l4
[1.310s] DEBUG:colcon.colcon_core.event_handler.log_command:Invoking command in '/home/neorobot/ros2_ws/build/neo_robot_safety': CMAKE_PREFIX_PATH=${CMAKE_PREFIX_PATH}:/opt/ros/jazzy /usr/bin/cmake --install /home/neorobot/ros2_ws/build/neo_robot_safety
[1.318s] Level 1:colcon.colcon_core.environment:create_environment_scripts_only(cam_vision_control)
[1.319s] DEBUG:colcon.colcon_core.event_handler.log_command:Invoked command in '/home/neorobot/ros2_ws/build/cam_vision_control' returned '0': CMAKE_PREFIX_PATH=${CMAKE_PREFIX_PATH}:/opt/ros/jazzy /usr/bin/cmake --install /home/neorobot/ros2_ws/build/cam_vision_control
[1.324s] Level 1:colcon.colcon_core.environment:checking '/home/neorobot/ros2_ws/install/cam_vision_control' for CMake module files
[1.325s] Level 1:colcon.colcon_core.environment:checking '/home/neorobot/ros2_ws/install/cam_vision_control' for CMake config files
[1.325s] Level 1:colcon.colcon_core.shell:create_environment_hook('cam_vision_control', 'cmake_prefix_path')
[1.326s] INFO:colcon.colcon_core.shell:Creating environment hook '/home/neorobot/ros2_ws/install/cam_vision_control/share/cam_vision_control/hook/cmake_prefix_path.ps1'
[1.327s] INFO:colcon.colcon_core.shell:Creating environment descriptor '/home/neorobot/ros2_ws/install/cam_vision_control/share/cam_vision_control/hook/cmake_prefix_path.dsv'
[1.328s] INFO:colcon.colcon_core.shell:Creating environment hook '/home/neorobot/ros2_ws/install/cam_vision_control/share/cam_vision_control/hook/cmake_prefix_path.sh'
[1.330s] Level 1:colcon.colcon_core.environment:checking '/home/neorobot/ros2_ws/install/cam_vision_control/lib'
[1.332s] Level 1:colcon.colcon_core.environment:checking '/home/neorobot/ros2_ws/install/cam_vision_control/bin'
[1.332s] Level 1:colcon.colcon_core.environment:checking '/home/neorobot/ros2_ws/install/cam_vision_control/lib/pkgconfig/cam_vision_control.pc'
[1.332s] Level 1:colcon.colcon_core.environment:checking '/home/neorobot/ros2_ws/install/cam_vision_control/lib/python3.12/site-packages'
[1.333s] Level 1:colcon.colcon_core.environment:checking '/home/neorobot/ros2_ws/install/cam_vision_control/bin'
[1.333s] INFO:colcon.colcon_core.shell:Creating package script '/home/neorobot/ros2_ws/install/cam_vision_control/share/cam_vision_control/package.ps1'
[1.337s] INFO:colcon.colcon_core.shell:Creating package descriptor '/home/neorobot/ros2_ws/install/cam_vision_control/share/cam_vision_control/package.dsv'
[1.338s] INFO:colcon.colcon_core.shell:Creating package script '/home/neorobot/ros2_ws/install/cam_vision_control/share/cam_vision_control/package.sh'
[1.339s] INFO:colcon.colcon_core.shell:Creating package script '/home/neorobot/ros2_ws/install/cam_vision_control/share/cam_vision_control/package.bash'
[1.340s] INFO:colcon.colcon_core.shell:Creating package script '/home/neorobot/ros2_ws/install/cam_vision_control/share/cam_vision_control/package.zsh'
[1.342s] Level 1:colcon.colcon_core.environment:create_file_with_runtime_dependencies(/home/neorobot/ros2_ws/install/cam_vision_control/share/colcon-core/packages/cam_vision_control)
[1.343s] Level 1:colcon.colcon_core.environment:create_environment_scripts_only(cam_vision_control)
[1.343s] Level 1:colcon.colcon_core.environment:checking '/home/neorobot/ros2_ws/install/cam_vision_control' for CMake module files
[1.344s] Level 1:colcon.colcon_core.environment:checking '/home/neorobot/ros2_ws/install/cam_vision_control' for CMake config files
[1.344s] Level 1:colcon.colcon_core.shell:create_environment_hook('cam_vision_control', 'cmake_prefix_path')
[1.345s] INFO:colcon.colcon_core.shell:Creating environment hook '/home/neorobot/ros2_ws/install/cam_vision_control/share/cam_vision_control/hook/cmake_prefix_path.ps1'
[1.346s] INFO:colcon.colcon_core.shell:Creating environment descriptor '/home/neorobot/ros2_ws/install/cam_vision_control/share/cam_vision_control/hook/cmake_prefix_path.dsv'
[1.346s] INFO:colcon.colcon_core.shell:Creating environment hook '/home/neorobot/ros2_ws/install/cam_vision_control/share/cam_vision_control/hook/cmake_prefix_path.sh'
[1.347s] Level 1:colcon.colcon_core.environment:checking '/home/neorobot/ros2_ws/install/cam_vision_control/lib'
[1.347s] Level 1:colcon.colcon_core.environment:checking '/home/neorobot/ros2_ws/install/cam_vision_control/bin'
[1.347s] Level 1:colcon.colcon_core.environment:checking '/home/neorobot/ros2_ws/install/cam_vision_control/lib/pkgconfig/cam_vision_control.pc'
[1.348s] Level 1:colcon.colcon_core.environment:checking '/home/neorobot/ros2_ws/install/cam_vision_control/lib/python3.12/site-packages'
[1.348s] Level 1:colcon.colcon_core.environment:checking '/home/neorobot/ros2_ws/install/cam_vision_control/bin'
[1.349s] INFO:colcon.colcon_core.shell:Creating package script '/home/neorobot/ros2_ws/install/cam_vision_control/share/cam_vision_control/package.ps1'
[1.349s] INFO:colcon.colcon_core.shell:Creating package descriptor '/home/neorobot/ros2_ws/install/cam_vision_control/share/cam_vision_control/package.dsv'
[1.350s] INFO:colcon.colcon_core.shell:Creating package script '/home/neorobot/ros2_ws/install/cam_vision_control/share/cam_vision_control/package.sh'
[1.351s] INFO:colcon.colcon_core.shell:Creating package script '/home/neorobot/ros2_ws/install/cam_vision_control/share/cam_vision_control/package.bash'
[1.352s] INFO:colcon.colcon_core.shell:Creating package script '/home/neorobot/ros2_ws/install/cam_vision_control/share/cam_vision_control/package.zsh'
[1.352s] Level 1:colcon.colcon_core.environment:create_file_with_runtime_dependencies(/home/neorobot/ros2_ws/install/cam_vision_control/share/colcon-core/packages/cam_vision_control)
[1.353s] Level 1:colcon.colcon_core.environment:create_environment_scripts_only(neo_robot_controller)
[1.353s] Level 1:colcon.colcon_core.environment:checking '/home/neorobot/ros2_ws/install/neo_robot_controller' for CMake module files
[1.355s] DEBUG:colcon.colcon_core.event_handler.log_command:Invoked command in '/home/neorobot/ros2_ws/build/neo_robot_controller' returned '0': CMAKE_PREFIX_PATH=${CMAKE_PREFIX_PATH}:/opt/ros/jazzy /usr/bin/cmake --install /home/neorobot/ros2_ws/build/neo_robot_controller
[1.355s] Level 1:colcon.colcon_core.environment:checking '/home/neorobot/ros2_ws/install/neo_robot_controller' for CMake config files
[1.355s] Level 1:colcon.colcon_core.shell:create_environment_hook('neo_robot_controller', 'cmake_prefix_path')
[1.356s] INFO:colcon.colcon_core.shell:Creating environment hook '/home/neorobot/ros2_ws/install/neo_robot_controller/share/neo_robot_controller/hook/cmake_prefix_path.ps1'
[1.356s] INFO:colcon.colcon_core.shell:Creating environment descriptor '/home/neorobot/ros2_ws/install/neo_robot_controller/share/neo_robot_controller/hook/cmake_prefix_path.dsv'
[1.357s] INFO:colcon.colcon_core.shell:Creating environment hook '/home/neorobot/ros2_ws/install/neo_robot_controller/share/neo_robot_controller/hook/cmake_prefix_path.sh'
[1.358s] Level 1:colcon.colcon_core.environment:checking '/home/neorobot/ros2_ws/install/neo_robot_controller/lib'
[1.358s] Level 1:colcon.colcon_core.environment:checking '/home/neorobot/ros2_ws/install/neo_robot_controller/bin'
[1.358s] Level 1:colcon.colcon_core.environment:checking '/home/neorobot/ros2_ws/install/neo_robot_controller/lib/pkgconfig/neo_robot_controller.pc'
[1.358s] Level 1:colcon.colcon_core.environment:checking '/home/neorobot/ros2_ws/install/neo_robot_controller/lib/python3.12/site-packages'
[1.359s] Level 1:colcon.colcon_core.environment:checking '/home/neorobot/ros2_ws/install/neo_robot_controller/bin'
[1.359s] INFO:colcon.colcon_core.shell:Creating package script '/home/neorobot/ros2_ws/install/neo_robot_controller/share/neo_robot_controller/package.ps1'
[1.360s] INFO:colcon.colcon_core.shell:Creating package descriptor '/home/neorobot/ros2_ws/install/neo_robot_controller/share/neo_robot_controller/package.dsv'
[1.360s] INFO:colcon.colcon_core.shell:Creating package script '/home/neorobot/ros2_ws/install/neo_robot_controller/share/neo_robot_controller/package.sh'
[1.361s] INFO:colcon.colcon_core.shell:Creating package script '/home/neorobot/ros2_ws/install/neo_robot_controller/share/neo_robot_controller/package.bash'
[1.362s] INFO:colcon.colcon_core.shell:Creating package script '/home/neorobot/ros2_ws/install/neo_robot_controller/share/neo_robot_controller/package.zsh'
[1.362s] Level 1:colcon.colcon_core.environment:create_file_with_runtime_dependencies(/home/neorobot/ros2_ws/install/neo_robot_controller/share/colcon-core/packages/neo_robot_controller)
[1.363s] Level 1:colcon.colcon_core.environment:create_environment_scripts_only(neo_robot_controller)
[1.363s] Level 1:colcon.colcon_core.environment:checking '/home/neorobot/ros2_ws/install/neo_robot_controller' for CMake module files
[1.364s] Level 1:colcon.colcon_core.environment:checking '/home/neorobot/ros2_ws/install/neo_robot_controller' for CMake config files
[1.364s] Level 1:colcon.colcon_core.shell:create_environment_hook('neo_robot_controller', 'cmake_prefix_path')
[1.364s] INFO:colcon.colcon_core.shell:Creating environment hook '/home/neorobot/ros2_ws/install/neo_robot_controller/share/neo_robot_controller/hook/cmake_prefix_path.ps1'
[1.365s] INFO:colcon.colcon_core.shell:Creating environment descriptor '/home/neorobot/ros2_ws/install/neo_robot_controller/share/neo_robot_controller/hook/cmake_prefix_path.dsv'
[1.366s] INFO:colcon.colcon_core.shell:Creating environment hook '/home/neorobot/ros2_ws/install/neo_robot_controller/share/neo_robot_controller/hook/cmake_prefix_path.sh'
[1.367s] Level 1:colcon.colcon_core.environment:checking '/home/neorobot/ros2_ws/install/neo_robot_controller/lib'
[1.367s] Level 1:colcon.colcon_core.environment:checking '/home/neorobot/ros2_ws/install/neo_robot_controller/bin'
[1.367s] Level 1:colcon.colcon_core.environment:checking '/home/neorobot/ros2_ws/install/neo_robot_controller/lib/pkgconfig/neo_robot_controller.pc'
[1.367s] Level 1:colcon.colcon_core.environment:checking '/home/neorobot/ros2_ws/install/neo_robot_controller/lib/python3.12/site-packages'
[1.368s] Level 1:colcon.colcon_core.environment:checking '/home/neorobot/ros2_ws/install/neo_robot_controller/bin'
[1.368s] INFO:colcon.colcon_core.shell:Creating package script '/home/neorobot/ros2_ws/install/neo_robot_controller/share/neo_robot_controller/package.ps1'
[1.369s] INFO:colcon.colcon_core.shell:Creating package descriptor '/home/neorobot/ros2_ws/install/neo_robot_controller/share/neo_robot_controller/package.dsv'
[1.370s] INFO:colcon.colcon_core.shell:Creating package script '/home/neorobot/ros2_ws/install/neo_robot_controller/share/neo_robot_controller/package.sh'
[1.370s] INFO:colcon.colcon_core.shell:Creating package script '/home/neorobot/ros2_ws/install/neo_robot_controller/share/neo_robot_controller/package.bash'
[1.371s] INFO:colcon.colcon_core.shell:Creating package script '/home/neorobot/ros2_ws/install/neo_robot_controller/share/neo_robot_controller/package.zsh'
[1.371s] Level 1:colcon.colcon_core.environment:create_file_with_runtime_dependencies(/home/neorobot/ros2_ws/install/neo_robot_controller/share/colcon-core/packages/neo_robot_controller)
[1.372s] INFO:colcon.colcon_ros.task.ament_cmake.build:Building ROS package in '/home/neorobot/ros2_ws/src/neorobot_bringup' with build type 'ament_cmake'
[1.373s] INFO:colcon.colcon_cmake.task.cmake.build:Building CMake package in '/home/neorobot/ros2_ws/src/neorobot_bringup'
[1.373s] INFO:colcon.colcon_core.shell:Skip shell extension 'powershell' for command environment: Not usable outside of PowerShell
[1.373s] DEBUG:colcon.colcon_core.shell:Skip shell extension 'dsv' for command environment
[1.380s] INFO:colcon.colcon_ros.task.ament_cmake.build:Building ROS package in '/home/neorobot/ros2_ws/src/uart_driver' with build type 'ament_cmake'
[1.381s] INFO:colcon.colcon_cmake.task.cmake.build:Building CMake package in '/home/neorobot/ros2_ws/src/uart_driver'
[1.381s] INFO:colcon.colcon_core.shell:Skip shell extension 'powershell' for command environment: Not usable outside of PowerShell
[1.381s] DEBUG:colcon.colcon_core.shell:Skip shell extension 'dsv' for command environment
[1.389s] Level 1:colcon.colcon_core.environment:create_environment_scripts_only(neo_robot_safety)
[1.390s] Level 1:colcon.colcon_core.environment:checking '/home/neorobot/ros2_ws/install/neo_robot_safety' for CMake module files
[1.391s] Level 1:colcon.colcon_core.environment:checking '/home/neorobot/ros2_ws/install/neo_robot_safety' for CMake config files
[1.391s] Level 1:colcon.colcon_core.shell:create_environment_hook('neo_robot_safety', 'cmake_prefix_path')
[1.392s] INFO:colcon.colcon_core.shell:Creating environment hook '/home/neorobot/ros2_ws/install/neo_robot_safety/share/neo_robot_safety/hook/cmake_prefix_path.ps1'
[1.390s] DEBUG:colcon.colcon_core.event_handler.log_command:Invoked command in '/home/neorobot/ros2_ws/build/neo_robot_safety' returned '0': CMAKE_PREFIX_PATH=${CMAKE_PREFIX_PATH}:/opt/ros/jazzy /usr/bin/cmake --install /home/neorobot/ros2_ws/build/neo_robot_safety
[1.393s] INFO:colcon.colcon_core.shell:Creating environment descriptor '/home/neorobot/ros2_ws/install/neo_robot_safety/share/neo_robot_safety/hook/cmake_prefix_path.dsv'
[1.393s] INFO:colcon.colcon_core.shell:Creating environment hook '/home/neorobot/ros2_ws/install/neo_robot_safety/share/neo_robot_safety/hook/cmake_prefix_path.sh'
[1.394s] Level 1:colcon.colcon_core.environment:checking '/home/neorobot/ros2_ws/install/neo_robot_safety/lib'
[1.394s] Level 1:colcon.colcon_core.shell:create_environment_hook('neo_robot_safety', 'ld_library_path_lib')
[1.394s] INFO:colcon.colcon_core.shell:Creating environment hook '/home/neorobot/ros2_ws/install/neo_robot_safety/share/neo_robot_safety/hook/ld_library_path_lib.ps1'
[1.395s] INFO:colcon.colcon_core.shell:Creating environment descriptor '/home/neorobot/ros2_ws/install/neo_robot_safety/share/neo_robot_safety/hook/ld_library_path_lib.dsv'
[1.395s] INFO:colcon.colcon_core.shell:Creating environment hook '/home/neorobot/ros2_ws/install/neo_robot_safety/share/neo_robot_safety/hook/ld_library_path_lib.sh'
[1.396s] Level 1:colcon.colcon_core.environment:checking '/home/neorobot/ros2_ws/install/neo_robot_safety/bin'
[1.396s] Level 1:colcon.colcon_core.environment:checking '/home/neorobot/ros2_ws/install/neo_robot_safety/lib/pkgconfig/neo_robot_safety.pc'
[1.396s] Level 1:colcon.colcon_core.environment:checking '/home/neorobot/ros2_ws/install/neo_robot_safety/lib/python3.12/site-packages'
[1.397s] Level 1:colcon.colcon_core.environment:checking '/home/neorobot/ros2_ws/install/neo_robot_safety/bin'
[1.397s] INFO:colcon.colcon_core.shell:Creating package script '/home/neorobot/ros2_ws/install/neo_robot_safety/share/neo_robot_safety/package.ps1'
[1.398s] INFO:colcon.colcon_core.shell:Creating package descriptor '/home/neorobot/ros2_ws/install/neo_robot_safety/share/neo_robot_safety/package.dsv'
[1.398s] INFO:colcon.colcon_core.shell:Creating package script '/home/neorobot/ros2_ws/install/neo_robot_safety/share/neo_robot_safety/package.sh'
[1.399s] INFO:colcon.colcon_core.shell:Creating package script '/home/neorobot/ros2_ws/install/neo_robot_safety/share/neo_robot_safety/package.bash'
[1.399s] INFO:colcon.colcon_core.shell:Creating package script '/home/neorobot/ros2_ws/install/neo_robot_safety/share/neo_robot_safety/package.zsh'
[1.400s] Level 1:colcon.colcon_core.environment:create_file_with_runtime_dependencies(/home/neorobot/ros2_ws/install/neo_robot_safety/share/colcon-core/packages/neo_robot_safety)
[1.401s] Level 1:colcon.colcon_core.environment:create_environment_scripts_only(neo_robot_safety)
[1.401s] Level 1:colcon.colcon_core.environment:checking '/home/neorobot/ros2_ws/install/neo_robot_safety' for CMake module files
[1.402s] Level 1:colcon.colcon_core.environment:checking '/home/neorobot/ros2_ws/install/neo_robot_safety' for CMake config files
[1.402s] Level 1:colcon.colcon_core.shell:create_environment_hook('neo_robot_safety', 'cmake_prefix_path')
[1.402s] INFO:colcon.colcon_core.shell:Creating environment hook '/home/neorobot/ros2_ws/install/neo_robot_safety/share/neo_robot_safety/hook/cmake_prefix_path.ps1'
[1.403s] INFO:colcon.colcon_core.shell:Creating environment descriptor '/home/neorobot/ros2_ws/install/neo_robot_safety/share/neo_robot_safety/hook/cmake_prefix_path.dsv'
[1.403s] INFO:colcon.colcon_core.shell:Creating environment hook '/home/neorobot/ros2_ws/install/neo_robot_safety/share/neo_robot_safety/hook/cmake_prefix_path.sh'
[1.404s] Level 1:colcon.colcon_core.environment:checking '/home/neorobot/ros2_ws/install/neo_robot_safety/lib'
[1.404s] Level 1:colcon.colcon_core.shell:create_environment_hook('neo_robot_safety', 'ld_library_path_lib')
[1.405s] INFO:colcon.colcon_core.shell:Creating environment hook '/home/neorobot/ros2_ws/install/neo_robot_safety/share/neo_robot_safety/hook/ld_library_path_lib.ps1'
[1.405s] INFO:colcon.colcon_core.shell:Creating environment descriptor '/home/neorobot/ros2_ws/install/neo_robot_safety/share/neo_robot_safety/hook/ld_library_path_lib.dsv'
[1.406s] INFO:colcon.colcon_core.shell:Creating environment hook '/home/neorobot/ros2_ws/install/neo_robot_safety/share/neo_robot_safety/hook/ld_library_path_lib.sh'
[1.406s] Level 1:colcon.colcon_core.environment:checking '/home/neorobot/ros2_ws/install/neo_robot_safety/bin'
[1.406s] Level 1:colcon.colcon_core.environment:checking '/home/neorobot/ros2_ws/install/neo_robot_safety/lib/pkgconfig/neo_robot_safety.pc'
[1.407s] Level 1:colcon.colcon_core.environment:checking '/home/neorobot/ros2_ws/install/neo_robot_safety/lib/python3.12/site-packages'
[1.407s] Level 1:colcon.colcon_core.environment:checking '/home/neorobot/ros2_ws/install/neo_robot_safety/bin'
[1.408s] INFO:colcon.colcon_core.shell:Creating package script '/home/neorobot/ros2_ws/install/neo_robot_safety/share/neo_robot_safety/package.ps1'
[1.409s] INFO:colcon.colcon_core.shell:Creating package descriptor '/home/neorobot/ros2_ws/install/neo_robot_safety/share/neo_robot_safety/package.dsv'
[1.410s] INFO:colcon.colcon_core.shell:Creating package script '/home/neorobot/ros2_ws/install/neo_robot_safety/share/neo_robot_safety/package.sh'
[1.410s] INFO:colcon.colcon_core.shell:Creating package script '/home/neorobot/ros2_ws/install/neo_robot_safety/share/neo_robot_safety/package.bash'
[1.411s] INFO:colcon.colcon_core.shell:Creating package script '/home/neorobot/ros2_ws/install/neo_robot_safety/share/neo_robot_safety/package.zsh'
[1.412s] Level 1:colcon.colcon_core.environment:create_file_with_runtime_dependencies(/home/neorobot/ros2_ws/install/neo_robot_safety/share/colcon-core/packages/neo_robot_safety)
[1.414s] INFO:colcon.colcon_ros.task.ament_cmake.build:Building ROS package in '/home/neorobot/ros2_ws/src/ydlidar_ros2_driver' with build type 'ament_cmake'
[1.415s] INFO:colcon.colcon_cmake.task.cmake.build:Building CMake package in '/home/neorobot/ros2_ws/src/ydlidar_ros2_driver'
[1.415s] INFO:colcon.colcon_core.shell:Skip shell extension 'powershell' for command environment: Not usable outside of PowerShell
[1.415s] DEBUG:colcon.colcon_core.shell:Skip shell extension 'dsv' for command environment
[1.428s] DEBUG:colcon.colcon_core.event_handler.log_command:Invoking command in '/home/neorobot/ros2_ws/build/neorobot_bringup': CMAKE_PREFIX_PATH=${CMAKE_PREFIX_PATH}:/opt/ros/jazzy /usr/bin/cmake --build /home/neorobot/ros2_ws/build/neorobot_bringup -- -j4 -l4
[1.445s] DEBUG:colcon.colcon_core.event_handler.log_command:Invoking command in '/home/neorobot/ros2_ws/build/uart_driver': CMAKE_PREFIX_PATH=${CMAKE_PREFIX_PATH}:/opt/ros/jazzy /usr/bin/cmake --build /home/neorobot/ros2_ws/build/uart_driver -- -j4 -l4
[1.467s] DEBUG:colcon.colcon_core.event_handler.log_command:Invoking command in '/home/neorobot/ros2_ws/build/ydlidar_ros2_driver': CMAKE_PREFIX_PATH=${CMAKE_PREFIX_PATH}:/opt/ros/jazzy /usr/bin/cmake --build /home/neorobot/ros2_ws/build/ydlidar_ros2_driver -- -j4 -l4
[1.549s] DEBUG:colcon.colcon_core.event_handler.log_command:Invoked command in '/home/neorobot/ros2_ws/build/neorobot_bringup' returned '0': CMAKE_PREFIX_PATH=${CMAKE_PREFIX_PATH}:/opt/ros/jazzy /usr/bin/cmake --build /home/neorobot/ros2_ws/build/neorobot_bringup -- -j4 -l4
[1.554s] DEBUG:colcon.colcon_core.event_handler.log_command:Invoking command in '/home/neorobot/ros2_ws/build/neorobot_bringup': CMAKE_PREFIX_PATH=${CMAKE_PREFIX_PATH}:/opt/ros/jazzy /usr/bin/cmake --install /home/neorobot/ros2_ws/build/neorobot_bringup
[1.592s] Level 1:colcon.colcon_core.environment:create_environment_scripts_only(neorobot_bringup)
[1.592s] Level 1:colcon.colcon_core.environment:checking '/home/neorobot/ros2_ws/install/neorobot_bringup' for CMake module files
[1.593s] DEBUG:colcon.colcon_core.event_handler.log_command:Invoked command in '/home/neorobot/ros2_ws/build/neorobot_bringup' returned '0': CMAKE_PREFIX_PATH=${CMAKE_PREFIX_PATH}:/opt/ros/jazzy /usr/bin/cmake --install /home/neorobot/ros2_ws/build/neorobot_bringup
[1.596s] Level 1:colcon.colcon_core.environment:checking '/home/neorobot/ros2_ws/install/neorobot_bringup' for CMake config files
[1.596s] Level 1:colcon.colcon_core.shell:create_environment_hook('neorobot_bringup', 'cmake_prefix_path')
[1.597s] INFO:colcon.colcon_core.shell:Creating environment hook '/home/neorobot/ros2_ws/install/neorobot_bringup/share/neorobot_bringup/hook/cmake_prefix_path.ps1'
[1.599s] INFO:colcon.colcon_core.shell:Creating environment descriptor '/home/neorobot/ros2_ws/install/neorobot_bringup/share/neorobot_bringup/hook/cmake_prefix_path.dsv'
[1.601s] INFO:colcon.colcon_core.shell:Creating environment hook '/home/neorobot/ros2_ws/install/neorobot_bringup/share/neorobot_bringup/hook/cmake_prefix_path.sh'
[1.604s] Level 1:colcon.colcon_core.environment:checking '/home/neorobot/ros2_ws/install/neorobot_bringup/bin'
[1.604s] Level 1:colcon.colcon_core.environment:checking '/home/neorobot/ros2_ws/install/neorobot_bringup/lib/pkgconfig/neorobot_bringup.pc'
[1.606s] Level 1:colcon.colcon_core.environment:checking '/home/neorobot/ros2_ws/install/neorobot_bringup/lib/python3.12/site-packages'
[1.606s] Level 1:colcon.colcon_core.environment:checking '/home/neorobot/ros2_ws/install/neorobot_bringup/bin'
[1.607s] INFO:colcon.colcon_core.shell:Creating package script '/home/neorobot/ros2_ws/install/neorobot_bringup/share/neorobot_bringup/package.ps1'
[1.610s] INFO:colcon.colcon_core.shell:Creating package descriptor '/home/neorobot/ros2_ws/install/neorobot_bringup/share/neorobot_bringup/package.dsv'
[1.612s] INFO:colcon.colcon_core.shell:Creating package script '/home/neorobot/ros2_ws/install/neorobot_bringup/share/neorobot_bringup/package.sh'
[1.613s] INFO:colcon.colcon_core.shell:Creating package script '/home/neorobot/ros2_ws/install/neorobot_bringup/share/neorobot_bringup/package.bash'
[1.614s] INFO:colcon.colcon_core.shell:Creating package script '/home/neorobot/ros2_ws/install/neorobot_bringup/share/neorobot_bringup/package.zsh'
[1.615s] Level 1:colcon.colcon_core.environment:create_file_with_runtime_dependencies(/home/neorobot/ros2_ws/install/neorobot_bringup/share/colcon-core/packages/neorobot_bringup)
[1.616s] Level 1:colcon.colcon_core.environment:create_environment_scripts_only(neorobot_bringup)
[1.616s] Level 1:colcon.colcon_core.environment:checking '/home/neorobot/ros2_ws/install/neorobot_bringup' for CMake module files
[1.617s] Level 1:colcon.colcon_core.environment:checking '/home/neorobot/ros2_ws/install/neorobot_bringup' for CMake config files
[1.618s] Level 1:colcon.colcon_core.shell:create_environment_hook('neorobot_bringup', 'cmake_prefix_path')
[1.619s] INFO:colcon.colcon_core.shell:Creating environment hook '/home/neorobot/ros2_ws/install/neorobot_bringup/share/neorobot_bringup/hook/cmake_prefix_path.ps1'
[1.620s] INFO:colcon.colcon_core.shell:Creating environment descriptor '/home/neorobot/ros2_ws/install/neorobot_bringup/share/neorobot_bringup/hook/cmake_prefix_path.dsv'
[1.621s] INFO:colcon.colcon_core.shell:Creating environment hook '/home/neorobot/ros2_ws/install/neorobot_bringup/share/neorobot_bringup/hook/cmake_prefix_path.sh'
[1.623s] Level 1:colcon.colcon_core.environment:checking '/home/neorobot/ros2_ws/install/neorobot_bringup/bin'
[1.623s] Level 1:colcon.colcon_core.environment:checking '/home/neorobot/ros2_ws/install/neorobot_bringup/lib/pkgconfig/neorobot_bringup.pc'
[1.624s] Level 1:colcon.colcon_core.environment:checking '/home/neorobot/ros2_ws/install/neorobot_bringup/lib/python3.12/site-packages'
[1.624s] Level 1:colcon.colcon_core.environment:checking '/home/neorobot/ros2_ws/install/neorobot_bringup/bin'
[1.625s] INFO:colcon.colcon_core.shell:Creating package script '/home/neorobot/ros2_ws/install/neorobot_bringup/share/neorobot_bringup/package.ps1'
[1.626s] INFO:colcon.colcon_core.shell:Creating package descriptor '/home/neorobot/ros2_ws/install/neorobot_bringup/share/neorobot_bringup/package.dsv'
[1.628s] INFO:colcon.colcon_core.shell:Creating package script '/home/neorobot/ros2_ws/install/neorobot_bringup/share/neorobot_bringup/package.sh'
[1.632s] INFO:colcon.colcon_core.shell:Creating package script '/home/neorobot/ros2_ws/install/neorobot_bringup/share/neorobot_bringup/package.bash'
[1.633s] INFO:colcon.colcon_core.shell:Creating package script '/home/neorobot/ros2_ws/install/neorobot_bringup/share/neorobot_bringup/package.zsh'
[1.637s] Level 1:colcon.colcon_core.environment:create_file_with_runtime_dependencies(/home/neorobot/ros2_ws/install/neorobot_bringup/share/colcon-core/packages/neorobot_bringup)
[1.713s] DEBUG:colcon.colcon_core.event_handler.log_command:Invoked command in '/home/neorobot/ros2_ws/build/ydlidar_ros2_driver' returned '0': CMAKE_PREFIX_PATH=${CMAKE_PREFIX_PATH}:/opt/ros/jazzy /usr/bin/cmake --build /home/neorobot/ros2_ws/build/ydlidar_ros2_driver -- -j4 -l4
[1.716s] DEBUG:colcon.colcon_core.event_handler.log_command:Invoking command in '/home/neorobot/ros2_ws/build/ydlidar_ros2_driver': CMAKE_PREFIX_PATH=${CMAKE_PREFIX_PATH}:/opt/ros/jazzy /usr/bin/cmake --install /home/neorobot/ros2_ws/build/ydlidar_ros2_driver
[1.756s] Level 1:colcon.colcon_core.environment:create_environment_scripts_only(ydlidar_ros2_driver)
[1.757s] Level 1:colcon.colcon_core.environment:checking '/home/neorobot/ros2_ws/install/ydlidar_ros2_driver' for CMake module files
[1.759s] Level 1:colcon.colcon_core.environment:checking '/home/neorobot/ros2_ws/install/ydlidar_ros2_driver' for CMake config files
[1.763s] DEBUG:colcon.colcon_core.event_handler.log_command:Invoked command in '/home/neorobot/ros2_ws/build/ydlidar_ros2_driver' returned '0': CMAKE_PREFIX_PATH=${CMAKE_PREFIX_PATH}:/opt/ros/jazzy /usr/bin/cmake --install /home/neorobot/ros2_ws/build/ydlidar_ros2_driver
[1.763s] Level 1:colcon.colcon_core.shell:create_environment_hook('ydlidar_ros2_driver', 'cmake_prefix_path')
[1.763s] INFO:colcon.colcon_core.shell:Creating environment hook '/home/neorobot/ros2_ws/install/ydlidar_ros2_driver/share/ydlidar_ros2_driver/hook/cmake_prefix_path.ps1'
[1.764s] INFO:colcon.colcon_core.shell:Creating environment descriptor '/home/neorobot/ros2_ws/install/ydlidar_ros2_driver/share/ydlidar_ros2_driver/hook/cmake_prefix_path.dsv'
[1.765s] INFO:colcon.colcon_core.shell:Creating environment hook '/home/neorobot/ros2_ws/install/ydlidar_ros2_driver/share/ydlidar_ros2_driver/hook/cmake_prefix_path.sh'
[1.766s] Level 1:colcon.colcon_core.environment:checking '/home/neorobot/ros2_ws/install/ydlidar_ros2_driver/lib'
[1.766s] Level 1:colcon.colcon_core.environment:checking '/home/neorobot/ros2_ws/install/ydlidar_ros2_driver/bin'
[1.766s] Level 1:colcon.colcon_core.environment:checking '/home/neorobot/ros2_ws/install/ydlidar_ros2_driver/lib/pkgconfig/ydlidar_ros2_driver.pc'
[1.766s] Level 1:colcon.colcon_core.environment:checking '/home/neorobot/ros2_ws/install/ydlidar_ros2_driver/lib/python3.12/site-packages'
[1.767s] Level 1:colcon.colcon_core.environment:checking '/home/neorobot/ros2_ws/install/ydlidar_ros2_driver/bin'
[1.767s] INFO:colcon.colcon_core.shell:Creating package script '/home/neorobot/ros2_ws/install/ydlidar_ros2_driver/share/ydlidar_ros2_driver/package.ps1'
[1.768s] INFO:colcon.colcon_core.shell:Creating package descriptor '/home/neorobot/ros2_ws/install/ydlidar_ros2_driver/share/ydlidar_ros2_driver/package.dsv'
[1.769s] INFO:colcon.colcon_core.shell:Creating package script '/home/neorobot/ros2_ws/install/ydlidar_ros2_driver/share/ydlidar_ros2_driver/package.sh'
[1.769s] INFO:colcon.colcon_core.shell:Creating package script '/home/neorobot/ros2_ws/install/ydlidar_ros2_driver/share/ydlidar_ros2_driver/package.bash'
[1.770s] INFO:colcon.colcon_core.shell:Creating package script '/home/neorobot/ros2_ws/install/ydlidar_ros2_driver/share/ydlidar_ros2_driver/package.zsh'
[1.770s] Level 1:colcon.colcon_core.environment:create_file_with_runtime_dependencies(/home/neorobot/ros2_ws/install/ydlidar_ros2_driver/share/colcon-core/packages/ydlidar_ros2_driver)
[1.771s] Level 1:colcon.colcon_core.environment:create_environment_scripts_only(ydlidar_ros2_driver)
[1.772s] Level 1:colcon.colcon_core.environment:checking '/home/neorobot/ros2_ws/install/ydlidar_ros2_driver' for CMake module files
[1.774s] Level 1:colcon.colcon_core.environment:checking '/home/neorobot/ros2_ws/install/ydlidar_ros2_driver' for CMake config files
[1.774s] Level 1:colcon.colcon_core.shell:create_environment_hook('ydlidar_ros2_driver', 'cmake_prefix_path')
[1.775s] INFO:colcon.colcon_core.shell:Creating environment hook '/home/neorobot/ros2_ws/install/ydlidar_ros2_driver/share/ydlidar_ros2_driver/hook/cmake_prefix_path.ps1'
[1.775s] INFO:colcon.colcon_core.shell:Creating environment descriptor '/home/neorobot/ros2_ws/install/ydlidar_ros2_driver/share/ydlidar_ros2_driver/hook/cmake_prefix_path.dsv'
[1.776s] INFO:colcon.colcon_core.shell:Creating environment hook '/home/neorobot/ros2_ws/install/ydlidar_ros2_driver/share/ydlidar_ros2_driver/hook/cmake_prefix_path.sh'
[1.778s] Level 1:colcon.colcon_core.environment:checking '/home/neorobot/ros2_ws/install/ydlidar_ros2_driver/lib'
[1.778s] Level 1:colcon.colcon_core.environment:checking '/home/neorobot/ros2_ws/install/ydlidar_ros2_driver/bin'
[1.778s] Level 1:colcon.colcon_core.environment:checking '/home/neorobot/ros2_ws/install/ydlidar_ros2_driver/lib/pkgconfig/ydlidar_ros2_driver.pc'
[1.779s] Level 1:colcon.colcon_core.environment:checking '/home/neorobot/ros2_ws/install/ydlidar_ros2_driver/lib/python3.12/site-packages'
[1.779s] Level 1:colcon.colcon_core.environment:checking '/home/neorobot/ros2_ws/install/ydlidar_ros2_driver/bin'
[1.780s] INFO:colcon.colcon_core.shell:Creating package script '/home/neorobot/ros2_ws/install/ydlidar_ros2_driver/share/ydlidar_ros2_driver/package.ps1'
[1.781s] INFO:colcon.colcon_core.shell:Creating package descriptor '/home/neorobot/ros2_ws/install/ydlidar_ros2_driver/share/ydlidar_ros2_driver/package.dsv'
[1.782s] INFO:colcon.colcon_core.shell:Creating package script '/home/neorobot/ros2_ws/install/ydlidar_ros2_driver/share/ydlidar_ros2_driver/package.sh'
[1.783s] INFO:colcon.colcon_core.shell:Creating package script '/home/neorobot/ros2_ws/install/ydlidar_ros2_driver/share/ydlidar_ros2_driver/package.bash'
[1.784s] INFO:colcon.colcon_core.shell:Creating package script '/home/neorobot/ros2_ws/install/ydlidar_ros2_driver/share/ydlidar_ros2_driver/package.zsh'
[1.785s] Level 1:colcon.colcon_core.environment:create_file_with_runtime_dependencies(/home/neorobot/ros2_ws/install/ydlidar_ros2_driver/share/colcon-core/packages/ydlidar_ros2_driver)
[2.003s] DEBUG:colcon.colcon_core.event_handler.log_command:Invoked command in '/home/neorobot/ros2_ws/build/laser_geometry' returned '0': CMAKE_PREFIX_PATH=${CMAKE_PREFIX_PATH}:/opt/ros/jazzy /usr/bin/cmake --build /home/neorobot/ros2_ws/build/laser_geometry -- -j4 -l4
[2.005s] DEBUG:colcon.colcon_core.event_handler.log_command:Invoking command in '/home/neorobot/ros2_ws/build/laser_geometry': CMAKE_PREFIX_PATH=${CMAKE_PREFIX_PATH}:/opt/ros/jazzy /usr/bin/cmake --install /home/neorobot/ros2_ws/build/laser_geometry
[2.125s] Level 1:colcon.colcon_core.environment:create_environment_scripts_only(laser_geometry)
[2.126s] Level 1:colcon.colcon_core.environment:checking '/home/neorobot/ros2_ws/install/laser_geometry' for CMake module files
[2.127s] DEBUG:colcon.colcon_core.event_handler.log_command:Invoked command in '/home/neorobot/ros2_ws/build/laser_geometry' returned '0': CMAKE_PREFIX_PATH=${CMAKE_PREFIX_PATH}:/opt/ros/jazzy /usr/bin/cmake --install /home/neorobot/ros2_ws/build/laser_geometry
[2.128s] Level 1:colcon.colcon_core.environment:checking '/home/neorobot/ros2_ws/install/laser_geometry' for CMake config files
[2.128s] Level 1:colcon.colcon_core.shell:create_environment_hook('laser_geometry', 'cmake_prefix_path')
[2.129s] INFO:colcon.colcon_core.shell:Creating environment hook '/home/neorobot/ros2_ws/install/laser_geometry/share/laser_geometry/hook/cmake_prefix_path.ps1'
[2.129s] INFO:colcon.colcon_core.shell:Creating environment descriptor '/home/neorobot/ros2_ws/install/laser_geometry/share/laser_geometry/hook/cmake_prefix_path.dsv'
[2.130s] INFO:colcon.colcon_core.shell:Creating environment hook '/home/neorobot/ros2_ws/install/laser_geometry/share/laser_geometry/hook/cmake_prefix_path.sh'
[2.131s] Level 1:colcon.colcon_core.environment:checking '/home/neorobot/ros2_ws/install/laser_geometry/lib'
[2.131s] Level 1:colcon.colcon_core.shell:create_environment_hook('laser_geometry', 'ld_library_path_lib')
[2.132s] INFO:colcon.colcon_core.shell:Creating environment hook '/home/neorobot/ros2_ws/install/laser_geometry/share/laser_geometry/hook/ld_library_path_lib.ps1'
[2.132s] INFO:colcon.colcon_core.shell:Creating environment descriptor '/home/neorobot/ros2_ws/install/laser_geometry/share/laser_geometry/hook/ld_library_path_lib.dsv'
[2.133s] INFO:colcon.colcon_core.shell:Creating environment hook '/home/neorobot/ros2_ws/install/laser_geometry/share/laser_geometry/hook/ld_library_path_lib.sh'
[2.133s] Level 1:colcon.colcon_core.environment:checking '/home/neorobot/ros2_ws/install/laser_geometry/bin'
[2.134s] Level 1:colcon.colcon_core.environment:checking '/home/neorobot/ros2_ws/install/laser_geometry/lib/pkgconfig/laser_geometry.pc'
[2.134s] Level 1:colcon.colcon_core.environment:checking '/home/neorobot/ros2_ws/install/laser_geometry/lib/python3.12/site-packages'
[2.134s] Level 1:colcon.colcon_core.shell:create_environment_hook('laser_geometry', 'pythonpath')
[2.134s] INFO:colcon.colcon_core.shell:Creating environment hook '/home/neorobot/ros2_ws/install/laser_geometry/share/laser_geometry/hook/pythonpath.ps1'
[2.135s] INFO:colcon.colcon_core.shell:Creating environment descriptor '/home/neorobot/ros2_ws/install/laser_geometry/share/laser_geometry/hook/pythonpath.dsv'
[2.136s] INFO:colcon.colcon_core.shell:Creating environment hook '/home/neorobot/ros2_ws/install/laser_geometry/share/laser_geometry/hook/pythonpath.sh'
[2.137s] Level 1:colcon.colcon_core.environment:checking '/home/neorobot/ros2_ws/install/laser_geometry/bin'
[2.137s] INFO:colcon.colcon_core.shell:Creating package script '/home/neorobot/ros2_ws/install/laser_geometry/share/laser_geometry/package.ps1'
[2.138s] INFO:colcon.colcon_core.shell:Creating package descriptor '/home/neorobot/ros2_ws/install/laser_geometry/share/laser_geometry/package.dsv'
[2.138s] INFO:colcon.colcon_core.shell:Creating package script '/home/neorobot/ros2_ws/install/laser_geometry/share/laser_geometry/package.sh'
[2.139s] INFO:colcon.colcon_core.shell:Creating package script '/home/neorobot/ros2_ws/install/laser_geometry/share/laser_geometry/package.bash'
[2.139s] INFO:colcon.colcon_core.shell:Creating package script '/home/neorobot/ros2_ws/install/laser_geometry/share/laser_geometry/package.zsh'
[2.140s] Level 1:colcon.colcon_core.environment:create_file_with_runtime_dependencies(/home/neorobot/ros2_ws/install/laser_geometry/share/colcon-core/packages/laser_geometry)
[2.140s] Level 1:colcon.colcon_core.environment:create_environment_scripts_only(laser_geometry)
[2.141s] Level 1:colcon.colcon_core.environment:checking '/home/neorobot/ros2_ws/install/laser_geometry' for CMake module files
[2.142s] Level 1:colcon.colcon_core.environment:checking '/home/neorobot/ros2_ws/install/laser_geometry' for CMake config files
[2.142s] Level 1:colcon.colcon_core.shell:create_environment_hook('laser_geometry', 'cmake_prefix_path')
[2.143s] INFO:colcon.colcon_core.shell:Creating environment hook '/home/neorobot/ros2_ws/install/laser_geometry/share/laser_geometry/hook/cmake_prefix_path.ps1'
[2.143s] INFO:colcon.colcon_core.shell:Creating environment descriptor '/home/neorobot/ros2_ws/install/laser_geometry/share/laser_geometry/hook/cmake_prefix_path.dsv'
[2.144s] INFO:colcon.colcon_core.shell:Creating environment hook '/home/neorobot/ros2_ws/install/laser_geometry/share/laser_geometry/hook/cmake_prefix_path.sh'
[2.145s] Level 1:colcon.colcon_core.environment:checking '/home/neorobot/ros2_ws/install/laser_geometry/lib'
[2.145s] Level 1:colcon.colcon_core.shell:create_environment_hook('laser_geometry', 'ld_library_path_lib')
[2.145s] INFO:colcon.colcon_core.shell:Creating environment hook '/home/neorobot/ros2_ws/install/laser_geometry/share/laser_geometry/hook/ld_library_path_lib.ps1'
[2.146s] INFO:colcon.colcon_core.shell:Creating environment descriptor '/home/neorobot/ros2_ws/install/laser_geometry/share/laser_geometry/hook/ld_library_path_lib.dsv'
[2.146s] INFO:colcon.colcon_core.shell:Creating environment hook '/home/neorobot/ros2_ws/install/laser_geometry/share/laser_geometry/hook/ld_library_path_lib.sh'
[2.147s] Level 1:colcon.colcon_core.environment:checking '/home/neorobot/ros2_ws/install/laser_geometry/bin'
[2.147s] Level 1:colcon.colcon_core.environment:checking '/home/neorobot/ros2_ws/install/laser_geometry/lib/pkgconfig/laser_geometry.pc'
[2.147s] Level 1:colcon.colcon_core.environment:checking '/home/neorobot/ros2_ws/install/laser_geometry/lib/python3.12/site-packages'
[2.147s] Level 1:colcon.colcon_core.shell:create_environment_hook('laser_geometry', 'pythonpath')
[2.148s] INFO:colcon.colcon_core.shell:Creating environment hook '/home/neorobot/ros2_ws/install/laser_geometry/share/laser_geometry/hook/pythonpath.ps1'
[2.148s] INFO:colcon.colcon_core.shell:Creating environment descriptor '/home/neorobot/ros2_ws/install/laser_geometry/share/laser_geometry/hook/pythonpath.dsv'
[2.149s] INFO:colcon.colcon_core.shell:Creating environment hook '/home/neorobot/ros2_ws/install/laser_geometry/share/laser_geometry/hook/pythonpath.sh'
[2.150s] Level 1:colcon.colcon_core.environment:checking '/home/neorobot/ros2_ws/install/laser_geometry/bin'
[2.150s] INFO:colcon.colcon_core.shell:Creating package script '/home/neorobot/ros2_ws/install/laser_geometry/share/laser_geometry/package.ps1'
[2.151s] INFO:colcon.colcon_core.shell:Creating package descriptor '/home/neorobot/ros2_ws/install/laser_geometry/share/laser_geometry/package.dsv'
[2.151s] INFO:colcon.colcon_core.shell:Creating package script '/home/neorobot/ros2_ws/install/laser_geometry/share/laser_geometry/package.sh'
[2.152s] INFO:colcon.colcon_core.shell:Creating package script '/home/neorobot/ros2_ws/install/laser_geometry/share/laser_geometry/package.bash'
[2.153s] INFO:colcon.colcon_core.shell:Creating package script '/home/neorobot/ros2_ws/install/laser_geometry/share/laser_geometry/package.zsh'
[2.153s] Level 1:colcon.colcon_core.environment:create_file_with_runtime_dependencies(/home/neorobot/ros2_ws/install/laser_geometry/share/colcon-core/packages/laser_geometry)
[29.266s] DEBUG:colcon.colcon_core.event_handler.log_command:Invoked command in '/home/neorobot/ros2_ws/build/uart_driver' returned '0': CMAKE_PREFIX_PATH=${CMAKE_PREFIX_PATH}:/opt/ros/jazzy /usr/bin/cmake --build /home/neorobot/ros2_ws/build/uart_driver -- -j4 -l4
[29.270s] DEBUG:colcon.colcon_core.event_handler.log_command:Invoking command in '/home/neorobot/ros2_ws/build/uart_driver': CMAKE_PREFIX_PATH=${CMAKE_PREFIX_PATH}:/opt/ros/jazzy /usr/bin/cmake --install /home/neorobot/ros2_ws/build/uart_driver
[29.321s] Level 1:colcon.colcon_core.environment:create_environment_scripts_only(uart_driver)
[29.321s] Level 1:colcon.colcon_core.environment:checking '/home/neorobot/ros2_ws/install/uart_driver' for CMake module files
[29.321s] DEBUG:colcon.colcon_core.event_handler.log_command:Invoked command in '/home/neorobot/ros2_ws/build/uart_driver' returned '0': CMAKE_PREFIX_PATH=${CMAKE_PREFIX_PATH}:/opt/ros/jazzy /usr/bin/cmake --install /home/neorobot/ros2_ws/build/uart_driver
[29.324s] Level 1:colcon.colcon_core.environment:checking '/home/neorobot/ros2_ws/install/uart_driver' for CMake config files
[29.324s] Level 1:colcon.colcon_core.shell:create_environment_hook('uart_driver', 'cmake_prefix_path')
[29.325s] INFO:colcon.colcon_core.shell:Creating environment hook '/home/neorobot/ros2_ws/install/uart_driver/share/uart_driver/hook/cmake_prefix_path.ps1'
[29.326s] INFO:colcon.colcon_core.shell:Creating environment descriptor '/home/neorobot/ros2_ws/install/uart_driver/share/uart_driver/hook/cmake_prefix_path.dsv'
[29.326s] INFO:colcon.colcon_core.shell:Creating environment hook '/home/neorobot/ros2_ws/install/uart_driver/share/uart_driver/hook/cmake_prefix_path.sh'
[29.328s] Level 1:colcon.colcon_core.environment:checking '/home/neorobot/ros2_ws/install/uart_driver/lib'
[29.328s] Level 1:colcon.colcon_core.environment:checking '/home/neorobot/ros2_ws/install/uart_driver/bin'
[29.329s] Level 1:colcon.colcon_core.environment:checking '/home/neorobot/ros2_ws/install/uart_driver/lib/pkgconfig/uart_driver.pc'
[29.329s] Level 1:colcon.colcon_core.environment:checking '/home/neorobot/ros2_ws/install/uart_driver/lib/python3.12/site-packages'
[29.330s] Level 1:colcon.colcon_core.environment:checking '/home/neorobot/ros2_ws/install/uart_driver/bin'
[29.331s] INFO:colcon.colcon_core.shell:Creating package script '/home/neorobot/ros2_ws/install/uart_driver/share/uart_driver/package.ps1'
[29.332s] INFO:colcon.colcon_core.shell:Creating package descriptor '/home/neorobot/ros2_ws/install/uart_driver/share/uart_driver/package.dsv'
[29.333s] INFO:colcon.colcon_core.shell:Creating package script '/home/neorobot/ros2_ws/install/uart_driver/share/uart_driver/package.sh'
[29.335s] INFO:colcon.colcon_core.shell:Creating package script '/home/neorobot/ros2_ws/install/uart_driver/share/uart_driver/package.bash'
[29.336s] INFO:colcon.colcon_core.shell:Creating package script '/home/neorobot/ros2_ws/install/uart_driver/share/uart_driver/package.zsh'
[29.337s] Level 1:colcon.colcon_core.environment:create_file_with_runtime_dependencies(/home/neorobot/ros2_ws/install/uart_driver/share/colcon-core/packages/uart_driver)
[29.338s] Level 1:colcon.colcon_core.environment:create_environment_scripts_only(uart_driver)
[29.338s] Level 1:colcon.colcon_core.environment:checking '/home/neorobot/ros2_ws/install/uart_driver' for CMake module files
[29.339s] Level 1:colcon.colcon_core.environment:checking '/home/neorobot/ros2_ws/install/uart_driver' for CMake config files
[29.339s] Level 1:colcon.colcon_core.shell:create_environment_hook('uart_driver', 'cmake_prefix_path')
[29.340s] INFO:colcon.colcon_core.shell:Creating environment hook '/home/neorobot/ros2_ws/install/uart_driver/share/uart_driver/hook/cmake_prefix_path.ps1'
[29.340s] INFO:colcon.colcon_core.shell:Creating environment descriptor '/home/neorobot/ros2_ws/install/uart_driver/share/uart_driver/hook/cmake_prefix_path.dsv'
[29.341s] INFO:colcon.colcon_core.shell:Creating environment hook '/home/neorobot/ros2_ws/install/uart_driver/share/uart_driver/hook/cmake_prefix_path.sh'
[29.342s] Level 1:colcon.colcon_core.environment:checking '/home/neorobot/ros2_ws/install/uart_driver/lib'
[29.342s] Level 1:colcon.colcon_core.environment:checking '/home/neorobot/ros2_ws/install/uart_driver/bin'
[29.342s] Level 1:colcon.colcon_core.environment:checking '/home/neorobot/ros2_ws/install/uart_driver/lib/pkgconfig/uart_driver.pc'
[29.342s] Level 1:colcon.colcon_core.environment:checking '/home/neorobot/ros2_ws/install/uart_driver/lib/python3.12/site-packages'
[29.343s] Level 1:colcon.colcon_core.environment:checking '/home/neorobot/ros2_ws/install/uart_driver/bin'
[29.344s] INFO:colcon.colcon_core.shell:Creating package script '/home/neorobot/ros2_ws/install/uart_driver/share/uart_driver/package.ps1'
[29.345s] INFO:colcon.colcon_core.shell:Creating package descriptor '/home/neorobot/ros2_ws/install/uart_driver/share/uart_driver/package.dsv'
[29.346s] INFO:colcon.colcon_core.shell:Creating package script '/home/neorobot/ros2_ws/install/uart_driver/share/uart_driver/package.sh'
[29.347s] INFO:colcon.colcon_core.shell:Creating package script '/home/neorobot/ros2_ws/install/uart_driver/share/uart_driver/package.bash'
[29.348s] INFO:colcon.colcon_core.shell:Creating package script '/home/neorobot/ros2_ws/install/uart_driver/share/uart_driver/package.zsh'
[29.349s] Level 1:colcon.colcon_core.environment:create_file_with_runtime_dependencies(/home/neorobot/ros2_ws/install/uart_driver/share/colcon-core/packages/uart_driver)
[29.349s] DEBUG:colcon.colcon_parallel_executor.executor.parallel:closing loop
[29.350s] DEBUG:colcon.colcon_parallel_executor.executor.parallel:loop closed
[29.350s] DEBUG:colcon.colcon_parallel_executor.executor.parallel:run_until_complete finished with '0'
[29.350s] DEBUG:colcon.colcon_core.event_reactor:joining thread
[29.372s] INFO:colcon.colcon_core.plugin_system:Skipping extension 'colcon_notification.desktop_notification.notify_send': Could not find 'notify-send'
[29.372s] INFO:colcon.colcon_core.plugin_system:Skipping extension 'colcon_notification.desktop_notification.terminal_notifier': Not used on non-Darwin systems
[29.373s] INFO:colcon.colcon_core.plugin_system:Skipping extension 'colcon_notification.desktop_notification.win32': Not used on non-Windows systems
[29.373s] INFO:colcon.colcon_notification.desktop_notification:Sending desktop notification using 'notify2'
[29.387s] DEBUG:colcon.colcon_notification.desktop_notification.notify2:Failed to initialize notify2: org.freedesktop.DBus.Error.ServiceUnknown: The name org.freedesktop.Notifications was not provided by any .service files
[29.388s] DEBUG:colcon.colcon_core.event_reactor:joined thread
[29.388s] INFO:colcon.colcon_core.shell:Creating prefix script '/home/neorobot/ros2_ws/install/local_setup.ps1'
[29.390s] INFO:colcon.colcon_core.shell:Creating prefix util module '/home/neorobot/ros2_ws/install/_local_setup_util_ps1.py'
[29.393s] INFO:colcon.colcon_core.shell:Creating prefix chain script '/home/neorobot/ros2_ws/install/setup.ps1'
[29.397s] INFO:colcon.colcon_core.shell:Creating prefix script '/home/neorobot/ros2_ws/install/local_setup.sh'
[29.399s] INFO:colcon.colcon_core.shell:Creating prefix util module '/home/neorobot/ros2_ws/install/_local_setup_util_sh.py'
[29.401s] INFO:colcon.colcon_core.shell:Creating prefix chain script '/home/neorobot/ros2_ws/install/setup.sh'
[29.404s] INFO:colcon.colcon_core.shell:Creating prefix script '/home/neorobot/ros2_ws/install/local_setup.bash'
[29.406s] INFO:colcon.colcon_core.shell:Creating prefix chain script '/home/neorobot/ros2_ws/install/setup.bash'
[29.409s] INFO:colcon.colcon_core.shell:Creating prefix script '/home/neorobot/ros2_ws/install/local_setup.zsh'
[29.410s] INFO:colcon.colcon_core.shell:Creating prefix chain script '/home/neorobot/ros2_ws/install/setup.zsh'
