[0.090s] Invoking command in '/home/neorobot/ros2_ws/build/ydlidar_ros2_driver': CMAKE_PREFIX_PATH=${CMAKE_PREFIX_PATH}:/opt/ros/jazzy /usr/bin/cmake --build /home/neorobot/ros2_ws/build/ydlidar_ros2_driver -- -j4 -l4
[0.461s] [ 50%] Built target ydlidar_ros2_driver_node
[0.497s] [100%] Built target ydlidar_ros2_driver_client
[0.571s] Invoked command in '/home/neorobot/ros2_ws/build/ydlidar_ros2_driver' returned '0': CMAKE_PREFIX_PATH=${CMAKE_PREFIX_PATH}:/opt/ros/jazzy /usr/bin/cmake --build /home/neorobot/ros2_ws/build/ydlidar_ros2_driver -- -j4 -l4
[0.575s] Invoking command in '/home/neorobot/ros2_ws/build/ydlidar_ros2_driver': CMAKE_PREFIX_PATH=${CMAKE_PREFIX_PATH}:/opt/ros/jazzy /usr/bin/cmake --install /home/neorobot/ros2_ws/build/ydlidar_ros2_driver
[0.611s] -- Install configuration: ""
[0.615s] -- Up-to-date: /home/neorobot/ros2_ws/install/ydlidar_ros2_driver/lib/ydlidar_ros2_driver/ydlidar_ros2_driver_node
[0.621s] -- Up-to-date: /home/neorobot/ros2_ws/install/ydlidar_ros2_driver/lib/ydlidar_ros2_driver/ydlidar_ros2_driver_client
[0.622s] -- Up-to-date: /home/neorobot/ros2_ws/install/ydlidar_ros2_driver/share/ydlidar_ros2_driver/launch
[0.625s] -- Up-to-date: /home/neorobot/ros2_ws/install/ydlidar_ros2_driver/share/ydlidar_ros2_driver/launch/ydlidar_launch_view.py
[0.626s] -- Up-to-date: /home/neorobot/ros2_ws/install/ydlidar_ros2_driver/share/ydlidar_ros2_driver/launch/ydlidar.py
[0.627s] -- Up-to-date: /home/neorobot/ros2_ws/install/ydlidar_ros2_driver/share/ydlidar_ros2_driver/launch/ydlidar_launch.py
[0.628s] -- Up-to-date: /home/neorobot/ros2_ws/install/ydlidar_ros2_driver/share/ydlidar_ros2_driver/launch/ydlidar_launch_org.py
[0.628s] -- Up-to-date: /home/neorobot/ros2_ws/install/ydlidar_ros2_driver/share/ydlidar_ros2_driver/params
[0.628s] -- Up-to-date: /home/neorobot/ros2_ws/install/ydlidar_ros2_driver/share/ydlidar_ros2_driver/params/ydlidar.yaml
[0.628s] -- Up-to-date: /home/neorobot/ros2_ws/install/ydlidar_ros2_driver/share/ydlidar_ros2_driver/startup
[0.630s] -- Up-to-date: /home/neorobot/ros2_ws/install/ydlidar_ros2_driver/share/ydlidar_ros2_driver/startup/initenv.sh
[0.630s] -- Up-to-date: /home/neorobot/ros2_ws/install/ydlidar_ros2_driver/share/ydlidar_ros2_driver/config
[0.630s] -- Up-to-date: /home/neorobot/ros2_ws/install/ydlidar_ros2_driver/share/ydlidar_ros2_driver/config/ydlidar.rviz
[0.630s] -- Up-to-date: /home/neorobot/ros2_ws/install/ydlidar_ros2_driver/share/ament_index/resource_index/package_run_dependencies/ydlidar_ros2_driver
[0.635s] -- Up-to-date: /home/neorobot/ros2_ws/install/ydlidar_ros2_driver/share/ament_index/resource_index/parent_prefix_path/ydlidar_ros2_driver
[0.636s] -- Up-to-date: /home/neorobot/ros2_ws/install/ydlidar_ros2_driver/share/ydlidar_ros2_driver/environment/ament_prefix_path.sh
[0.637s] -- Up-to-date: /home/neorobot/ros2_ws/install/ydlidar_ros2_driver/share/ydlidar_ros2_driver/environment/ament_prefix_path.dsv
[0.637s] -- Up-to-date: /home/neorobot/ros2_ws/install/ydlidar_ros2_driver/share/ydlidar_ros2_driver/environment/path.sh
[0.638s] -- Up-to-date: /home/neorobot/ros2_ws/install/ydlidar_ros2_driver/share/ydlidar_ros2_driver/environment/path.dsv
[0.639s] -- Up-to-date: /home/neorobot/ros2_ws/install/ydlidar_ros2_driver/share/ydlidar_ros2_driver/local_setup.bash
[0.640s] -- Up-to-date: /home/neorobot/ros2_ws/install/ydlidar_ros2_driver/share/ydlidar_ros2_driver/local_setup.sh
[0.641s] -- Up-to-date: /home/neorobot/ros2_ws/install/ydlidar_ros2_driver/share/ydlidar_ros2_driver/local_setup.zsh
[0.642s] -- Up-to-date: /home/neorobot/ros2_ws/install/ydlidar_ros2_driver/share/ydlidar_ros2_driver/local_setup.dsv
[0.644s] -- Installing: /home/neorobot/ros2_ws/install/ydlidar_ros2_driver/share/ydlidar_ros2_driver/package.dsv
[0.645s] -- Up-to-date: /home/neorobot/ros2_ws/install/ydlidar_ros2_driver/share/ament_index/resource_index/packages/ydlidar_ros2_driver
[0.648s] -- Up-to-date: /home/neorobot/ros2_ws/install/ydlidar_ros2_driver/share/ydlidar_ros2_driver/cmake/ydlidar_ros2_driverConfig.cmake
[0.648s] -- Up-to-date: /home/neorobot/ros2_ws/install/ydlidar_ros2_driver/share/ydlidar_ros2_driver/cmake/ydlidar_ros2_driverConfig-version.cmake
[0.650s] -- Up-to-date: /home/neorobot/ros2_ws/install/ydlidar_ros2_driver/share/ydlidar_ros2_driver/package.xml
[0.651s] Invoked command in '/home/neorobot/ros2_ws/build/ydlidar_ros2_driver' returned '0': CMAKE_PREFIX_PATH=${CMAKE_PREFIX_PATH}:/opt/ros/jazzy /usr/bin/cmake --install /home/neorobot/ros2_ws/build/ydlidar_ros2_driver
