[0.045s] Invoking command in '/home/neorobot/ros2_ws/build/cam_vision_control': CMAKE_PREFIX_PATH=${CMAKE_PREFIX_PATH}:/opt/ros/jazzy /usr/bin/cmake --build /home/neorobot/ros2_ws/build/cam_vision_control -- -j4 -l4
[0.405s] [ 50%] [32mBuilding CXX object CMakeFiles/wall_follow.dir/src/wall_follow.cpp.o[0m
[17.615s] [100%] [32m[1mLinking CXX executable wall_follow[0m
[19.292s] [100%] Built target wall_follow
[19.315s] Invoked command in '/home/neorobot/ros2_ws/build/cam_vision_control' returned '0': CMAKE_PREFIX_PATH=${CMAKE_PREFIX_PATH}:/opt/ros/jazzy /usr/bin/cmake --build /home/neorobot/ros2_ws/build/cam_vision_control -- -j4 -l4
[19.317s] Invoking command in '/home/neorobot/ros2_ws/build/cam_vision_control': CMAKE_PREFIX_PATH=${CMAKE_PREFIX_PATH}:/opt/ros/jazzy /usr/bin/cmake --install /home/neorobot/ros2_ws/build/cam_vision_control
[19.334s] -- Install configuration: ""
[19.335s] -- Installing: /home/neorobot/ros2_ws/install/cam_vision_control/lib/cam_vision_control/wall_follow
[19.347s] -- Set non-toolchain portion of runtime path of "/home/neorobot/ros2_ws/install/cam_vision_control/lib/cam_vision_control/wall_follow" to ""
[19.347s] -- Up-to-date: /home/neorobot/ros2_ws/install/cam_vision_control/share/ament_index/resource_index/package_run_dependencies/cam_vision_control
[19.347s] -- Up-to-date: /home/neorobot/ros2_ws/install/cam_vision_control/share/ament_index/resource_index/parent_prefix_path/cam_vision_control
[19.348s] -- Up-to-date: /home/neorobot/ros2_ws/install/cam_vision_control/share/cam_vision_control/environment/ament_prefix_path.sh
[19.348s] -- Up-to-date: /home/neorobot/ros2_ws/install/cam_vision_control/share/cam_vision_control/environment/ament_prefix_path.dsv
[19.348s] -- Up-to-date: /home/neorobot/ros2_ws/install/cam_vision_control/share/cam_vision_control/environment/path.sh
[19.348s] -- Up-to-date: /home/neorobot/ros2_ws/install/cam_vision_control/share/cam_vision_control/environment/path.dsv
[19.348s] -- Up-to-date: /home/neorobot/ros2_ws/install/cam_vision_control/share/cam_vision_control/local_setup.bash
[19.348s] -- Up-to-date: /home/neorobot/ros2_ws/install/cam_vision_control/share/cam_vision_control/local_setup.sh
[19.348s] -- Up-to-date: /home/neorobot/ros2_ws/install/cam_vision_control/share/cam_vision_control/local_setup.zsh
[19.348s] -- Up-to-date: /home/neorobot/ros2_ws/install/cam_vision_control/share/cam_vision_control/local_setup.dsv
[19.348s] -- Installing: /home/neorobot/ros2_ws/install/cam_vision_control/share/cam_vision_control/package.dsv
[19.348s] -- Up-to-date: /home/neorobot/ros2_ws/install/cam_vision_control/share/ament_index/resource_index/packages/cam_vision_control
[19.349s] -- Up-to-date: /home/neorobot/ros2_ws/install/cam_vision_control/share/cam_vision_control/cmake/cam_vision_controlConfig.cmake
[19.349s] -- Up-to-date: /home/neorobot/ros2_ws/install/cam_vision_control/share/cam_vision_control/cmake/cam_vision_controlConfig-version.cmake
[19.349s] -- Up-to-date: /home/neorobot/ros2_ws/install/cam_vision_control/share/cam_vision_control/package.xml
[19.352s] Invoked command in '/home/neorobot/ros2_ws/build/cam_vision_control' returned '0': CMAKE_PREFIX_PATH=${CMAKE_PREFIX_PATH}:/opt/ros/jazzy /usr/bin/cmake --install /home/neorobot/ros2_ws/build/cam_vision_control
