[0.117s] Invoking command in '/home/neorobot/ros2_ws/build/neo_robot_safety': CMAKE_PREFIX_PATH=${CMAKE_PREFIX_PATH}:/opt/ros/jazzy /usr/bin/cmake --build /home/neorobot/ros2_ws/build/neo_robot_safety -- -j4 -l4
[0.596s] [ 25%] Built target lidar_human_detect
[0.622s] [ 50%] Built target motion_arbiter
[0.622s] [ 62%] [32mBuilding CXX object CMakeFiles/lidar_human_leg_detect.dir/src/lidar_human_leg_detect.cpp.o[0m
[0.631s] [ 87%] Built target human_n_obstacle_layer
[8.727s] [01m[K/home/neorobot/ros2_ws/src/neo_robot_safety/src/lidar_human_leg_detect.cpp:[m[K In member function ‘[01m[Kstd::pair<float, float> LidarHumanDetect::[01;32m[KgetCenter[m[K(const Cluster&)[m[K’:
[8.727s] [01m[K/home/neorobot/ros2_ws/src/neo_robot_safety/src/lidar_human_leg_detect.cpp:36:5:[m[K [01;36m[Knote: [m[Kparameter passing for argument of type ‘[01m[Kstd::pair<float, float>[m[K’ when C++17 is enabled changed to match C++14 ]8;;https://gcc.gnu.org/gcc-10/changes.html#empty_basein GCC 10.1]8;;
[8.727s]    36 |     [01;36m[K{[m[K
[8.727s]       |     [01;36m[K^[m[K
[18.795s] [100%] [32m[1mLinking CXX executable lidar_human_leg_detect[0m
[20.097s] [100%] Built target lidar_human_leg_detect
[20.121s] Invoked command in '/home/neorobot/ros2_ws/build/neo_robot_safety' returned '0': CMAKE_PREFIX_PATH=${CMAKE_PREFIX_PATH}:/opt/ros/jazzy /usr/bin/cmake --build /home/neorobot/ros2_ws/build/neo_robot_safety -- -j4 -l4
[20.123s] Invoking command in '/home/neorobot/ros2_ws/build/neo_robot_safety': CMAKE_PREFIX_PATH=${CMAKE_PREFIX_PATH}:/opt/ros/jazzy /usr/bin/cmake --install /home/neorobot/ros2_ws/build/neo_robot_safety
[20.143s] -- Install configuration: ""
[20.143s] -- Up-to-date: /home/neorobot/ros2_ws/install/neo_robot_safety/share/neo_robot_safety/plugin.xml
[20.145s] -- Up-to-date: /home/neorobot/ros2_ws/install/neo_robot_safety/lib/neo_robot_safety/motion_arbiter
[20.145s] -- Installing: /home/neorobot/ros2_ws/install/neo_robot_safety/lib/neo_robot_safety/lidar_human_leg_detect
[20.156s] -- Set non-toolchain portion of runtime path of "/home/neorobot/ros2_ws/install/neo_robot_safety/lib/neo_robot_safety/lidar_human_leg_detect" to ""
[20.157s] -- Up-to-date: /home/neorobot/ros2_ws/install/neo_robot_safety/lib/libhuman_n_obstacle_layer.so
[20.160s] -- Up-to-date: /home/neorobot/ros2_ws/install/neo_robot_safety/share/ament_index/resource_index/package_run_dependencies/neo_robot_safety
[20.160s] -- Up-to-date: /home/neorobot/ros2_ws/install/neo_robot_safety/share/ament_index/resource_index/parent_prefix_path/neo_robot_safety
[20.160s] -- Up-to-date: /home/neorobot/ros2_ws/install/neo_robot_safety/share/neo_robot_safety/environment/ament_prefix_path.sh
[20.160s] -- Up-to-date: /home/neorobot/ros2_ws/install/neo_robot_safety/share/neo_robot_safety/environment/ament_prefix_path.dsv
[20.161s] -- Up-to-date: /home/neorobot/ros2_ws/install/neo_robot_safety/share/neo_robot_safety/environment/path.sh
[20.162s] -- Up-to-date: /home/neorobot/ros2_ws/install/neo_robot_safety/share/neo_robot_safety/environment/path.dsv
[20.162s] -- Up-to-date: /home/neorobot/ros2_ws/install/neo_robot_safety/share/neo_robot_safety/local_setup.bash
[20.162s] -- Up-to-date: /home/neorobot/ros2_ws/install/neo_robot_safety/share/neo_robot_safety/local_setup.sh
[20.162s] -- Up-to-date: /home/neorobot/ros2_ws/install/neo_robot_safety/share/neo_robot_safety/local_setup.zsh
[20.163s] -- Up-to-date: /home/neorobot/ros2_ws/install/neo_robot_safety/share/neo_robot_safety/local_setup.dsv
[20.163s] -- Installing: /home/neorobot/ros2_ws/install/neo_robot_safety/share/neo_robot_safety/package.dsv
[20.164s] -- Up-to-date: /home/neorobot/ros2_ws/install/neo_robot_safety/share/ament_index/resource_index/packages/neo_robot_safety
[20.165s] -- Up-to-date: /home/neorobot/ros2_ws/install/neo_robot_safety/share/ament_index/resource_index/nav2_costmap_2d__pluginlib__plugin/neo_robot_safety
[20.165s] -- Up-to-date: /home/neorobot/ros2_ws/install/neo_robot_safety/share/neo_robot_safety/cmake/neo_robot_safetyConfig.cmake
[20.165s] -- Up-to-date: /home/neorobot/ros2_ws/install/neo_robot_safety/share/neo_robot_safety/cmake/neo_robot_safetyConfig-version.cmake
[20.165s] -- Up-to-date: /home/neorobot/ros2_ws/install/neo_robot_safety/share/neo_robot_safety/package.xml
[20.166s] Invoked command in '/home/neorobot/ros2_ws/build/neo_robot_safety' returned '0': CMAKE_PREFIX_PATH=${CMAKE_PREFIX_PATH}:/opt/ros/jazzy /usr/bin/cmake --install /home/neorobot/ros2_ws/build/neo_robot_safety
