[0.086s] Invoking command in '/home/neorobot/ros2_ws/build/neo_robot_safety': CMAKE_PREFIX_PATH=${CMAKE_PREFIX_PATH}:/opt/ros/jazzy /usr/bin/cmake --build /home/neorobot/ros2_ws/build/neo_robot_safety -- -j4 -l4
[0.386s] [ 33%] Built target lidar_human_detect
[0.407s] [ 66%] Built target motion_arbiter
[0.441s] [ 83%] [32mBuilding CXX object CMakeFiles/human_n_obstacle_layer.dir/src/human_n_obstacle_layer.cpp.o[0m
[7.179s] [01m[K/home/neorobot/ros2_ws/src/neo_robot_safety/src/human_n_obstacle_layer.cpp:[m[K In member function ‘[01m[Kvirtual void human_n_obstacle_layer::HumanLayer::[01;32m[KupdateBounds[m[K(double, double, double, double*, double*, double*, double*)[m[K’:
[7.179s] [01m[K/home/neorobot/ros2_ws/src/neo_robot_safety/src/human_n_obstacle_layer.cpp:296:62:[m[K [01;35m[Kwarning: [m[Kunused parameter ‘[01m[Krobot_yaw[m[K’ [[01;35m[K]8;;https://gcc.gnu.org/onlinedocs/gcc/Warning-Options.html#index-Wunused-parameter-Wunused-parameter]8;;[m[K]
[7.179s]   296 |     void updateBounds(double robot_x, double robot_y, [01;35m[Kdouble robot_yaw[m[K,
[7.179s]       |                                                       [01;35m[K~~~~~~~^~~~~~~~~[m[K
[7.199s] [01m[K/home/neorobot/ros2_ws/src/neo_robot_safety/src/human_n_obstacle_layer.cpp:[m[K In member function ‘[01m[Kvirtual void human_n_obstacle_layer::HumanLayer::[01;32m[KupdateCosts[m[K(nav2_costmap_2d::Costmap2D&, int, int, int, int)[m[K’:
[7.199s] [01m[K/home/neorobot/ros2_ws/src/neo_robot_safety/src/human_n_obstacle_layer.cpp:431:55:[m[K [01;31m[Kerror: [m[K‘[01m[Kside[m[K’ was not declared in this scope; did you mean ‘[01m[Ksize[m[K’?
[7.199s]   431 |               double px = p.x + cos(yaw)*d - sin(yaw)*[01;31m[Kside[m[K;
[7.199s]       |                                                       [01;31m[K^~~~[m[K
[7.199s]       |                                                       [32m[Ksize[m[K
[7.201s] [01m[K/home/neorobot/ros2_ws/src/neo_robot_safety/src/human_n_obstacle_layer.cpp:415:16:[m[K [01;35m[Kwarning: [m[Kunused variable ‘[01m[Kbase_side[m[K’ [[01;35m[K]8;;https://gcc.gnu.org/onlinedocs/gcc/Warning-Options.html#index-Wunused-variable-Wunused-variable]8;;[m[K]
[7.201s]   415 |         double [01;35m[Kbase_side[m[K = p.side;   // 🔥 저장된 좌/우 위치
[7.202s]       |                [01;35m[K^~~~~~~~~[m[K
[13.696s] gmake[2]: *** [CMakeFiles/human_n_obstacle_layer.dir/build.make:76: CMakeFiles/human_n_obstacle_layer.dir/src/human_n_obstacle_layer.cpp.o] Error 1
[13.696s] gmake[1]: *** [CMakeFiles/Makefile2:193: CMakeFiles/human_n_obstacle_layer.dir/all] Error 2
[13.697s] gmake: *** [Makefile:146: all] Error 2
[13.700s] Invoked command in '/home/neorobot/ros2_ws/build/neo_robot_safety' returned '2': CMAKE_PREFIX_PATH=${CMAKE_PREFIX_PATH}:/opt/ros/jazzy /usr/bin/cmake --build /home/neorobot/ros2_ws/build/neo_robot_safety -- -j4 -l4
